Component: ARM Compiler 5.06 update 6 (build 750) Tool: armlink [4d35ed]

==============================================================================

Section Cross References

    startup_stm32f429_439xx.o(RESET) refers to startup_stm32f429_439xx.o(STACK) for __initial_sp
    startup_stm32f429_439xx.o(RESET) refers to startup_stm32f429_439xx.o(.text) for Reset_Handler
    startup_stm32f429_439xx.o(RESET) refers to stm32f4xx_it.o(i.NMI_Handler) for NMI_Handler
    startup_stm32f429_439xx.o(RESET) refers to context_rvds.o(.text) for HardFault_Handler
    startup_stm32f429_439xx.o(RESET) refers to stm32f4xx_it.o(i.MemManage_Handler) for MemManage_Handler
    startup_stm32f429_439xx.o(RESET) refers to stm32f4xx_it.o(i.BusFault_Handler) for BusFault_Handler
    startup_stm32f429_439xx.o(RESET) refers to stm32f4xx_it.o(i.UsageFault_Handler) for UsageFault_Handler
    startup_stm32f429_439xx.o(RESET) refers to stm32f4xx_it.o(i.SVC_Handler) for SVC_Handler
    startup_stm32f429_439xx.o(RESET) refers to stm32f4xx_it.o(i.DebugMon_Handler) for DebugMon_Handler
    startup_stm32f429_439xx.o(RESET) refers to board.o(i.SysTick_Handler) for SysTick_Handler
    startup_stm32f429_439xx.o(.text) refers to system_stm32f4xx.o(i.SystemInit) for SystemInit
    startup_stm32f429_439xx.o(.text) refers to entry.o(.ARM.Collect$$$$00000000) for __main
    system_stm32f4xx.o(i.SystemCoreClockUpdate) refers to system_stm32f4xx.o(.data) for .data
    system_stm32f4xx.o(i.SystemInit) refers to system_stm32f4xx.o(i.SetSysClock) for SetSysClock
    stm32f4xx_adc.o(i.ADC_DeInit) refers to stm32f4xx_rcc.o(i.RCC_APB2PeriphResetCmd) for RCC_APB2PeriphResetCmd
    stm32f4xx_can.o(i.CAN_DeInit) refers to stm32f4xx_rcc.o(i.RCC_APB1PeriphResetCmd) for RCC_APB1PeriphResetCmd
    stm32f4xx_can.o(i.CAN_GetITStatus) refers to stm32f4xx_can.o(i.CheckITStatus) for CheckITStatus
    stm32f4xx_cryp.o(i.CRYP_DeInit) refers to stm32f4xx_rcc.o(i.RCC_AHB2PeriphResetCmd) for RCC_AHB2PeriphResetCmd
    stm32f4xx_cryp_aes.o(i.CRYP_AES_CBC) refers to stm32f4xx_cryp.o(i.CRYP_KeyStructInit) for CRYP_KeyStructInit
    stm32f4xx_cryp_aes.o(i.CRYP_AES_CBC) refers to stm32f4xx_cryp.o(i.CRYP_KeyInit) for CRYP_KeyInit
    stm32f4xx_cryp_aes.o(i.CRYP_AES_CBC) refers to stm32f4xx_cryp.o(i.CRYP_Init) for CRYP_Init
    stm32f4xx_cryp_aes.o(i.CRYP_AES_CBC) refers to stm32f4xx_cryp.o(i.CRYP_IVInit) for CRYP_IVInit
    stm32f4xx_cryp_aes.o(i.CRYP_AES_CBC) refers to stm32f4xx_cryp.o(i.CRYP_FIFOFlush) for CRYP_FIFOFlush
    stm32f4xx_cryp_aes.o(i.CRYP_AES_CBC) refers to stm32f4xx_cryp.o(i.CRYP_Cmd) for CRYP_Cmd
    stm32f4xx_cryp_aes.o(i.CRYP_AES_CBC) refers to stm32f4xx_cryp.o(i.CRYP_GetCmdStatus) for CRYP_GetCmdStatus
    stm32f4xx_cryp_aes.o(i.CRYP_AES_CBC) refers to stm32f4xx_cryp.o(i.CRYP_GetFlagStatus) for CRYP_GetFlagStatus
    stm32f4xx_cryp_aes.o(i.CRYP_AES_CBC) refers to stm32f4xx_cryp.o(i.CRYP_DataIn) for CRYP_DataIn
    stm32f4xx_cryp_aes.o(i.CRYP_AES_CBC) refers to stm32f4xx_cryp.o(i.CRYP_DataOut) for CRYP_DataOut
    stm32f4xx_cryp_aes.o(i.CRYP_AES_CCM) refers to stm32f4xx_cryp.o(i.CRYP_KeyStructInit) for CRYP_KeyStructInit
    stm32f4xx_cryp_aes.o(i.CRYP_AES_CCM) refers to stm32f4xx_cryp.o(i.CRYP_FIFOFlush) for CRYP_FIFOFlush
    stm32f4xx_cryp_aes.o(i.CRYP_AES_CCM) refers to stm32f4xx_cryp.o(i.CRYP_KeyInit) for CRYP_KeyInit
    stm32f4xx_cryp_aes.o(i.CRYP_AES_CCM) refers to stm32f4xx_cryp.o(i.CRYP_IVInit) for CRYP_IVInit
    stm32f4xx_cryp_aes.o(i.CRYP_AES_CCM) refers to stm32f4xx_cryp.o(i.CRYP_Init) for CRYP_Init
    stm32f4xx_cryp_aes.o(i.CRYP_AES_CCM) refers to stm32f4xx_cryp.o(i.CRYP_PhaseConfig) for CRYP_PhaseConfig
    stm32f4xx_cryp_aes.o(i.CRYP_AES_CCM) refers to stm32f4xx_cryp.o(i.CRYP_DataIn) for CRYP_DataIn
    stm32f4xx_cryp_aes.o(i.CRYP_AES_CCM) refers to stm32f4xx_cryp.o(i.CRYP_Cmd) for CRYP_Cmd
    stm32f4xx_cryp_aes.o(i.CRYP_AES_CCM) refers to stm32f4xx_cryp.o(i.CRYP_GetCmdStatus) for CRYP_GetCmdStatus
    stm32f4xx_cryp_aes.o(i.CRYP_AES_CCM) refers to stm32f4xx_cryp.o(i.CRYP_GetFlagStatus) for CRYP_GetFlagStatus
    stm32f4xx_cryp_aes.o(i.CRYP_AES_CCM) refers to stm32f4xx_cryp.o(i.CRYP_DataOut) for CRYP_DataOut
    stm32f4xx_cryp_aes.o(i.CRYP_AES_CTR) refers to stm32f4xx_cryp.o(i.CRYP_KeyStructInit) for CRYP_KeyStructInit
    stm32f4xx_cryp_aes.o(i.CRYP_AES_CTR) refers to stm32f4xx_cryp.o(i.CRYP_KeyInit) for CRYP_KeyInit
    stm32f4xx_cryp_aes.o(i.CRYP_AES_CTR) refers to stm32f4xx_cryp.o(i.CRYP_Init) for CRYP_Init
    stm32f4xx_cryp_aes.o(i.CRYP_AES_CTR) refers to stm32f4xx_cryp.o(i.CRYP_IVInit) for CRYP_IVInit
    stm32f4xx_cryp_aes.o(i.CRYP_AES_CTR) refers to stm32f4xx_cryp.o(i.CRYP_FIFOFlush) for CRYP_FIFOFlush
    stm32f4xx_cryp_aes.o(i.CRYP_AES_CTR) refers to stm32f4xx_cryp.o(i.CRYP_Cmd) for CRYP_Cmd
    stm32f4xx_cryp_aes.o(i.CRYP_AES_CTR) refers to stm32f4xx_cryp.o(i.CRYP_GetCmdStatus) for CRYP_GetCmdStatus
    stm32f4xx_cryp_aes.o(i.CRYP_AES_CTR) refers to stm32f4xx_cryp.o(i.CRYP_DataIn) for CRYP_DataIn
[...]
    Removing stm32f4xx_tim.o(i.TIM_ETRClockMode1Config), (32 bytes).
    Removing stm32f4xx_tim.o(i.TIM_ETRClockMode2Config), (20 bytes).
    Removing stm32f4xx_tim.o(i.TIM_ETRConfig), (24 bytes).
    Removing stm32f4xx_tim.o(i.TIM_EncoderInterfaceConfig), (50 bytes).
    Removing stm32f4xx_tim.o(i.TIM_ForcedOC1Config), (12 bytes).
    Removing stm32f4xx_tim.o(i.TIM_ForcedOC2Config), (20 bytes).
    Removing stm32f4xx_tim.o(i.TIM_ForcedOC3Config), (12 bytes).
    Removing stm32f4xx_tim.o(i.TIM_ForcedOC4Config), (20 bytes).
    Removing stm32f4xx_tim.o(i.TIM_GenerateEvent), (4 bytes).
    Removing stm32f4xx_tim.o(i.TIM_GetCapture1), (4 bytes).
    Removing stm32f4xx_tim.o(i.TIM_GetCapture2), (4 bytes).
    Removing stm32f4xx_tim.o(i.TIM_GetCapture3), (4 bytes).
    Removing stm32f4xx_tim.o(i.TIM_GetCapture4), (4 bytes).
    Removing stm32f4xx_tim.o(i.TIM_GetCounter), (4 bytes).
    Removing stm32f4xx_tim.o(i.TIM_GetFlagStatus), (14 bytes).
    Removing stm32f4xx_tim.o(i.TIM_GetITStatus), (24 bytes).
    Removing stm32f4xx_tim.o(i.TIM_GetPrescaler), (4 bytes).
    Removing stm32f4xx_tim.o(i.TIM_ICInit), (98 bytes).
    Removing stm32f4xx_tim.o(i.TIM_ICStructInit), (16 bytes).
    Removing stm32f4xx_tim.o(i.TIM_ITConfig), (20 bytes).
    Removing stm32f4xx_tim.o(i.TIM_ITRxExternalClockConfig), (20 bytes).
    Removing stm32f4xx_tim.o(i.TIM_InternalClockConfig), (10 bytes).
    Removing stm32f4xx_tim.o(i.TIM_OC1FastConfig), (12 bytes).
    Removing stm32f4xx_tim.o(i.TIM_OC1Init), (104 bytes).
    Removing stm32f4xx_tim.o(i.TIM_OC1NPolarityConfig), (12 bytes).
    Removing stm32f4xx_tim.o(i.TIM_OC1PolarityConfig), (12 bytes).
    Removing stm32f4xx_tim.o(i.TIM_OC1PreloadConfig), (12 bytes).
    Removing stm32f4xx_tim.o(i.TIM_OC2FastConfig), (20 bytes).
    Removing stm32f4xx_tim.o(i.TIM_OC2Init), (136 bytes).
    Removing stm32f4xx_tim.o(i.TIM_OC2NPolarityConfig), (20 bytes).
    Removing stm32f4xx_tim.o(i.TIM_OC2PolarityConfig), (20 bytes).
    Removing stm32f4xx_tim.o(i.TIM_OC2PreloadConfig), (20 bytes).
    Removing stm32f4xx_tim.o(i.TIM_OC3FastConfig), (12 bytes).
    Removing stm32f4xx_tim.o(i.TIM_OC3Init), (132 bytes).
    Removing stm32f4xx_tim.o(i.TIM_OC3NPolarityConfig), (20 bytes).
    Removing stm32f4xx_tim.o(i.TIM_OC3PolarityConfig), (20 bytes).
    Removing stm32f4xx_tim.o(i.TIM_OC3PreloadConfig), (12 bytes).
    Removing stm32f4xx_tim.o(i.TIM_OC4FastConfig), (20 bytes).
    Removing stm32f4xx_tim.o(i.TIM_OC4Init), (100 bytes).
    Removing stm32f4xx_tim.o(i.TIM_OC4PolarityConfig), (20 bytes).
    Removing stm32f4xx_tim.o(i.TIM_OC4PreloadConfig), (20 bytes).
    Removing stm32f4xx_tim.o(i.TIM_OCStructInit), (20 bytes).
    Removing stm32f4xx_tim.o(i.TIM_PWMIConfig), (110 bytes).
    Removing stm32f4xx_tim.o(i.TIM_PrescalerConfig), (6 bytes).
    Removing stm32f4xx_tim.o(i.TIM_RemapConfig), (6 bytes).
    Removing stm32f4xx_tim.o(i.TIM_SelectCCDMA), (24 bytes).
    Removing stm32f4xx_tim.o(i.TIM_SelectCOM), (24 bytes).
    Removing stm32f4xx_tim.o(i.TIM_SelectHallSensor), (24 bytes).
    Removing stm32f4xx_tim.o(i.TIM_SelectInputTrigger), (12 bytes).
    Removing stm32f4xx_tim.o(i.TIM_SelectMasterSlaveMode), (16 bytes).
    Removing stm32f4xx_tim.o(i.TIM_SelectOCxM), (80 bytes).
    Removing stm32f4xx_tim.o(i.TIM_SelectOnePulseMode), (16 bytes).
    Removing stm32f4xx_tim.o(i.TIM_SelectOutputTrigger), (16 bytes).
    Removing stm32f4xx_tim.o(i.TIM_SelectSlaveMode), (16 bytes).
    Removing stm32f4xx_tim.o(i.TIM_SetAutoreload), (4 bytes).
    Removing stm32f4xx_tim.o(i.TIM_SetClockDivision), (16 bytes).
    Removing stm32f4xx_tim.o(i.TIM_SetCompare1), (4 bytes).
    Removing stm32f4xx_tim.o(i.TIM_SetCompare2), (4 bytes).
    Removing stm32f4xx_tim.o(i.TIM_SetCompare3), (4 bytes).
    Removing stm32f4xx_tim.o(i.TIM_SetCompare4), (4 bytes).
    Removing stm32f4xx_tim.o(i.TIM_SetCounter), (4 bytes).
    Removing stm32f4xx_tim.o(i.TIM_SetIC1Prescaler), (16 bytes).
    Removing stm32f4xx_tim.o(i.TIM_SetIC2Prescaler), (24 bytes).
    Removing stm32f4xx_tim.o(i.TIM_SetIC3Prescaler), (16 bytes).
    Removing stm32f4xx_tim.o(i.TIM_SetIC4Prescaler), (24 bytes).
    Removing stm32f4xx_tim.o(i.TIM_TIxExternalClockConfig), (48 bytes).
    Removing stm32f4xx_tim.o(i.TIM_TimeBaseInit), (124 bytes).
    Removing stm32f4xx_tim.o(i.TIM_TimeBaseStructInit), (18 bytes).
    Removing stm32f4xx_tim.o(i.TIM_UpdateDisableConfig), (24 bytes).
    Removing stm32f4xx_tim.o(i.TIM_UpdateRequestConfig), (24 bytes).
    Removing stm32f4xx_usart.o(.rev16_text), (4 bytes).
    Removing stm32f4xx_usart.o(.revsh_text), (4 bytes).
    Removing stm32f4xx_usart.o(.rrx_text), (6 bytes).
    Removing stm32f4xx_usart.o(i.USART_ClearFlag), (8 bytes).
    Removing stm32f4xx_usart.o(i.USART_ClearITPendingBit), (16 bytes).
    Removing stm32f4xx_usart.o(i.USART_ClockInit), (28 bytes).
    Removing stm32f4xx_usart.o(i.USART_ClockStructInit), (12 bytes).
    Removing stm32f4xx_usart.o(i.USART_Cmd), (24 bytes).
    Removing stm32f4xx_usart.o(i.USART_DMACmd), (20 bytes).
    Removing stm32f4xx_usart.o(i.USART_DeInit), (256 bytes).
    Removing stm32f4xx_usart.o(i.USART_GetFlagStatus), (14 bytes).
    Removing stm32f4xx_usart.o(i.USART_GetITStatus), (64 bytes).
    Removing stm32f4xx_usart.o(i.USART_HalfDuplexCmd), (24 bytes).
    Removing stm32f4xx_usart.o(i.USART_ITConfig), (54 bytes).
    Removing stm32f4xx_usart.o(i.USART_Init), (188 bytes).
    Removing stm32f4xx_usart.o(i.USART_IrDACmd), (24 bytes).
    Removing stm32f4xx_usart.o(i.USART_IrDAConfig), (16 bytes).
    Removing stm32f4xx_usart.o(i.USART_LINBreakDetectLengthConfig), (16 bytes).
    Removing stm32f4xx_usart.o(i.USART_LINCmd), (24 bytes).
    Removing stm32f4xx_usart.o(i.USART_OneBitMethodCmd), (24 bytes).
    Removing stm32f4xx_usart.o(i.USART_OverSampling8Cmd), (24 bytes).
    Removing stm32f4xx_usart.o(i.USART_ReceiveData), (8 bytes).
    Removing stm32f4xx_usart.o(i.USART_ReceiverWakeUpCmd), (24 bytes).
    Removing stm32f4xx_usart.o(i.USART_SendBreak), (10 bytes).
    Removing stm32f4xx_usart.o(i.USART_SendData), (8 bytes).
    Removing stm32f4xx_usart.o(i.USART_SetAddress), (16 bytes).
    Removing stm32f4xx_usart.o(i.USART_SetGuardTime), (16 bytes).
    Removing stm32f4xx_usart.o(i.USART_SetPrescaler), (16 bytes).
    Removing stm32f4xx_usart.o(i.USART_SmartCardCmd), (24 bytes).
    Removing stm32f4xx_usart.o(i.USART_SmartCardNACKCmd), (24 bytes).
    Removing stm32f4xx_usart.o(i.USART_StructInit), (22 bytes).
    Removing stm32f4xx_usart.o(i.USART_WakeUpConfig), (16 bytes).
    Removing stm32f4xx_wwdg.o(.rev16_text), (4 bytes).
    Removing stm32f4xx_wwdg.o(.revsh_text), (4 bytes).
    Removing stm32f4xx_wwdg.o(.rrx_text), (6 bytes).
    Removing stm32f4xx_wwdg.o(i.WWDG_ClearFlag), (12 bytes).
    Removing stm32f4xx_wwdg.o(i.WWDG_DeInit), (24 bytes).
    Removing stm32f4xx_wwdg.o(i.WWDG_Enable), (16 bytes).
    Removing stm32f4xx_wwdg.o(i.WWDG_EnableIT), (12 bytes).
    Removing stm32f4xx_wwdg.o(i.WWDG_GetFlagStatus), (20 bytes).
    Removing stm32f4xx_wwdg.o(i.WWDG_SetCounter), (16 bytes).
    Removing stm32f4xx_wwdg.o(i.WWDG_SetPrescaler), (20 bytes).
    Removing stm32f4xx_wwdg.o(i.WWDG_SetWindowValue), (32 bytes).
    Removing main.o(.rev16_text), (4 bytes).
    Removing main.o(.revsh_text), (4 bytes).
    Removing main.o(.rrx_text), (6 bytes).
    Removing stm32f4xx_it.o(.rev16_text), (4 bytes).
    Removing stm32f4xx_it.o(.revsh_text), (4 bytes).
    Removing stm32f4xx_it.o(.rrx_text), (6 bytes).
    Removing stm32f4xx_it.o(i.HardFault_Handler), (2 bytes).
    Removing stm32f4xx_it.o(i.PendSV_Handler), (2 bytes).
    Removing stm32f4xx_it.o(i.SysTick_Handler), (2 bytes).
    Removing bsp_led.o(.rev16_text), (4 bytes).
    Removing bsp_led.o(.revsh_text), (4 bytes).
    Removing bsp_led.o(.rrx_text), (6 bytes).
    Removing board.o(.rev16_text), (4 bytes).
    Removing board.o(.revsh_text), (4 bytes).
    Removing board.o(.rrx_text), (6 bytes).
    Removing clock.o(i.rt_system_tick_init), (2 bytes).
    Removing clock.o(i.rt_tick_from_millisecond), (34 bytes).
    Removing clock.o(i.rt_tick_set), (24 bytes).
    Removing idle.o(i.rt_thread_idle_gethandler), (8 bytes).
    Removing ipc.o(i.rt_ipc_list_resume_all), (46 bytes).
    Removing ipc.o(i.rt_mb_control), (96 bytes).
    Removing ipc.o(i.rt_mb_create), (168 bytes).
    Removing ipc.o(i.rt_mb_delete), (152 bytes).
    Removing ipc.o(i.rt_mb_detach), (68 bytes).
    Removing ipc.o(i.rt_mb_init), (92 bytes).
    Removing ipc.o(i.rt_mb_recv), (464 bytes).
    Removing ipc.o(i.rt_mb_send), (6 bytes).
    Removing ipc.o(i.rt_mb_send_wait), (460 bytes).
    Removing ipc.o(i.rt_sem_control), (84 bytes).
    Removing ipc.o(i.rt_sem_create), (124 bytes).
    Removing ipc.o(i.rt_sem_delete), (140 bytes).
    Removing ipc.o(i.rt_sem_detach), (56 bytes).
    Removing ipc.o(i.rt_sem_trytake), (6 bytes).
    Removing kservice.o(i._rt_errno), (32 bytes).
    Removing kservice.o(i.rt_assert_set_hook), (12 bytes).
    Removing kservice.o(i.rt_free_align), (8 bytes).
    Removing kservice.o(i.rt_get_errno), (32 bytes).
    Removing kservice.o(i.rt_kputs), (12 bytes).
    Removing kservice.o(i.rt_malloc_align), (50 bytes).
    Removing kservice.o(i.rt_memcmp), (28 bytes).
    Removing kservice.o(i.rt_memcpy), (78 bytes).
    Removing kservice.o(i.rt_memmove), (52 bytes).
    Removing kservice.o(i.rt_set_errno), (36 bytes).
    Removing kservice.o(i.rt_snprintf), (18 bytes).
    Removing kservice.o(i.rt_sprintf), (18 bytes).
    Removing kservice.o(i.rt_strcasecmp), (42 bytes).
    Removing kservice.o(i.rt_strcmp), (24 bytes).
    Removing kservice.o(i.rt_strdup), (40 bytes).
    Removing kservice.o(i.rt_strncmp), (32 bytes).
    Removing kservice.o(i.rt_strnlen), (20 bytes).
    Removing kservice.o(i.rt_strstr), (60 bytes).
    Removing kservice.o(i.rt_vsprintf), (18 bytes).
    Removing mem.o(i.rt_calloc), (120 bytes).
    Removing mem.o(i.rt_memory_info), (32 bytes).
    Removing mem.o(i.rt_realloc), (328 bytes).
    Removing object.o(i.rt_object_find), (204 bytes).
    Removing object.o(i.rt_system_object_init), (2 bytes).
    Removing scheduler.o(i.rt_critical_level), (12 bytes).
    Removing thread.o(i.rt_thread_control), (148 bytes).
    Removing thread.o(i.rt_thread_delete), (104 bytes).
    Removing thread.o(i.rt_thread_detach), (112 bytes).
    Removing thread.o(i.rt_thread_find), (124 bytes).
    Removing timer.o(i.rt_timer_create), (48 bytes).
    Removing timer.o(i.rt_timer_delete), (72 bytes).
    Removing timer.o(i.rt_timer_list_next_timeout), (24 bytes).
    Removing timer.o(i.rt_timer_next_timeout_tick), (12 bytes).
    Removing cpuport.o(i.rt_hw_cpu_shutdown), (48 bytes).
    Removing cpuport.o(i.rt_hw_exception_install), (12 bytes).
    Removing cpuport.o(.constdata), (19 bytes).

904 unused section(s) (total 36031 bytes) removed from the image.

==============================================================================

Image Symbol Table

    Local Symbols

    Symbol Name                              Value     Ov Type        Size  Object(Section)

    ../clib/microlib/init/entry.s            0x00000000   Number         0  entry8b.o ABSOLUTE
    ../clib/microlib/init/entry.s            0x00000000   Number         0  entry5.o ABSOLUTE
    ../clib/microlib/init/entry.s            0x00000000   Number         0  entry9a.o ABSOLUTE
    ../clib/microlib/init/entry.s            0x00000000   Number         0  entry7b.o ABSOLUTE
    ../clib/microlib/init/entry.s            0x00000000   Number         0  entry9b.o ABSOLUTE
    ../clib/microlib/init/entry.s            0x00000000   Number         0  entry.o ABSOLUTE
    ../clib/microlib/init/entry.s            0x00000000   Number         0  entry7a.o ABSOLUTE
    ../clib/microlib/init/entry.s            0x00000000   Number         0  entry10a.o ABSOLUTE
    ../clib/microlib/init/entry.s            0x00000000   Number         0  entry8a.o ABSOLUTE
    ../clib/microlib/init/entry.s            0x00000000   Number         0  entry10b.o ABSOLUTE
    ../clib/microlib/init/entry.s            0x00000000   Number         0  entry11a.o ABSOLUTE
    ../clib/microlib/init/entry.s            0x00000000   Number         0  entry2.o ABSOLUTE
    ../clib/microlib/init/entry.s            0x00000000   Number         0  entry11b.o ABSOLUTE
    ..\..\Libraries\CMSIS\Device\ST\STM32F4xx\Source\Templates\arm\startup_stm32f429_439xx.s 0x00000000   Number         0  startup_stm32f429_439xx.o ABSOLUTE
    ..\..\Libraries\CMSIS\Device\ST\STM32F4xx\Source\Templates\system_stm32f4xx.c 0x00000000   Number         0  system_stm32f4xx.o ABSOLUTE
    ..\..\Libraries\STM32F4xx_StdPeriph_Driver\src\misc.c 0x00000000   Number         0  misc.o ABSOLUTE
    ..\..\Libraries\STM32F4xx_StdPeriph_Driver\src\stm32f4xx_adc.c 0x00000000   Number         0  stm32f4xx_adc.o ABSOLUTE
    ..\..\Libraries\STM32F4xx_StdPeriph_Driver\src\stm32f4xx_can.c 0x00000000   Number         0  stm32f4xx_can.o ABSOLUTE
    ..\..\Libraries\STM32F4xx_StdPeriph_Driver\src\stm32f4xx_cec.c 0x00000000   Number         0  stm32f4xx_cec.o ABSOLUTE
    ..\..\Libraries\STM32F4xx_StdPeriph_Driver\src\stm32f4xx_crc.c 0x00000000   Number         0  stm32f4xx_crc.o ABSOLUTE
    ..\..\Libraries\STM32F4xx_StdPeriph_Driver\src\stm32f4xx_cryp.c 0x00000000   Number         0  stm32f4xx_cryp.o ABSOLUTE
    ..\..\Libraries\STM32F4xx_StdPeriph_Driver\src\stm32f4xx_cryp_aes.c 0x00000000   Number         0  stm32f4xx_cryp_aes.o ABSOLUTE
    ..\..\Libraries\STM32F4xx_StdPeriph_Driver\src\stm32f4xx_cryp_des.c 0x00000000   Number         0  stm32f4xx_cryp_des.o ABSOLUTE
    ..\..\Libraries\STM32F4xx_StdPeriph_Driver\src\stm32f4xx_cryp_tdes.c 0x00000000   Number         0  stm32f4xx_cryp_tdes.o ABSOLUTE
    ..\..\Libraries\STM32F4xx_StdPeriph_Driver\src\stm32f4xx_dac.c 0x00000000   Number         0  stm32f4xx_dac.o ABSOLUTE
    ..\..\Libraries\STM32F4xx_StdPeriph_Driver\src\stm32f4xx_dbgmcu.c 0x00000000   Number         0  stm32f4xx_dbgmcu.o ABSOLUTE
    ..\..\Libraries\STM32F4xx_StdPeriph_Driver\src\stm32f4xx_dcmi.c 0x00000000   Number         0  stm32f4xx_dcmi.o ABSOLUTE
    ..\..\Libraries\STM32F4xx_StdPeriph_Driver\src\stm32f4xx_dma.c 0x00000000   Number         0  stm32f4xx_dma.o ABSOLUTE
    ..\..\Libraries\STM32F4xx_StdPeriph_Driver\src\stm32f4xx_dma2d.c 0x00000000   Number         0  stm32f4xx_dma2d.o ABSOLUTE
    ..\..\Libraries\STM32F4xx_StdPeriph_Driver\src\stm32f4xx_exti.c 0x00000000   Number         0  stm32f4xx_exti.o ABSOLUTE
    ..\..\Libraries\STM32F4xx_StdPeriph_Driver\src\stm32f4xx_flash.c 0x00000000   Number         0  stm32f4xx_flash.o ABSOLUTE
    ..\..\Libraries\STM32F4xx_StdPeriph_Driver\src\stm32f4xx_flash_ramfunc.c 0x00000000   Number         0  stm32f4xx_flash_ramfunc.o ABSOLUTE
    ..\..\Libraries\STM32F4xx_StdPeriph_Driver\src\stm32f4xx_fmc.c 0x00000000   Number         0  stm32f4xx_fmc.o ABSOLUTE
    ..\..\Libraries\STM32F4xx_StdPeriph_Driver\src\stm32f4xx_fmpi2c.c 0x00000000   Number         0  stm32f4xx_fmpi2c.o ABSOLUTE
    ..\..\Libraries\STM32F4xx_StdPeriph_Driver\src\stm32f4xx_gpio.c 0x00000000   Number         0  stm32f4xx_gpio.o ABSOLUTE
    ..\..\Libraries\STM32F4xx_StdPeriph_Driver\src\stm32f4xx_hash.c 0x00000000   Number         0  stm32f4xx_hash.o ABSOLUTE
    ..\..\Libraries\STM32F4xx_StdPeriph_Driver\src\stm32f4xx_hash_md5.c 0x00000000   Number         0  stm32f4xx_hash_md5.o ABSOLUTE
    ..\..\Libraries\STM32F4xx_StdPeriph_Driver\src\stm32f4xx_hash_sha1.c 0x00000000   Number         0  stm32f4xx_hash_sha1.o ABSOLUTE
    ..\..\Libraries\STM32F4xx_StdPeriph_Driver\src\stm32f4xx_i2c.c 0x00000000   Number         0  stm32f4xx_i2c.o ABSOLUTE
    ..\..\Libraries\STM32F4xx_StdPeriph_Driver\src\stm32f4xx_iwdg.c 0x00000000   Number         0  stm32f4xx_iwdg.o ABSOLUTE
    ..\..\Libraries\STM32F4xx_StdPeriph_Driver\src\stm32f4xx_ltdc.c 0x00000000   Number         0  stm32f4xx_ltdc.o ABSOLUTE
    ..\..\Libraries\STM32F4xx_StdPeriph_Driver\src\stm32f4xx_pwr.c 0x00000000   Number         0  stm32f4xx_pwr.o ABSOLUTE
    ..\..\Libraries\STM32F4xx_StdPeriph_Driver\src\stm32f4xx_qspi.c 0x00000000   Number         0  stm32f4xx_qspi.o ABSOLUTE
    ..\..\Libraries\STM32F4xx_StdPeriph_Driver\src\stm32f4xx_rcc.c 0x00000000   Number         0  stm32f4xx_rcc.o ABSOLUTE
    ..\..\Libraries\STM32F4xx_StdPeriph_Driver\src\stm32f4xx_rng.c 0x00000000   Number         0  stm32f4xx_rng.o ABSOLUTE
    ..\..\Libraries\STM32F4xx_StdPeriph_Driver\src\stm32f4xx_rtc.c 0x00000000   Number         0  stm32f4xx_rtc.o ABSOLUTE
    ..\..\Libraries\STM32F4xx_StdPeriph_Driver\src\stm32f4xx_sai.c 0x00000000   Number         0  stm32f4xx_sai.o ABSOLUTE
    ..\..\Libraries\STM32F4xx_StdPeriph_Driver\src\stm32f4xx_sdio.c 0x00000000   Number         0  stm32f4xx_sdio.o ABSOLUTE
    ..\..\Libraries\STM32F4xx_StdPeriph_Driver\src\stm32f4xx_spdifrx.c 0x00000000   Number         0  stm32f4xx_spdifrx.o ABSOLUTE
    ..\..\Libraries\STM32F4xx_StdPeriph_Driver\src\stm32f4xx_spi.c 0x00000000   Number         0  stm32f4xx_spi.o ABSOLUTE
    ..\..\Libraries\STM32F4xx_StdPeriph_Driver\src\stm32f4xx_syscfg.c 0x00000000   Number         0  stm32f4xx_syscfg.o ABSOLUTE
    ..\..\Libraries\STM32F4xx_StdPeriph_Driver\src\stm32f4xx_tim.c 0x00000000   Number         0  stm32f4xx_tim.o ABSOLUTE
    ..\..\Libraries\STM32F4xx_StdPeriph_Driver\src\stm32f4xx_usart.c 0x00000000   Number         0  stm32f4xx_usart.o ABSOLUTE
    ..\..\Libraries\STM32F4xx_StdPeriph_Driver\src\stm32f4xx_wwdg.c 0x00000000   Number         0  stm32f4xx_wwdg.o ABSOLUTE
    ..\..\User\board.c                       0x00000000   Number         0  board.o ABSOLUTE
    ..\..\User\led\bsp_led.c                 0x00000000   Number         0  bsp_led.o ABSOLUTE
    ..\..\User\main.c                        0x00000000   Number         0  main.o ABSOLUTE
    ..\..\User\stm32f4xx_it.c                0x00000000   Number         0  stm32f4xx_it.o ABSOLUTE
    ..\..\rt-thread\3.0.3\libcpu\arm\cortex-m4\context_rvds.S 0x00000000   Number         0  context_rvds.o ABSOLUTE
    ..\..\rt-thread\3.0.3\libcpu\arm\cortex-m4\cpuport.c 0x00000000   Number         0  cpuport.o ABSOLUTE
    ..\..\rt-thread\3.0.3\src\clock.c        0x00000000   Number         0  clock.o ABSOLUTE
    ..\..\rt-thread\3.0.3\src\components.c   0x00000000   Number         0  components.o ABSOLUTE
    ..\..\rt-thread\3.0.3\src\device.c       0x00000000   Number         0  device.o ABSOLUTE
    ..\..\rt-thread\3.0.3\src\idle.c         0x00000000   Number         0  idle.o ABSOLUTE
    ..\..\rt-thread\3.0.3\src\ipc.c          0x00000000   Number         0  ipc.o ABSOLUTE
    ..\..\rt-thread\3.0.3\src\irq.c          0x00000000   Number         0  irq.o ABSOLUTE
    ..\..\rt-thread\3.0.3\src\kservice.c     0x00000000   Number         0  kservice.o ABSOLUTE
    ..\..\rt-thread\3.0.3\src\mem.c          0x00000000   Number         0  mem.o ABSOLUTE
    ..\..\rt-thread\3.0.3\src\memheap.c      0x00000000   Number         0  memheap.o ABSOLUTE
    ..\..\rt-thread\3.0.3\src\mempool.c      0x00000000   Number         0  mempool.o ABSOLUTE
    ..\..\rt-thread\3.0.3\src\object.c       0x00000000   Number         0  object.o ABSOLUTE
    ..\..\rt-thread\3.0.3\src\scheduler.c    0x00000000   Number         0  scheduler.o ABSOLUTE
    ..\..\rt-thread\3.0.3\src\signal.c       0x00000000   Number         0  signal.o ABSOLUTE
    ..\..\rt-thread\3.0.3\src\thread.c       0x00000000   Number         0  thread.o ABSOLUTE
    ..\..\rt-thread\3.0.3\src\timer.c        0x00000000   Number         0  timer.o ABSOLUTE
    ..\\..\\Libraries\\CMSIS\\Device\\ST\\STM32F4xx\\Source\\Templates\\system_stm32f4xx.c 0x00000000   Number         0  system_stm32f4xx.o ABSOLUTE
    ..\\..\\Libraries\\STM32F4xx_StdPeriph_Driver\\src\\misc.c 0x00000000   Number         0  misc.o ABSOLUTE
    ..\\..\\Libraries\\STM32F4xx_StdPeriph_Driver\\src\\stm32f4xx_adc.c 0x00000000   Number         0  stm32f4xx_adc.o ABSOLUTE
    ..\\..\\Libraries\\STM32F4xx_StdPeriph_Driver\\src\\stm32f4xx_can.c 0x00000000   Number         0  stm32f4xx_can.o ABSOLUTE
    ..\\..\\Libraries\\STM32F4xx_StdPeriph_Driver\\src\\stm32f4xx_cec.c 0x00000000   Number         0  stm32f4xx_cec.o ABSOLUTE
    ..\\..\\Libraries\\STM32F4xx_StdPeriph_Driver\\src\\stm32f4xx_crc.c 0x00000000   Number         0  stm32f4xx_crc.o ABSOLUTE
    ..\\..\\Libraries\\STM32F4xx_StdPeriph_Driver\\src\\stm32f4xx_cryp.c 0x00000000   Number         0  stm32f4xx_cryp.o ABSOLUTE
    ..\\..\\Libraries\\STM32F4xx_StdPeriph_Driver\\src\\stm32f4xx_cryp_aes.c 0x00000000   Number         0  stm32f4xx_cryp_aes.o ABSOLUTE
    ..\\..\\Libraries\\STM32F4xx_StdPeriph_Driver\\src\\stm32f4xx_cryp_des.c 0x00000000   Number         0  stm32f4xx_cryp_des.o ABSOLUTE
    ..\\..\\Libraries\\STM32F4xx_StdPeriph_Driver\\src\\stm32f4xx_cryp_tdes.c 0x00000000   Number         0  stm32f4xx_cryp_tdes.o ABSOLUTE
    ..\\..\\Libraries\\STM32F4xx_StdPeriph_Driver\\src\\stm32f4xx_dac.c 0x00000000   Number         0  stm32f4xx_dac.o ABSOLUTE
    ..\\..\\Libraries\\STM32F4xx_StdPeriph_Driver\\src\\stm32f4xx_dbgmcu.c 0x00000000   Number         0  stm32f4xx_dbgmcu.o ABSOLUTE
    ..\\..\\Libraries\\STM32F4xx_StdPeriph_Driver\\src\\stm32f4xx_dcmi.c 0x00000000   Number         0  stm32f4xx_dcmi.o ABSOLUTE
    ..\\..\\Libraries\\STM32F4xx_StdPeriph_Driver\\src\\stm32f4xx_dma.c 0x00000000   Number         0  stm32f4xx_dma.o ABSOLUTE
    ..\\..\\Libraries\\STM32F4xx_StdPeriph_Driver\\src\\stm32f4xx_dma2d.c 0x00000000   Number         0  stm32f4xx_dma2d.o ABSOLUTE
    ..\\..\\Libraries\\STM32F4xx_StdPeriph_Driver\\src\\stm32f4xx_exti.c 0x00000000   Number         0  stm32f4xx_exti.o ABSOLUTE
    ..\\..\\Libraries\\STM32F4xx_StdPeriph_Driver\\src\\stm32f4xx_flash.c 0x00000000   Number         0  stm32f4xx_flash.o ABSOLUTE
    ..\\..\\Libraries\\STM32F4xx_StdPeriph_Driver\\src\\stm32f4xx_flash_ramfunc.c 0x00000000   Number         0  stm32f4xx_flash_ramfunc.o ABSOLUTE
    ..\\..\\Libraries\\STM32F4xx_StdPeriph_Driver\\src\\stm32f4xx_fmc.c 0x00000000   Number         0  stm32f4xx_fmc.o ABSOLUTE
    ..\\..\\Libraries\\STM32F4xx_StdPeriph_Driver\\src\\stm32f4xx_fmpi2c.c 0x00000000   Number         0  stm32f4xx_fmpi2c.o ABSOLUTE
    ..\\..\\Libraries\\STM32F4xx_StdPeriph_Driver\\src\\stm32f4xx_gpio.c 0x00000000   Number         0  stm32f4xx_gpio.o ABSOLUTE
    ..\\..\\Libraries\\STM32F4xx_StdPeriph_Driver\\src\\stm32f4xx_hash.c 0x00000000   Number         0  stm32f4xx_hash.o ABSOLUTE
    ..\\..\\Libraries\\STM32F4xx_StdPeriph_Driver\\src\\stm32f4xx_hash_md5.c 0x00000000   Number         0  stm32f4xx_hash_md5.o ABSOLUTE
    ..\\..\\Libraries\\STM32F4xx_StdPeriph_Driver\\src\\stm32f4xx_hash_sha1.c 0x00000000   Number         0  stm32f4xx_hash_sha1.o ABSOLUTE
    ..\\..\\Libraries\\STM32F4xx_StdPeriph_Driver\\src\\stm32f4xx_i2c.c 0x00000000   Number         0  stm32f4xx_i2c.o ABSOLUTE
    ..\\..\\Libraries\\STM32F4xx_StdPeriph_Driver\\src\\stm32f4xx_iwdg.c 0x00000000   Number         0  stm32f4xx_iwdg.o ABSOLUTE
    ..\\..\\Libraries\\STM32F4xx_StdPeriph_Driver\\src\\stm32f4xx_ltdc.c 0x00000000   Number         0  stm32f4xx_ltdc.o ABSOLUTE
    ..\\..\\Libraries\\STM32F4xx_StdPeriph_Driver\\src\\stm32f4xx_pwr.c 0x00000000   Number         0  stm32f4xx_pwr.o ABSOLUTE
    ..\\..\\Libraries\\STM32F4xx_StdPeriph_Driver\\src\\stm32f4xx_qspi.c 0x00000000   Number         0  stm32f4xx_qspi.o ABSOLUTE
    ..\\..\\Libraries\\STM32F4xx_StdPeriph_Driver\\src\\stm32f4xx_rcc.c 0x00000000   Number         0  stm32f4xx_rcc.o ABSOLUTE
    ..\\..\\Libraries\\STM32F4xx_StdPeriph_Driver\\src\\stm32f4xx_rng.c 0x00000000   Number         0  stm32f4xx_rng.o ABSOLUTE
    ..\\..\\Libraries\\STM32F4xx_StdPeriph_Driver\\src\\stm32f4xx_rtc.c 0x00000000   Number         0  stm32f4xx_rtc.o ABSOLUTE
    ..\\..\\Libraries\\STM32F4xx_StdPeriph_Driver\\src\\stm32f4xx_sai.c 0x00000000   Number         0  stm32f4xx_sai.o ABSOLUTE
    ..\\..\\Libraries\\STM32F4xx_StdPeriph_Driver\\src\\stm32f4xx_sdio.c 0x00000000   Number         0  stm32f4xx_sdio.o ABSOLUTE
    ..\\..\\Libraries\\STM32F4xx_StdPeriph_Driver\\src\\stm32f4xx_spdifrx.c 0x00000000   Number         0  stm32f4xx_spdifrx.o ABSOLUTE
    ..\\..\\Libraries\\STM32F4xx_StdPeriph_Driver\\src\\stm32f4xx_spi.c 0x00000000   Number         0  stm32f4xx_spi.o ABSOLUTE
    ..\\..\\Libraries\\STM32F4xx_StdPeriph_Driver\\src\\stm32f4xx_syscfg.c 0x00000000   Number         0  stm32f4xx_syscfg.o ABSOLUTE
    ..\\..\\Libraries\\STM32F4xx_StdPeriph_Driver\\src\\stm32f4xx_tim.c 0x00000000   Number         0  stm32f4xx_tim.o ABSOLUTE
    ..\\..\\Libraries\\STM32F4xx_StdPeriph_Driver\\src\\stm32f4xx_usart.c 0x00000000   Number         0  stm32f4xx_usart.o ABSOLUTE
    ..\\..\\Libraries\\STM32F4xx_StdPeriph_Driver\\src\\stm32f4xx_wwdg.c 0x00000000   Number         0  stm32f4xx_wwdg.o ABSOLUTE
    ..\\..\\User\\board.c                    0x00000000   Number         0  board.o ABSOLUTE
    ..\\..\\User\\led\\bsp_led.c             0x00000000   Number         0  bsp_led.o ABSOLUTE
    ..\\..\\User\\main.c                     0x00000000   Number         0  main.o ABSOLUTE
    ..\\..\\User\\stm32f4xx_it.c             0x00000000   Number         0  stm32f4xx_it.o ABSOLUTE
    dc.s                                     0x00000000   Number         0  dc.o ABSOLUTE
    handlers.s                               0x00000000   Number         0  handlers.o ABSOLUTE
    init.s                                   0x00000000   Number         0  init.o ABSOLUTE
    RESET                                    0x08000000   Section      428  startup_stm32f429_439xx.o(RESET)
    .ARM.Collect$$$$00000000                 0x080001ac   Section        0  entry.o(.ARM.Collect$$$$00000000)
    .ARM.Collect$$$$00000001                 0x080001ac   Section        4  entry2.o(.ARM.Collect$$$$00000001)
    .ARM.Collect$$$$00000004                 0x080001b0   Section        4  entry5.o(.ARM.Collect$$$$00000004)
    .ARM.Collect$$$$00000008                 0x080001b4   Section        0  entry7b.o(.ARM.Collect$$$$00000008)
    .ARM.Collect$$$$0000000A                 0x080001b4   Section        0  entry8b.o(.ARM.Collect$$$$0000000A)
    .ARM.Collect$$$$0000000B                 0x080001b4   Section        8  entry9a.o(.ARM.Collect$$$$0000000B)
    .ARM.Collect$$$$0000000D                 0x080001bc   Section        0  entry10a.o(.ARM.Collect$$$$0000000D)
    .ARM.Collect$$$$0000000F                 0x080001bc   Section        0  entry11a.o(.ARM.Collect$$$$0000000F)
    .ARM.Collect$$$$00002712                 0x080001bc   Section        4  entry2.o(.ARM.Collect$$$$00002712)
    __lit__00000000                          0x080001bc   Data           4  entry2.o(.ARM.Collect$$$$00002712)
    .text                                    0x080001c0   Section       36  startup_stm32f429_439xx.o(.text)
    .text                                    0x080001e4   Section      212  context_rvds.o(.text)
    .text                                    0x080002b8   Section       36  init.o(.text)
    i.$Sub$$main                             0x080002dc   Section        0  components.o(i.$Sub$$main)
    i.BusFault_Handler                       0x080002ea   Section        0  stm32f4xx_it.o(i.BusFault_Handler)
    i.DebugMon_Handler                       0x080002ec   Section        0  stm32f4xx_it.o(i.DebugMon_Handler)
    i.GPIO_Init                              0x080002ee   Section        0  stm32f4xx_gpio.o(i.GPIO_Init)
    i.LED_GPIO_Config                        0x0800036c   Section        0  bsp_led.o(i.LED_GPIO_Config)
    i.MemManage_Handler                      0x080003c8   Section        0  stm32f4xx_it.o(i.MemManage_Handler)
    i.NMI_Handler                            0x080003ca   Section        0  stm32f4xx_it.o(i.NMI_Handler)
    i.RCC_AHB1PeriphClockCmd                 0x080003cc   Section        0  stm32f4xx_rcc.o(i.RCC_AHB1PeriphClockCmd)
    i.SVC_Handler                            0x080003e8   Section        0  stm32f4xx_it.o(i.SVC_Handler)
    i.SetSysClock                            0x080003ec   Section        0  system_stm32f4xx.o(i.SetSysClock)
    SetSysClock                              0x080003ed   Thumb Code   196  system_stm32f4xx.o(i.SetSysClock)
    i.SysTick_Handler                        0x080004c0   Section        0  board.o(i.SysTick_Handler)
    i.SystemInit                             0x080004d4   Section        0  system_stm32f4xx.o(i.SystemInit)
    i.UsageFault_Handler                     0x08000524   Section        0  stm32f4xx_it.o(i.UsageFault_Handler)
    i.__rt_ffs                               0x08000528   Section        0  kservice.o(i.__rt_ffs)
    i.__scatterload_copy                     0x08000570   Section       14  handlers.o(i.__scatterload_copy)
    i.__scatterload_null                     0x0800057e   Section        2  handlers.o(i.__scatterload_null)
    i.__scatterload_zeroinit                 0x08000580   Section       14  handlers.o(i.__scatterload_zeroinit)
    i._has_defunct_thread                    0x08000590   Section        0  idle.o(i._has_defunct_thread)
    _has_defunct_thread                      0x08000591   Thumb Code    16  idle.o(i._has_defunct_thread)
    i._rt_thread_init                        0x080005a4   Section        0  thread.o(i._rt_thread_init)
    _rt_thread_init                          0x080005a5   Thumb Code   122  thread.o(i._rt_thread_init)
    i._rt_timer_init                         0x08000650   Section        0  timer.o(i._rt_timer_init)
    _rt_timer_init                           0x08000651   Thumb Code    38  timer.o(i._rt_timer_init)
    i._rt_timer_remove                       0x08000676   Section        0  timer.o(i._rt_timer_remove)
    _rt_timer_remove                         0x08000677   Thumb Code    34  timer.o(i._rt_timer_remove)
    i.led1_thread_entry                      0x08000698   Section        0  main.o(i.led1_thread_entry)
    led1_thread_entry                        0x08000699   Thumb Code    30  main.o(i.led1_thread_entry)
    i.main                                   0x080006bc   Section        0  main.o(i.main)
    i.main_thread_entry                      0x080006fc   Section        0  components.o(i.main_thread_entry)
    i.plug_holes                             0x0800070c   Section        0  mem.o(i.plug_holes)
    plug_holes                               0x0800070d   Thumb Code   130  mem.o(i.plug_holes)
    i.print_number                           0x080007f4   Section        0  kservice.o(i.print_number)
    print_number                             0x080007f5   Thumb Code   292  kservice.o(i.print_number)
    i.rt_application_init                    0x0800091c   Section        0  components.o(i.rt_application_init)
    i.rt_assert_handler                      0x0800096c   Section        0  kservice.o(i.rt_assert_handler)
    i.rt_components_board_init               0x080009dc   Section        0  components.o(i.rt_components_board_init)
    i.rt_components_init                     0x080009f8   Section        0  components.o(i.rt_components_init)
    i.rt_enter_critical                      0x08000a14   Section        0  scheduler.o(i.rt_enter_critical)
    i.rt_exit_critical                       0x08000a30   Section        0  scheduler.o(i.rt_exit_critical)
    i.rt_free                                0x08000a60   Section        0  mem.o(i.rt_free)
    i.rt_heap_begin_get                      0x08000c24   Section        0  board.o(i.rt_heap_begin_get)
    i.rt_heap_end_get                        0x08000c2c   Section        0  board.o(i.rt_heap_end_get)
    i.rt_hw_board_init                       0x08000c34   Section        0  board.o(i.rt_hw_board_init)
    i.rt_hw_console_output                   0x08000c90   Section        0  kservice.o(i.rt_hw_console_output)
    i.rt_hw_hard_fault_exception             0x08000c94   Section        0  cpuport.o(i.rt_hw_hard_fault_exception)
    i.rt_hw_stack_init                       0x08000d98   Section        0  cpuport.o(i.rt_hw_stack_init)
    i.rt_interrupt_enter                     0x08000dd4   Section        0  irq.o(i.rt_interrupt_enter)
    i.rt_interrupt_get_nest                  0x08000df0   Section        0  irq.o(i.rt_interrupt_get_nest)
    i.rt_interrupt_leave                     0x08000dfc   Section        0  irq.o(i.rt_interrupt_leave)
    i.rt_ipc_list_suspend                    0x08000e18   Section        0  ipc.o(i.rt_ipc_list_suspend)
    rt_ipc_list_suspend                      0x08000e19   Thumb Code    92  ipc.o(i.rt_ipc_list_suspend)
    i.rt_kprintf                             0x08000e74   Section        0  kservice.o(i.rt_kprintf)
    i.rt_list_insert_after                   0x08000e98   Section        0  object.o(i.rt_list_insert_after)
    rt_list_insert_after                     0x08000e99   Thumb Code    14  object.o(i.rt_list_insert_after)
    i.rt_list_insert_after                   0x08000ea6   Section        0  thread.o(i.rt_list_insert_after)
    rt_list_insert_after                     0x08000ea7   Thumb Code    14  thread.o(i.rt_list_insert_after)
    i.rt_list_insert_after                   0x08000eb4   Section        0  timer.o(i.rt_list_insert_after)
    rt_list_insert_after                     0x08000eb5   Thumb Code    14  timer.o(i.rt_list_insert_after)
    i.rt_list_insert_before                  0x08000ec2   Section        0  ipc.o(i.rt_list_insert_before)
    rt_list_insert_before                    0x08000ec3   Thumb Code    14  ipc.o(i.rt_list_insert_before)
    i.rt_list_isempty                        0x08000ed0   Section        0  ipc.o(i.rt_list_isempty)
    rt_list_isempty                          0x08000ed1   Thumb Code    14  ipc.o(i.rt_list_isempty)
    i.rt_list_isempty                        0x08000ede   Section        0  timer.o(i.rt_list_isempty)
    rt_list_isempty                          0x08000edf   Thumb Code    14  timer.o(i.rt_list_isempty)
    i.rt_list_remove                         0x08000eec   Section        0  object.o(i.rt_list_remove)
    rt_list_remove                           0x08000eed   Thumb Code    18  object.o(i.rt_list_remove)
    i.rt_list_remove                         0x08000efe   Section        0  thread.o(i.rt_list_remove)
    rt_list_remove                           0x08000eff   Thumb Code    18  thread.o(i.rt_list_remove)
    i.rt_malloc                              0x08000f10   Section        0  mem.o(i.rt_malloc)
    i.rt_memset                              0x08001120   Section        0  kservice.o(i.rt_memset)
    i.rt_object_allocate                     0x08001168   Section        0  object.o(i.rt_object_allocate)
    i.rt_object_delete                       0x08001230   Section        0  object.o(i.rt_object_delete)
    i.rt_object_detach                       0x080012b8   Section        0  object.o(i.rt_object_detach)
    i.rt_object_get_information              0x080012fc   Section        0  object.o(i.rt_object_get_information)
    i.rt_object_init                         0x08001320   Section        0  object.o(i.rt_object_init)
    i.rt_object_is_systemobject              0x08001388   Section        0  object.o(i.rt_object_is_systemobject)
    i.rt_schedule                            0x080013c4   Section        0  scheduler.o(i.rt_schedule)
    i.rt_schedule_insert_thread              0x08001438   Section        0  scheduler.o(i.rt_schedule_insert_thread)
    i.rt_schedule_remove_thread              0x080014ac   Section        0  scheduler.o(i.rt_schedule_remove_thread)
    i.rt_sem_init                            0x08001528   Section        0  ipc.o(i.rt_sem_init)
    i.rt_sem_release                         0x08001574   Section        0  ipc.o(i.rt_sem_release)
    i.rt_sem_take                            0x080015b0   Section        0  ipc.o(i.rt_sem_take)
    i.rt_show_version                        0x080016f8   Section        0  kservice.o(i.rt_show_version)
    i.rt_strlen                              0x080017a8   Section        0  kservice.o(i.rt_strlen)
    i.rt_strncpy                             0x080017b8   Section        0  kservice.o(i.rt_strncpy)
    i.rt_system_heap_init                    0x080017e0   Section        0  mem.o(i.rt_system_heap_init)
    i.rt_system_scheduler_init               0x080018e8   Section        0  scheduler.o(i.rt_system_scheduler_init)
    i.rt_system_scheduler_start              0x0800191c   Section        0  scheduler.o(i.rt_system_scheduler_start)
    i.rt_system_timer_init                   0x08001944   Section        0  timer.o(i.rt_system_timer_init)
    i.rt_system_timer_thread_init            0x0800195c   Section        0  timer.o(i.rt_system_timer_thread_init)
    i.rt_thread_create                       0x0800195e   Section        0  thread.o(i.rt_thread_create)
    i.rt_thread_delay                        0x080019aa   Section        0  thread.o(i.rt_thread_delay)
    i.rt_thread_exit                         0x080019b0   Section        0  thread.o(i.rt_thread_exit)
    i.rt_thread_idle_entry                   0x08001a08   Section        0  idle.o(i.rt_thread_idle_entry)
    rt_thread_idle_entry                     0x08001a09   Thumb Code     6  idle.o(i.rt_thread_idle_entry)
    i.rt_thread_idle_excute                  0x08001a10   Section        0  idle.o(i.rt_thread_idle_excute)
    i.rt_thread_idle_init                    0x08001ae0   Section        0  idle.o(i.rt_thread_idle_init)
    i.rt_thread_init                         0x08001b20   Section        0  thread.o(i.rt_thread_init)
    i.rt_thread_resume                       0x08001ba4   Section        0  thread.o(i.rt_thread_resume)
    i.rt_thread_self                         0x08001c08   Section        0  thread.o(i.rt_thread_self)
    i.rt_thread_sleep                        0x08001c14   Section        0  thread.o(i.rt_thread_sleep)
    i.rt_thread_startup                      0x08001c7c   Section        0  thread.o(i.rt_thread_startup)
    i.rt_thread_suspend                      0x08001d1c   Section        0  thread.o(i.rt_thread_suspend)
    i.rt_thread_timeout                      0x08001d88   Section        0  thread.o(i.rt_thread_timeout)
    i.rt_thread_yield                        0x08001e24   Section        0  thread.o(i.rt_thread_yield)
    i.rt_tick_get                            0x08001e84   Section        0  clock.o(i.rt_tick_get)
    i.rt_tick_increase                       0x08001e90   Section        0  clock.o(i.rt_tick_increase)
    i.rt_timer_check                         0x08001ebc   Section        0  timer.o(i.rt_timer_check)
    i.rt_timer_control                       0x08001f28   Section        0  timer.o(i.rt_timer_control)
    i.rt_timer_detach                        0x08001f8c   Section        0  timer.o(i.rt_timer_detach)
    i.rt_timer_init                          0x08001fd4   Section        0  timer.o(i.rt_timer_init)
    i.rt_timer_start                         0x08002028   Section        0  timer.o(i.rt_timer_start)
    i.rt_timer_stop                          0x0800215c   Section        0  timer.o(i.rt_timer_stop)
    i.rt_vsnprintf                           0x080021b4   Section        0  kservice.o(i.rt_vsnprintf)
    i.rti_board_end                          0x08002444   Section        0  components.o(i.rti_board_end)
    rti_board_end                            0x08002445   Thumb Code     4  components.o(i.rti_board_end)
    i.rti_board_start                        0x08002448   Section        0  components.o(i.rti_board_start)
    rti_board_start                          0x08002449   Thumb Code     4  components.o(i.rti_board_start)
    i.rti_end                                0x0800244c   Section        0  components.o(i.rti_end)
    rti_end                                  0x0800244d   Thumb Code     4  components.o(i.rti_end)
    i.rti_start                              0x08002450   Section        0  components.o(i.rti_start)
    rti_start                                0x08002451   Thumb Code     4  components.o(i.rti_start)
    i.rtthread_startup                       0x08002454   Section        0  components.o(i.rtthread_startup)
    i.skip_atoi                              0x0800247e   Section        0  kservice.o(i.skip_atoi)
    skip_atoi                                0x0800247f   Thumb Code    40  kservice.o(i.skip_atoi)
    .constdata                               0x080024a6   Section       20  components.o(.constdata)
    __FUNCTION__                             0x080024a6   Data          20  components.o(.constdata)
    .constdata                               0x080024ba   Section       22  idle.o(.constdata)
    __FUNCTION__                             0x080024ba   Data          22  idle.o(.constdata)
    .constdata                               0x080024d0   Section      172  ipc.o(.constdata)
    __FUNCTION__                             0x080024d0   Data          12  ipc.o(.constdata)
    __FUNCTION__                             0x080024dc   Data          14  ipc.o(.constdata)
    __FUNCTION__                             0x080024ea   Data          14  ipc.o(.constdata)
    __FUNCTION__                             0x080024f8   Data          14  ipc.o(.constdata)
    __FUNCTION__                             0x08002506   Data          12  ipc.o(.constdata)
    __FUNCTION__                             0x08002512   Data          15  ipc.o(.constdata)
    __FUNCTION__                             0x08002521   Data          11  ipc.o(.constdata)
    __FUNCTION__                             0x0800252c   Data          13  ipc.o(.constdata)
    __FUNCTION__                             0x08002539   Data          13  ipc.o(.constdata)
    __FUNCTION__                             0x08002546   Data          13  ipc.o(.constdata)
    __FUNCTION__                             0x08002553   Data          16  ipc.o(.constdata)
    __FUNCTION__                             0x08002563   Data          11  ipc.o(.constdata)
    __FUNCTION__                             0x0800256e   Data          14  ipc.o(.constdata)
    .constdata                               0x0800257c   Section      290  kservice.o(.constdata)
    small_digits                             0x0800267c   Data          17  kservice.o(.constdata)
    large_digits                             0x0800268d   Data          17  kservice.o(.constdata)
    .constdata                               0x0800269e   Section       70  mem.o(.constdata)
    __FUNCTION__                             0x0800269e   Data           8  mem.o(.constdata)
    __FUNCTION__                             0x080026a6   Data          11  mem.o(.constdata)
    __FUNCTION__                             0x080026b1   Data          20  mem.o(.constdata)
    __FUNCTION__                             0x080026c5   Data          10  mem.o(.constdata)
    __FUNCTION__                             0x080026cf   Data          11  mem.o(.constdata)
    __FUNCTION__                             0x080026da   Data          10  mem.o(.constdata)
    .constdata                               0x080026e4   Section      109  object.o(.constdata)
    __FUNCTION__                             0x080026e4   Data          15  object.o(.constdata)
    __FUNCTION__                             0x080026f3   Data          17  object.o(.constdata)
    __FUNCTION__                             0x08002704   Data          19  object.o(.constdata)
    __FUNCTION__                             0x08002717   Data          17  object.o(.constdata)
    __FUNCTION__                             0x08002728   Data          26  object.o(.constdata)
    __FUNCTION__                             0x08002742   Data          15  object.o(.constdata)
    .constdata                               0x08002751   Section       52  scheduler.o(.constdata)
    __FUNCTION__                             0x08002751   Data          26  scheduler.o(.constdata)
    __FUNCTION__                             0x0800276b   Data          26  scheduler.o(.constdata)
    .constdata                               0x08002785   Section      185  thread.o(.constdata)
    __FUNCTION__                             0x08002785   Data          16  thread.o(.constdata)
    __FUNCTION__                             0x08002795   Data          15  thread.o(.constdata)
    __FUNCTION__                             0x080027a4   Data          18  thread.o(.constdata)
    __FUNCTION__                             0x080027b6   Data          17  thread.o(.constdata)
    __FUNCTION__                             0x080027c7   Data          17  thread.o(.constdata)
    __FUNCTION__                             0x080027d8   Data          16  thread.o(.constdata)
    __FUNCTION__                             0x080027e8   Data          18  thread.o(.constdata)
    __FUNCTION__                             0x080027fa   Data          18  thread.o(.constdata)
    __FUNCTION__                             0x0800280c   Data          17  thread.o(.constdata)
    __FUNCTION__                             0x0800281d   Data          18  thread.o(.constdata)
    __FUNCTION__                             0x0800282f   Data          15  thread.o(.constdata)
    .constdata                               0x0800283e   Section       92  timer.o(.constdata)
    __FUNCTION__                             0x0800283e   Data          14  timer.o(.constdata)
    __FUNCTION__                             0x0800284c   Data          16  timer.o(.constdata)
    __FUNCTION__                             0x0800285c   Data          16  timer.o(.constdata)
    __FUNCTION__                             0x0800286c   Data          15  timer.o(.constdata)
    __FUNCTION__                             0x0800287b   Data          14  timer.o(.constdata)
    __FUNCTION__                             0x08002889   Data          17  timer.o(.constdata)
    .conststring                             0x0800289c   Section      237  mem.o(.conststring)
    .rti_fn.0                                0x0800298c   Section        4  components.o(.rti_fn.0)
    __tagsym$$used                           0x0800298c   Number         0  components.o(.rti_fn.0)
    .rti_fn.0.end                            0x08002990   Section        4  components.o(.rti_fn.0.end)
    __tagsym$$used                           0x08002990   Number         0  components.o(.rti_fn.0.end)
    .rti_fn.1.end                            0x08002994   Section        4  components.o(.rti_fn.1.end)
    __tagsym$$used                           0x08002994   Number         0  components.o(.rti_fn.1.end)
    .rti_fn.6.end                            0x08002998   Section        4  components.o(.rti_fn.6.end)
    __tagsym$$used                           0x08002998   Number         0  components.o(.rti_fn.6.end)
    .data                                    0x20000000   Section       20  system_stm32f4xx.o(.data)
    .data                                    0x20000014   Section        4  clock.o(.data)
    rt_tick                                  0x20000014   Data           4  clock.o(.data)
    .data                                    0x20000018   Section        1  irq.o(.data)
    .data                                    0x2000001c   Section        8  kservice.o(.data)
    __rt_errno                               0x2000001c   Data           4  kservice.o(.data)
    .data                                    0x20000024   Section       24  mem.o(.data)
    heap_ptr                                 0x20000024   Data           4  mem.o(.data)
    heap_end                                 0x20000028   Data           4  mem.o(.data)
    lfree                                    0x2000002c   Data           4  mem.o(.data)
    mem_size_aligned                         0x20000030   Data           4  mem.o(.data)
    used_mem                                 0x20000034   Data           4  mem.o(.data)
    max_mem                                  0x20000038   Data           4  mem.o(.data)
    .data                                    0x2000003c   Section       64  object.o(.data)
    rt_object_container                      0x2000003c   Data          64  object.o(.data)
    .data                                    0x2000007c   Section       20  scheduler.o(.data)
    rt_scheduler_lock_nest                   0x2000007e   Data           2  scheduler.o(.data)
    .data                                    0x20000090   Section       12  timer.o(.data)
    random_nr                                0x20000090   Data           4  timer.o(.data)
    rt_timer_list                            0x20000094   Data           8  timer.o(.data)
    .data                                    0x2000009c   Section        4  cpuport.o(.data)
    rt_exception_hook                        0x2000009c   Data           4  cpuport.o(.data)
    .data                                    0x200000a0   Section        4  cpuport.o(.data)
    .data                                    0x200000a4   Section        4  cpuport.o(.data)
    .data                                    0x200000a8   Section        4  cpuport.o(.data)
    .bss                                     0x200000ac   Section     1144  main.o(.bss)
    led1_thread                              0x200000ac   Data         120  main.o(.bss)
    rt_led1_thread_stack                     0x20000124   Data        1024  main.o(.bss)
    .bss                                     0x20000524   Section     4096  board.o(.bss)
    rt_heap                                  0x20000524   Data        4096  board.o(.bss)
    .bss                                     0x20001524   Section      376  idle.o(.bss)
    idle                                     0x20001524   Data         120  idle.o(.bss)
    rt_thread_stack                          0x2000159c   Data         256  idle.o(.bss)
    .bss                                     0x2000169c   Section      128  kservice.o(.bss)
    rt_log_buf                               0x2000169c   Data         128  kservice.o(.bss)
    .bss                                     0x2000171c   Section       32  mem.o(.bss)
    heap_sem                                 0x2000171c   Data          32  mem.o(.bss)
    .bss                                     0x2000173c   Section      256  scheduler.o(.bss)
    STACK                                    0x20001840   Section     1024  startup_stm32f429_439xx.o(STACK)

    Global Symbols

    Symbol Name                              Value     Ov Type        Size  Object(Section)

    BuildAttributes$$THM_ISAv4$E$P$D$K$B$S$7EM$PE$A:L22UL41UL21$X:L11$S22US41US21$IEEE1$IW$USESV6$~STKCKD$USESV7$~SHL$OSPACE$EBA8$MICROLIB$REQ8$PRES8$EABIv2 0x00000000   Number         0  anon$$obj.o ABSOLUTE
    __ARM_use_no_argv                        0x00000000   Number         0  main.o ABSOLUTE
    __cpp_initialize__aeabi_                  - Undefined Weak Reference
    __cxa_finalize                            - Undefined Weak Reference
    __decompress                              - Undefined Weak Reference
    _clock_init                               - Undefined Weak Reference
    _microlib_exit                            - Undefined Weak Reference
    __Vectors_Size                           0x000001ac   Number         0  startup_stm32f429_439xx.o ABSOLUTE
    __Vectors                                0x08000000   Data           4  startup_stm32f429_439xx.o(RESET)
    __Vectors_End                            0x080001ac   Data           0  startup_stm32f429_439xx.o(RESET)
    __main                                   0x080001ad   Thumb Code     0  entry.o(.ARM.Collect$$$$00000000)
    _main_stk                                0x080001ad   Thumb Code     0  entry2.o(.ARM.Collect$$$$00000001)
    _main_scatterload                        0x080001b1   Thumb Code     0  entry5.o(.ARM.Collect$$$$00000004)
    __main_after_scatterload                 0x080001b5   Thumb Code     0  entry5.o(.ARM.Collect$$$$00000004)
    _main_clock                              0x080001b5   Thumb Code     0  entry7b.o(.ARM.Collect$$$$00000008)
    _main_cpp_init                           0x080001b5   Thumb Code     0  entry8b.o(.ARM.Collect$$$$0000000A)
    _main_init                               0x080001b5   Thumb Code     0  entry9a.o(.ARM.Collect$$$$0000000B)
    __rt_final_cpp                           0x080001bd   Thumb Code     0  entry10a.o(.ARM.Collect$$$$0000000D)
    __rt_final_exit                          0x080001bd   Thumb Code     0  entry11a.o(.ARM.Collect$$$$0000000F)
    Reset_Handler                            0x080001c1   Thumb Code     8  startup_stm32f429_439xx.o(.text)
    ADC_IRQHandler                           0x080001db   Thumb Code     0  startup_stm32f429_439xx.o(.text)
    CAN1_RX0_IRQHandler                      0x080001db   Thumb Code     0  startup_stm32f429_439xx.o(.text)
    CAN1_RX1_IRQHandler                      0x080001db   Thumb Code     0  startup_stm32f429_439xx.o(.text)
    CAN1_SCE_IRQHandler                      0x080001db   Thumb Code     0  startup_stm32f429_439xx.o(.text)
    CAN1_TX_IRQHandler                       0x080001db   Thumb Code     0  startup_stm32f429_439xx.o(.text)
    CAN2_RX0_IRQHandler                      0x080001db   Thumb Code     0  startup_stm32f429_439xx.o(.text)
    CAN2_RX1_IRQHandler                      0x080001db   Thumb Code     0  startup_stm32f429_439xx.o(.text)
    CAN2_SCE_IRQHandler                      0x080001db   Thumb Code     0  startup_stm32f429_439xx.o(.text)
    CAN2_TX_IRQHandler                       0x080001db   Thumb Code     0  startup_stm32f429_439xx.o(.text)
    CRYP_IRQHandler                          0x080001db   Thumb Code     0  startup_stm32f429_439xx.o(.text)
    DCMI_IRQHandler                          0x080001db   Thumb Code     0  startup_stm32f429_439xx.o(.text)
    DMA1_Stream0_IRQHandler                  0x080001db   Thumb Code     0  startup_stm32f429_439xx.o(.text)
    DMA1_Stream1_IRQHandler                  0x080001db   Thumb Code     0  startup_stm32f429_439xx.o(.text)
    DMA1_Stream2_IRQHandler                  0x080001db   Thumb Code     0  startup_stm32f429_439xx.o(.text)
    DMA1_Stream3_IRQHandler                  0x080001db   Thumb Code     0  startup_stm32f429_439xx.o(.text)
    DMA1_Stream4_IRQHandler                  0x080001db   Thumb Code     0  startup_stm32f429_439xx.o(.text)
    DMA1_Stream5_IRQHandler                  0x080001db   Thumb Code     0  startup_stm32f429_439xx.o(.text)
    DMA1_Stream6_IRQHandler                  0x080001db   Thumb Code     0  startup_stm32f429_439xx.o(.text)
    DMA1_Stream7_IRQHandler                  0x080001db   Thumb Code     0  startup_stm32f429_439xx.o(.text)
    DMA2D_IRQHandler                         0x080001db   Thumb Code     0  startup_stm32f429_439xx.o(.text)
    DMA2_Stream0_IRQHandler                  0x080001db   Thumb Code     0  startup_stm32f429_439xx.o(.text)
    DMA2_Stream1_IRQHandler                  0x080001db   Thumb Code     0  startup_stm32f429_439xx.o(.text)
    DMA2_Stream2_IRQHandler                  0x080001db   Thumb Code     0  startup_stm32f429_439xx.o(.text)
    DMA2_Stream3_IRQHandler                  0x080001db   Thumb Code     0  startup_stm32f429_439xx.o(.text)
    DMA2_Stream4_IRQHandler                  0x080001db   Thumb Code     0  startup_stm32f429_439xx.o(.text)
    DMA2_Stream5_IRQHandler                  0x080001db   Thumb Code     0  startup_stm32f429_439xx.o(.text)
    DMA2_Stream6_IRQHandler                  0x080001db   Thumb Code     0  startup_stm32f429_439xx.o(.text)
    DMA2_Stream7_IRQHandler                  0x080001db   Thumb Code     0  startup_stm32f429_439xx.o(.text)
    ETH_IRQHandler                           0x080001db   Thumb Code     0  startup_stm32f429_439xx.o(.text)
    ETH_WKUP_IRQHandler                      0x080001db   Thumb Code     0  startup_stm32f429_439xx.o(.text)
    EXTI0_IRQHandler                         0x080001db   Thumb Code     0  startup_stm32f429_439xx.o(.text)
    EXTI15_10_IRQHandler                     0x080001db   Thumb Code     0  startup_stm32f429_439xx.o(.text)
    EXTI1_IRQHandler                         0x080001db   Thumb Code     0  startup_stm32f429_439xx.o(.text)
    EXTI2_IRQHandler                         0x080001db   Thumb Code     0  startup_stm32f429_439xx.o(.text)
    EXTI3_IRQHandler                         0x080001db   Thumb Code     0  startup_stm32f429_439xx.o(.text)
    EXTI4_IRQHandler                         0x080001db   Thumb Code     0  startup_stm32f429_439xx.o(.text)
    EXTI9_5_IRQHandler                       0x080001db   Thumb Code     0  startup_stm32f429_439xx.o(.text)
    FLASH_IRQHandler                         0x080001db   Thumb Code     0  startup_stm32f429_439xx.o(.text)
    FMC_IRQHandler                           0x080001db   Thumb Code     0  startup_stm32f429_439xx.o(.text)
    FPU_IRQHandler                           0x080001db   Thumb Code     0  startup_stm32f429_439xx.o(.text)
    HASH_RNG_IRQHandler                      0x080001db   Thumb Code     0  startup_stm32f429_439xx.o(.text)
    I2C1_ER_IRQHandler                       0x080001db   Thumb Code     0  startup_stm32f429_439xx.o(.text)
    I2C1_EV_IRQHandler                       0x080001db   Thumb Code     0  startup_stm32f429_439xx.o(.text)
    I2C2_ER_IRQHandler                       0x080001db   Thumb Code     0  startup_stm32f429_439xx.o(.text)
    I2C2_EV_IRQHandler                       0x080001db   Thumb Code     0  startup_stm32f429_439xx.o(.text)
    I2C3_ER_IRQHandler                       0x080001db   Thumb Code     0  startup_stm32f429_439xx.o(.text)
    I2C3_EV_IRQHandler                       0x080001db   Thumb Code     0  startup_stm32f429_439xx.o(.text)
    LTDC_ER_IRQHandler                       0x080001db   Thumb Code     0  startup_stm32f429_439xx.o(.text)
    LTDC_IRQHandler                          0x080001db   Thumb Code     0  startup_stm32f429_439xx.o(.text)
    OTG_FS_IRQHandler                        0x080001db   Thumb Code     0  startup_stm32f429_439xx.o(.text)
    OTG_FS_WKUP_IRQHandler                   0x080001db   Thumb Code     0  startup_stm32f429_439xx.o(.text)
    OTG_HS_EP1_IN_IRQHandler                 0x080001db   Thumb Code     0  startup_stm32f429_439xx.o(.text)
    OTG_HS_EP1_OUT_IRQHandler                0x080001db   Thumb Code     0  startup_stm32f429_439xx.o(.text)
    OTG_HS_IRQHandler                        0x080001db   Thumb Code     0  startup_stm32f429_439xx.o(.text)
    OTG_HS_WKUP_IRQHandler                   0x080001db   Thumb Code     0  startup_stm32f429_439xx.o(.text)
    PVD_IRQHandler                           0x080001db   Thumb Code     0  startup_stm32f429_439xx.o(.text)
    RCC_IRQHandler                           0x080001db   Thumb Code     0  startup_stm32f429_439xx.o(.text)
    RTC_Alarm_IRQHandler                     0x080001db   Thumb Code     0  startup_stm32f429_439xx.o(.text)
    RTC_WKUP_IRQHandler                      0x080001db   Thumb Code     0  startup_stm32f429_439xx.o(.text)
    SAI1_IRQHandler                          0x080001db   Thumb Code     0  startup_stm32f429_439xx.o(.text)
    SDIO_IRQHandler                          0x080001db   Thumb Code     0  startup_stm32f429_439xx.o(.text)
    SPI1_IRQHandler                          0x080001db   Thumb Code     0  startup_stm32f429_439xx.o(.text)
    SPI2_IRQHandler                          0x080001db   Thumb Code     0  startup_stm32f429_439xx.o(.text)
    SPI3_IRQHandler                          0x080001db   Thumb Code     0  startup_stm32f429_439xx.o(.text)
    SPI4_IRQHandler                          0x080001db   Thumb Code     0  startup_stm32f429_439xx.o(.text)
    SPI5_IRQHandler                          0x080001db   Thumb Code     0  startup_stm32f429_439xx.o(.text)
    SPI6_IRQHandler                          0x080001db   Thumb Code     0  startup_stm32f429_439xx.o(.text)
    TAMP_STAMP_IRQHandler                    0x080001db   Thumb Code     0  startup_stm32f429_439xx.o(.text)
    TIM1_BRK_TIM9_IRQHandler                 0x080001db   Thumb Code     0  startup_stm32f429_439xx.o(.text)
    TIM1_CC_IRQHandler                       0x080001db   Thumb Code     0  startup_stm32f429_439xx.o(.text)
    TIM1_TRG_COM_TIM11_IRQHandler            0x080001db   Thumb Code     0  startup_stm32f429_439xx.o(.text)
    TIM1_UP_TIM10_IRQHandler                 0x080001db   Thumb Code     0  startup_stm32f429_439xx.o(.text)
    TIM2_IRQHandler                          0x080001db   Thumb Code     0  startup_stm32f429_439xx.o(.text)
    TIM3_IRQHandler                          0x080001db   Thumb Code     0  startup_stm32f429_439xx.o(.text)
    TIM4_IRQHandler                          0x080001db   Thumb Code     0  startup_stm32f429_439xx.o(.text)
    TIM5_IRQHandler                          0x080001db   Thumb Code     0  startup_stm32f429_439xx.o(.text)
    TIM6_DAC_IRQHandler                      0x080001db   Thumb Code     0  startup_stm32f429_439xx.o(.text)
    TIM7_IRQHandler                          0x080001db   Thumb Code     0  startup_stm32f429_439xx.o(.text)
    TIM8_BRK_TIM12_IRQHandler                0x080001db   Thumb Code     0  startup_stm32f429_439xx.o(.text)
    TIM8_CC_IRQHandler                       0x080001db   Thumb Code     0  startup_stm32f429_439xx.o(.text)
    TIM8_TRG_COM_TIM14_IRQHandler            0x080001db   Thumb Code     0  startup_stm32f429_439xx.o(.text)
    TIM8_UP_TIM13_IRQHandler                 0x080001db   Thumb Code     0  startup_stm32f429_439xx.o(.text)
    UART4_IRQHandler                         0x080001db   Thumb Code     0  startup_stm32f429_439xx.o(.text)
    UART5_IRQHandler                         0x080001db   Thumb Code     0  startup_stm32f429_439xx.o(.text)
    UART7_IRQHandler                         0x080001db   Thumb Code     0  startup_stm32f429_439xx.o(.text)
    UART8_IRQHandler                         0x080001db   Thumb Code     0  startup_stm32f429_439xx.o(.text)
    USART1_IRQHandler                        0x080001db   Thumb Code     0  startup_stm32f429_439xx.o(.text)
    USART2_IRQHandler                        0x080001db   Thumb Code     0  startup_stm32f429_439xx.o(.text)
    USART3_IRQHandler                        0x080001db   Thumb Code     0  startup_stm32f429_439xx.o(.text)
    USART6_IRQHandler                        0x080001db   Thumb Code     0  startup_stm32f429_439xx.o(.text)
    WWDG_IRQHandler                          0x080001db   Thumb Code     0  startup_stm32f429_439xx.o(.text)
    rt_hw_interrupt_disable                  0x080001e5   Thumb Code     8  context_rvds.o(.text)
    rt_hw_interrupt_enable                   0x080001ed   Thumb Code     6  context_rvds.o(.text)
    rt_hw_context_switch                     0x080001f3   Thumb Code    32  context_rvds.o(.text)
    rt_hw_context_switch_interrupt           0x080001f3   Thumb Code     0  context_rvds.o(.text)
    PendSV_Handler                           0x08000213   Thumb Code    60  context_rvds.o(.text)
    rt_hw_context_switch_to                  0x0800024f   Thumb Code    58  context_rvds.o(.text)
    rt_hw_interrupt_thread_switch            0x08000289   Thumb Code     2  context_rvds.o(.text)
    HardFault_Handler                        0x0800028b   Thumb Code    20  context_rvds.o(.text)
    __scatterload                            0x080002b9   Thumb Code    28  init.o(.text)
    __scatterload_rt2                        0x080002b9   Thumb Code     0  init.o(.text)
    main                                     0x080002dd   Thumb Code    14  components.o(i.$Sub$$main)
    BusFault_Handler                         0x080002eb   Thumb Code     2  stm32f4xx_it.o(i.BusFault_Handler)
    DebugMon_Handler                         0x080002ed   Thumb Code     2  stm32f4xx_it.o(i.DebugMon_Handler)
    GPIO_Init                                0x080002ef   Thumb Code   124  stm32f4xx_gpio.o(i.GPIO_Init)
    LED_GPIO_Config                          0x0800036d   Thumb Code    86  bsp_led.o(i.LED_GPIO_Config)
    MemManage_Handler                        0x080003c9   Thumb Code     2  stm32f4xx_it.o(i.MemManage_Handler)
    NMI_Handler                              0x080003cb   Thumb Code     2  stm32f4xx_it.o(i.NMI_Handler)
    RCC_AHB1PeriphClockCmd                   0x080003cd   Thumb Code    22  stm32f4xx_rcc.o(i.RCC_AHB1PeriphClockCmd)
    SVC_Handler                              0x080003e9   Thumb Code     2  stm32f4xx_it.o(i.SVC_Handler)
    SysTick_Handler                          0x080004c1   Thumb Code    18  board.o(i.SysTick_Handler)
    SystemInit                               0x080004d5   Thumb Code    62  system_stm32f4xx.o(i.SystemInit)
    UsageFault_Handler                       0x08000525   Thumb Code     2  stm32f4xx_it.o(i.UsageFault_Handler)
    __rt_ffs                                 0x08000529   Thumb Code    66  kservice.o(i.__rt_ffs)
    __scatterload_copy                       0x08000571   Thumb Code    14  handlers.o(i.__scatterload_copy)
    __scatterload_null                       0x0800057f   Thumb Code     2  handlers.o(i.__scatterload_null)
    __scatterload_zeroinit                   0x08000581   Thumb Code    14  handlers.o(i.__scatterload_zeroinit)
    $Super$$main                             0x080006bd   Thumb Code    48  main.o(i.main)
    main_thread_entry                        0x080006fd   Thumb Code    14  components.o(i.main_thread_entry)
    rt_application_init                      0x0800091d   Thumb Code    48  components.o(i.rt_application_init)
    rt_assert_handler                        0x0800096d   Thumb Code    50  kservice.o(i.rt_assert_handler)
    rt_components_board_init                 0x080009dd   Thumb Code    20  components.o(i.rt_components_board_init)
    rt_components_init                       0x080009f9   Thumb Code    20  components.o(i.rt_components_init)
    rt_enter_critical                        0x08000a15   Thumb Code    22  scheduler.o(i.rt_enter_critical)
    rt_exit_critical                         0x08000a31   Thumb Code    44  scheduler.o(i.rt_exit_critical)
    rt_free                                  0x08000a61   Thumb Code   224  mem.o(i.rt_free)
    rt_heap_begin_get                        0x08000c25   Thumb Code     4  board.o(i.rt_heap_begin_get)
    rt_heap_end_get                          0x08000c2d   Thumb Code     4  board.o(i.rt_heap_end_get)
    rt_hw_board_init                         0x08000c35   Thumb Code    78  board.o(i.rt_hw_board_init)
    rt_hw_console_output                     0x08000c91   Thumb Code     2  kservice.o(i.rt_hw_console_output)
    rt_hw_hard_fault_exception               0x08000c95   Thumb Code   100  cpuport.o(i.rt_hw_hard_fault_exception)
    rt_hw_stack_init                         0x08000d99   Thumb Code    56  cpuport.o(i.rt_hw_stack_init)
    rt_interrupt_enter                       0x08000dd5   Thumb Code    22  irq.o(i.rt_interrupt_enter)
    rt_interrupt_get_nest                    0x08000df1   Thumb Code     6  irq.o(i.rt_interrupt_get_nest)
    rt_interrupt_leave                       0x08000dfd   Thumb Code    22  irq.o(i.rt_interrupt_leave)
    rt_kprintf                               0x08000e75   Thumb Code    30  kservice.o(i.rt_kprintf)
    rt_malloc                                0x08000f11   Thumb Code   374  mem.o(i.rt_malloc)
    rt_memset                                0x08001121   Thumb Code    70  kservice.o(i.rt_memset)
    rt_object_allocate                       0x08001169   Thumb Code   126  object.o(i.rt_object_allocate)
    rt_object_delete                         0x08001231   Thumb Code    68  object.o(i.rt_object_delete)
    rt_object_detach                         0x080012b9   Thumb Code    44  object.o(i.rt_object_detach)
    rt_object_get_information                0x080012fd   Thumb Code    30  object.o(i.rt_object_get_information)
    rt_object_init                           0x08001321   Thumb Code    74  object.o(i.rt_object_init)
    rt_object_is_systemobject                0x08001389   Thumb Code    34  object.o(i.rt_object_is_systemobject)
    rt_schedule                              0x080013c5   Thumb Code   102  scheduler.o(i.rt_schedule)
    rt_schedule_insert_thread                0x08001439   Thumb Code    84  scheduler.o(i.rt_schedule_insert_thread)
    rt_schedule_remove_thread                0x080014ad   Thumb Code    90  scheduler.o(i.rt_schedule_remove_thread)
    rt_sem_init                              0x08001529   Thumb Code    54  ipc.o(i.rt_sem_init)
    rt_sem_release                           0x08001575   Thumb Code    60  ipc.o(i.rt_sem_release)
    rt_sem_take                              0x080015b1   Thumb Code   208  ipc.o(i.rt_sem_take)
    rt_show_version                          0x080016f9   Thumb Code    40  kservice.o(i.rt_show_version)
    rt_strlen                                0x080017a9   Thumb Code    16  kservice.o(i.rt_strlen)
    rt_strncpy                               0x080017b9   Thumb Code    38  kservice.o(i.rt_strncpy)
    rt_system_heap_init                      0x080017e1   Thumb Code   140  mem.o(i.rt_system_heap_init)
    rt_system_scheduler_init                 0x080018e9   Thumb Code    44  scheduler.o(i.rt_system_scheduler_init)
    rt_system_scheduler_start                0x0800191d   Thumb Code    32  scheduler.o(i.rt_system_scheduler_start)
    rt_system_timer_init                     0x08001945   Thumb Code    20  timer.o(i.rt_system_timer_init)
    rt_system_timer_thread_init              0x0800195d   Thumb Code     2  timer.o(i.rt_system_timer_thread_init)
    rt_thread_create                         0x0800195f   Thumb Code    76  thread.o(i.rt_thread_create)
    rt_thread_delay                          0x080019ab   Thumb Code     4  thread.o(i.rt_thread_delay)
    rt_thread_exit                           0x080019b1   Thumb Code    78  thread.o(i.rt_thread_exit)
    rt_thread_idle_excute                    0x08001a11   Thumb Code   154  idle.o(i.rt_thread_idle_excute)
    rt_thread_idle_init                      0x08001ae1   Thumb Code    46  idle.o(i.rt_thread_idle_init)
    rt_thread_init                           0x08001b21   Thumb Code    82  thread.o(i.rt_thread_init)
    rt_thread_resume                         0x08001ba5   Thumb Code    76  thread.o(i.rt_thread_resume)
    rt_thread_self                           0x08001c09   Thumb Code     6  thread.o(i.rt_thread_self)
    rt_thread_sleep                          0x08001c15   Thumb Code    74  thread.o(i.rt_thread_sleep)
    rt_thread_startup                        0x08001c7d   Thumb Code    78  thread.o(i.rt_thread_startup)
    rt_thread_suspend                        0x08001d1d   Thumb Code    82  thread.o(i.rt_thread_suspend)
    rt_thread_timeout                        0x08001d89   Thumb Code    72  thread.o(i.rt_thread_timeout)
    rt_thread_yield                          0x08001e25   Thumb Code    88  thread.o(i.rt_thread_yield)
    rt_tick_get                              0x08001e85   Thumb Code     6  clock.o(i.rt_tick_get)
    rt_tick_increase                         0x08001e91   Thumb Code    38  clock.o(i.rt_tick_increase)
    rt_timer_check                           0x08001ebd   Thumb Code   102  timer.o(i.rt_timer_check)
    rt_timer_control                         0x08001f29   Thumb Code    74  timer.o(i.rt_timer_control)
    rt_timer_detach                          0x08001f8d   Thumb Code    46  timer.o(i.rt_timer_detach)
    rt_timer_init                            0x08001fd5   Thumb Code    58  timer.o(i.rt_timer_init)
    rt_timer_start                           0x08002029   Thumb Code   244  timer.o(i.rt_timer_start)
    rt_timer_stop                            0x0800215d   Thumb Code    62  timer.o(i.rt_timer_stop)
    rt_vsnprintf                             0x080021b5   Thumb Code   646  kservice.o(i.rt_vsnprintf)
    rtthread_startup                         0x08002455   Thumb Code    42  components.o(i.rtthread_startup)
    __lowest_bit_bitmap                      0x0800257c   Data         256  kservice.o(.constdata)
    __rt_init_rti_start                      0x0800298c   Data           4  components.o(.rti_fn.0)
    __rt_init_rti_board_start                0x08002990   Data           4  components.o(.rti_fn.0.end)
    __rt_init_rti_board_end                  0x08002994   Data           4  components.o(.rti_fn.1.end)
    __rt_init_rti_end                        0x08002998   Data           4  components.o(.rti_fn.6.end)
    Region$$Table$$Base                      0x0800299c   Number         0  anon$$obj.o(Region$$Table)
    Region$$Table$$Limit                     0x080029bc   Number         0  anon$$obj.o(Region$$Table)
    SystemCoreClock                          0x20000000   Data           4  system_stm32f4xx.o(.data)
    AHBPrescTable                            0x20000004   Data          16  system_stm32f4xx.o(.data)
    rt_interrupt_nest                        0x20000018   Data           1  irq.o(.data)
    rt_assert_hook                           0x20000020   Data           4  kservice.o(.data)
    rt_current_priority                      0x2000007c   Data           1  scheduler.o(.data)
    rt_current_thread                        0x20000080   Data           4  scheduler.o(.data)
    rt_thread_ready_priority_group           0x20000084   Data           4  scheduler.o(.data)
    rt_thread_defunct                        0x20000088   Data           8  scheduler.o(.data)
    rt_interrupt_from_thread                 0x200000a0   Data           4  cpuport.o(.data)
    rt_interrupt_to_thread                   0x200000a4   Data           4  cpuport.o(.data)
    rt_thread_switch_interrupt_flag          0x200000a8   Data           4  cpuport.o(.data)
    rt_thread_priority_table                 0x2000173c   Data         256  scheduler.o(.bss)
    __initial_sp                             0x20001c40   Data           0  startup_stm32f429_439xx.o(STACK)



==============================================================================

Memory Map of the image

  Image Entry point : 0x080001ad

  Load Region LR_IROM1 (Base: 0x08000000, Size: 0x00002a68, Max: 0x00100000, ABSOLUTE)

    Execution Region ER_IROM1 (Exec base: 0x08000000, Load base: 0x08000000, Size: 0x000029bc, Max: 0x00100000, ABSOLUTE)

    Exec Addr    Load Addr    Size         Type   Attr      Idx    E Section Name        Object

    0x08000000   0x08000000   0x000001ac   Data   RO            3    RESET               startup_stm32f429_439xx.o
    0x080001ac   0x080001ac   0x00000000   Code   RO         6368  * .ARM.Collect$$$$00000000  mc_w.l(entry.o)
    0x080001ac   0x080001ac   0x00000004   Code   RO         6371    .ARM.Collect$$$$00000001  mc_w.l(entry2.o)
    0x080001b0   0x080001b0   0x00000004   Code   RO         6374    .ARM.Collect$$$$00000004  mc_w.l(entry5.o)
    0x080001b4   0x080001b4   0x00000000   Code   RO         6376    .ARM.Collect$$$$00000008  mc_w.l(entry7b.o)
    0x080001b4   0x080001b4   0x00000000   Code   RO         6378    .ARM.Collect$$$$0000000A  mc_w.l(entry8b.o)
    0x080001b4   0x080001b4   0x00000008   Code   RO         6379    .ARM.Collect$$$$0000000B  mc_w.l(entry9a.o)
    0x080001bc   0x080001bc   0x00000000   Code   RO         6381    .ARM.Collect$$$$0000000D  mc_w.l(entry10a.o)
    0x080001bc   0x080001bc   0x00000000   Code   RO         6383    .ARM.Collect$$$$0000000F  mc_w.l(entry11a.o)
    0x080001bc   0x080001bc   0x00000004   Code   RO         6372    .ARM.Collect$$$$00002712  mc_w.l(entry2.o)
    0x080001c0   0x080001c0   0x00000024   Code   RO            4    .text               startup_stm32f429_439xx.o
    0x080001e4   0x080001e4   0x000000d4   Code   RO         6364    .text               context_rvds.o
    0x080002b8   0x080002b8   0x00000024   Code   RO         6385    .text               mc_w.l(init.o)
    0x080002dc   0x080002dc   0x0000000e   Code   RO         5435    i.$Sub$$main        components.o
    0x080002ea   0x080002ea   0x00000002   Code   RO         5250    i.BusFault_Handler  stm32f4xx_it.o
    0x080002ec   0x080002ec   0x00000002   Code   RO         5251    i.DebugMon_Handler  stm32f4xx_it.o
    0x080002ee   0x080002ee   0x0000007c   Code   RO         2046    i.GPIO_Init         stm32f4xx_gpio.o
    0x0800036a   0x0800036a   0x00000002   PAD
    0x0800036c   0x0800036c   0x0000005c   Code   RO         5325    i.LED_GPIO_Config   bsp_led.o
    0x080003c8   0x080003c8   0x00000002   Code   RO         5253    i.MemManage_Handler  stm32f4xx_it.o
    0x080003ca   0x080003ca   0x00000002   Code   RO         5254    i.NMI_Handler       stm32f4xx_it.o
    0x080003cc   0x080003cc   0x0000001c   Code   RO         2960    i.RCC_AHB1PeriphClockCmd  stm32f4xx_rcc.o
    0x080003e8   0x080003e8   0x00000002   Code   RO         5256    i.SVC_Handler       stm32f4xx_it.o
    0x080003ea   0x080003ea   0x00000002   PAD
    0x080003ec   0x080003ec   0x000000d4   Code   RO           13    i.SetSysClock       system_stm32f4xx.o
    0x080004c0   0x080004c0   0x00000012   Code   RO         5349    i.SysTick_Handler   board.o
    0x080004d2   0x080004d2   0x00000002   PAD
    0x080004d4   0x080004d4   0x00000050   Code   RO           15    i.SystemInit        system_stm32f4xx.o
    0x08000524   0x08000524   0x00000002   Code   RO         5258    i.UsageFault_Handler  stm32f4xx_it.o
    0x08000526   0x08000526   0x00000002   PAD
    0x08000528   0x08000528   0x00000048   Code   RO         5704    i.__rt_ffs          kservice.o
    0x08000570   0x08000570   0x0000000e   Code   RO         6389    i.__scatterload_copy  mc_w.l(handlers.o)
    0x0800057e   0x0800057e   0x00000002   Code   RO         6390    i.__scatterload_null  mc_w.l(handlers.o)
    0x08000580   0x08000580   0x0000000e   Code   RO         6391    i.__scatterload_zeroinit  mc_w.l(handlers.o)
    0x0800058e   0x0800058e   0x00000002   PAD
    0x08000590   0x08000590   0x00000014   Code   RO         5510    i._has_defunct_thread  idle.o
    0x080005a4   0x080005a4   0x000000ac   Code   RO         6108    i._rt_thread_init   thread.o
    0x08000650   0x08000650   0x00000026   Code   RO         6224    i._rt_timer_init    timer.o
    0x08000676   0x08000676   0x00000022   Code   RO         6225    i._rt_timer_remove  timer.o
    0x08000698   0x08000698   0x00000024   Code   RO         5161    i.led1_thread_entry  main.o
    0x080006bc   0x080006bc   0x00000040   Code   RO         5162    i.main              main.o
    0x080006fc   0x080006fc   0x0000000e   Code   RO         5436    i.main_thread_entry  components.o
    0x0800070a   0x0800070a   0x00000002   PAD
    0x0800070c   0x0800070c   0x000000e8   Code   RO         5896    i.plug_holes        mem.o
    0x080007f4   0x080007f4   0x00000128   Code   RO         5706    i.print_number      kservice.o
    0x0800091c   0x0800091c   0x00000050   Code   RO         5437    i.rt_application_init  components.o
    0x0800096c   0x0800096c   0x00000070   Code   RO         5707    i.rt_assert_handler  kservice.o
    0x080009dc   0x080009dc   0x0000001c   Code   RO         5438    i.rt_components_board_init  components.o
    0x080009f8   0x080009f8   0x0000001c   Code   RO         5439    i.rt_components_init  components.o
    0x08000a14   0x08000a14   0x0000001c   Code   RO         6031    i.rt_enter_critical  scheduler.o
    0x08000a30   0x08000a30   0x00000030   Code   RO         6032    i.rt_exit_critical  scheduler.o
    0x08000a60   0x08000a60   0x000001c4   Code   RO         5898    i.rt_free           mem.o
    0x08000c24   0x08000c24   0x00000008   Code   RO         5350    i.rt_heap_begin_get  board.o
    0x08000c2c   0x08000c2c   0x00000008   Code   RO         5351    i.rt_heap_end_get   board.o
    0x08000c34   0x08000c34   0x0000005c   Code   RO         5352    i.rt_hw_board_init  board.o
    0x08000c90   0x08000c90   0x00000002   Code   RO         5711    i.rt_hw_console_output  kservice.o
    0x08000c92   0x08000c92   0x00000002   PAD
    0x08000c94   0x08000c94   0x00000104   Code   RO         6329    i.rt_hw_hard_fault_exception  cpuport.o
    0x08000d98   0x08000d98   0x0000003c   Code   RO         6330    i.rt_hw_stack_init  cpuport.o
    0x08000dd4   0x08000dd4   0x0000001c   Code   RO         5677    i.rt_interrupt_enter  irq.o
    0x08000df0   0x08000df0   0x0000000c   Code   RO         5678    i.rt_interrupt_get_nest  irq.o
    0x08000dfc   0x08000dfc   0x0000001c   Code   RO         5679    i.rt_interrupt_leave  irq.o
    0x08000e18   0x08000e18   0x0000005c   Code   RO         5552    i.rt_ipc_list_suspend  ipc.o
    0x08000e74   0x08000e74   0x00000024   Code   RO         5712    i.rt_kprintf        kservice.o
    0x08000e98   0x08000e98   0x0000000e   Code   RO         5960    i.rt_list_insert_after  object.o
    0x08000ea6   0x08000ea6   0x0000000e   Code   RO         6109    i.rt_list_insert_after  thread.o
    0x08000eb4   0x08000eb4   0x0000000e   Code   RO         6226    i.rt_list_insert_after  timer.o
    0x08000ec2   0x08000ec2   0x0000000e   Code   RO         5553    i.rt_list_insert_before  ipc.o
    0x08000ed0   0x08000ed0   0x0000000e   Code   RO         5554    i.rt_list_isempty   ipc.o
    0x08000ede   0x08000ede   0x0000000e   Code   RO         6227    i.rt_list_isempty   timer.o
    0x08000eec   0x08000eec   0x00000012   Code   RO         5961    i.rt_list_remove    object.o
    0x08000efe   0x08000efe   0x00000012   Code   RO         6110    i.rt_list_remove    thread.o
    0x08000f10   0x08000f10   0x00000210   Code   RO         5899    i.rt_malloc         mem.o
    0x08001120   0x08001120   0x00000046   Code   RO         5718    i.rt_memset         kservice.o
    0x08001166   0x08001166   0x00000002   PAD
    0x08001168   0x08001168   0x000000c8   Code   RO         5962    i.rt_object_allocate  object.o
    0x08001230   0x08001230   0x00000088   Code   RO         5963    i.rt_object_delete  object.o
    0x080012b8   0x080012b8   0x00000044   Code   RO         5964    i.rt_object_detach  object.o
    0x080012fc   0x080012fc   0x00000024   Code   RO         5966    i.rt_object_get_information  object.o
    0x08001320   0x08001320   0x00000068   Code   RO         5967    i.rt_object_init    object.o
    0x08001388   0x08001388   0x0000003c   Code   RO         5968    i.rt_object_is_systemobject  object.o
    0x080013c4   0x080013c4   0x00000074   Code   RO         6033    i.rt_schedule       scheduler.o
    0x08001438   0x08001438   0x00000074   Code   RO         6034    i.rt_schedule_insert_thread  scheduler.o
    0x080014ac   0x080014ac   0x0000007c   Code   RO         6035    i.rt_schedule_remove_thread  scheduler.o
    0x08001528   0x08001528   0x0000004c   Code   RO         5567    i.rt_sem_init       ipc.o
    0x08001574   0x08001574   0x0000003c   Code   RO         5568    i.rt_sem_release    ipc.o
    0x080015b0   0x080015b0   0x00000148   Code   RO         5569    i.rt_sem_take       ipc.o
    0x080016f8   0x080016f8   0x000000b0   Code   RO         5720    i.rt_show_version   kservice.o
    0x080017a8   0x080017a8   0x00000010   Code   RO         5726    i.rt_strlen         kservice.o
    0x080017b8   0x080017b8   0x00000026   Code   RO         5728    i.rt_strncpy        kservice.o
    0x080017de   0x080017de   0x00000002   PAD
    0x080017e0   0x080017e0   0x00000108   Code   RO         5902    i.rt_system_heap_init  mem.o
    0x080018e8   0x080018e8   0x00000034   Code   RO         6036    i.rt_system_scheduler_init  scheduler.o
    0x0800191c   0x0800191c   0x00000028   Code   RO         6037    i.rt_system_scheduler_start  scheduler.o
    0x08001944   0x08001944   0x00000018   Code   RO         6228    i.rt_system_timer_init  timer.o
    0x0800195c   0x0800195c   0x00000002   Code   RO         6229    i.rt_system_timer_thread_init  timer.o
    0x0800195e   0x0800195e   0x0000004c   Code   RO         6112    i.rt_thread_create  thread.o
    0x080019aa   0x080019aa   0x00000004   Code   RO         6113    i.rt_thread_delay   thread.o
    0x080019ae   0x080019ae   0x00000002   PAD
    0x080019b0   0x080019b0   0x00000058   Code   RO         6116    i.rt_thread_exit    thread.o
    0x08001a08   0x08001a08   0x00000006   Code   RO         5511    i.rt_thread_idle_entry  idle.o
    0x08001a0e   0x08001a0e   0x00000002   PAD
    0x08001a10   0x08001a10   0x000000d0   Code   RO         5512    i.rt_thread_idle_excute  idle.o
    0x08001ae0   0x08001ae0   0x00000040   Code   RO         5514    i.rt_thread_idle_init  idle.o
    0x08001b20   0x08001b20   0x00000084   Code   RO         6118    i.rt_thread_init    thread.o
    0x08001ba4   0x08001ba4   0x00000064   Code   RO         6119    i.rt_thread_resume  thread.o
    0x08001c08   0x08001c08   0x0000000c   Code   RO         6120    i.rt_thread_self    thread.o
    0x08001c14   0x08001c14   0x00000068   Code   RO         6121    i.rt_thread_sleep   thread.o
    0x08001c7c   0x08001c7c   0x000000a0   Code   RO         6122    i.rt_thread_startup  thread.o
    0x08001d1c   0x08001d1c   0x0000006c   Code   RO         6123    i.rt_thread_suspend  thread.o
    0x08001d88   0x08001d88   0x0000009c   Code   RO         6124    i.rt_thread_timeout  thread.o
    0x08001e24   0x08001e24   0x00000060   Code   RO         6125    i.rt_thread_yield   thread.o
    0x08001e84   0x08001e84   0x0000000c   Code   RO         5399    i.rt_tick_get       clock.o
    0x08001e90   0x08001e90   0x0000002c   Code   RO         5400    i.rt_tick_increase  clock.o
    0x08001ebc   0x08001ebc   0x0000006c   Code   RO         6230    i.rt_timer_check    timer.o
    0x08001f28   0x08001f28   0x00000064   Code   RO         6231    i.rt_timer_control  timer.o
    0x08001f8c   0x08001f8c   0x00000048   Code   RO         6234    i.rt_timer_detach   timer.o
    0x08001fd4   0x08001fd4   0x00000054   Code   RO         6235    i.rt_timer_init     timer.o
    0x08002028   0x08002028   0x00000134   Code   RO         6238    i.rt_timer_start    timer.o
    0x0800215c   0x0800215c   0x00000058   Code   RO         6239    i.rt_timer_stop     timer.o
    0x080021b4   0x080021b4   0x00000290   Code   RO         5731    i.rt_vsnprintf      kservice.o
    0x08002444   0x08002444   0x00000004   Code   RO         5440    i.rti_board_end     components.o
    0x08002448   0x08002448   0x00000004   Code   RO         5441    i.rti_board_start   components.o
    0x0800244c   0x0800244c   0x00000004   Code   RO         5442    i.rti_end           components.o
    0x08002450   0x08002450   0x00000004   Code   RO         5443    i.rti_start         components.o
    0x08002454   0x08002454   0x0000002a   Code   RO         5444    i.rtthread_startup  components.o
    0x0800247e   0x0800247e   0x00000028   Code   RO         5733    i.skip_atoi         kservice.o
    0x080024a6   0x080024a6   0x00000014   Data   RO         5445    .constdata          components.o
    0x080024ba   0x080024ba   0x00000016   Data   RO         5516    .constdata          idle.o
    0x080024d0   0x080024d0   0x000000ac   Data   RO         5571    .constdata          ipc.o
    0x0800257c   0x0800257c   0x00000122   Data   RO         5735    .constdata          kservice.o
    0x0800269e   0x0800269e   0x00000046   Data   RO         5904    .constdata          mem.o
    0x080026e4   0x080026e4   0x0000006d   Data   RO         5970    .constdata          object.o
    0x08002751   0x08002751   0x00000034   Data   RO         6039    .constdata          scheduler.o
    0x08002785   0x08002785   0x000000b9   Data   RO         6126    .constdata          thread.o
    0x0800283e   0x0800283e   0x0000005c   Data   RO         6240    .constdata          timer.o
    0x0800289a   0x0800289a   0x00000002   PAD
    0x0800289c   0x0800289c   0x000000ed   Data   RO         5905    .conststring        mem.o
    0x08002989   0x08002989   0x00000003   PAD
    0x0800298c   0x0800298c   0x00000004   Data   RO         5446    .rti_fn.0           components.o
    0x08002990   0x08002990   0x00000004   Data   RO         5447    .rti_fn.0.end       components.o
    0x08002994   0x08002994   0x00000004   Data   RO         5448    .rti_fn.1.end       components.o
    0x08002998   0x08002998   0x00000004   Data   RO         5449    .rti_fn.6.end       components.o
    0x0800299c   0x0800299c   0x00000020   Data   RO         6387    Region$$Table       anon$$obj.o


    Execution Region RW_IRAM1 (Exec base: 0x20000000, Load base: 0x080029bc, Size: 0x00001c40, Max: 0x00030000, ABSOLUTE)

    Exec Addr    Load Addr    Size         Type   Attr      Idx    E Section Name        Object

    0x20000000   0x080029bc   0x00000014   Data   RW           16    .data               system_stm32f4xx.o
    0x20000014   0x080029d0   0x00000004   Data   RW         5402    .data               clock.o
    0x20000018   0x080029d4   0x00000001   Data   RW         5680    .data               irq.o
    0x20000019   0x080029d5   0x00000003   PAD
    0x2000001c   0x080029d8   0x00000008   Data   RW         5736    .data               kservice.o
    0x20000024   0x080029e0   0x00000018   Data   RW         5906    .data               mem.o
    0x2000003c   0x080029f8   0x00000040   Data   RW         5971    .data               object.o
    0x2000007c   0x08002a38   0x00000014   Data   RW         6040    .data               scheduler.o
    0x20000090   0x08002a4c   0x0000000c   Data   RW         6241    .data               timer.o
    0x2000009c   0x08002a58   0x00000004   Data   RW         6332    .data               cpuport.o
    0x200000a0   0x08002a5c   0x00000004   Data   RW         6333    .data               cpuport.o
    0x200000a4   0x08002a60   0x00000004   Data   RW         6334    .data               cpuport.o
    0x200000a8   0x08002a64   0x00000004   Data   RW         6335    .data               cpuport.o
    0x200000ac        -       0x00000478   Zero   RW         5163    .bss                main.o
    0x20000524        -       0x00001000   Zero   RW         5353    .bss                board.o
    0x20001524        -       0x00000178   Zero   RW         5515    .bss                idle.o
    0x2000169c        -       0x00000080   Zero   RW         5734    .bss                kservice.o
    0x2000171c        -       0x00000020   Zero   RW         5903    .bss                mem.o
    0x2000173c        -       0x00000100   Zero   RW         6038    .bss                scheduler.o
    0x2000183c   0x08002a68   0x00000004   PAD
    0x20001840        -       0x00000400   Zero   RW            1    STACK               startup_stm32f429_439xx.o


==============================================================================

Image component sizes


      Code (inc. data)   RO Data    RW Data    ZI Data      Debug   Object Name

       126         22          0          0       4096      29254   board.o
        92          6          0          0          0        586   bsp_led.o
        56         12          0          4          0       1317   clock.o
       222         48         36          0          0       6268   components.o
       212         26          0          0          0        816   context_rvds.o
       320        164          0         16          0       3358   cpuport.o
       298         76         22          0        376       5450   idle.o
       584        142        172          0          0      16447   ipc.o
        68         18          0          1          0       2258   irq.o
      1514        224        290          8        128      11238   kservice.o
       100         22          0          0       1144       7163   main.o
      1476        608        307         24         32       6589   mem.o
       636        228        109         64          0       9365   object.o
       524        106         52         20        256       8378   scheduler.o
        36          8        428          0       1024        952   startup_stm32f429_439xx.o
       124          0          0          0          0       1304   stm32f4xx_gpio.o
        12          0          0          0          0       2771   stm32f4xx_it.o
        28          6          0          0          0        669   stm32f4xx_rcc.o
       292         34          0         20          0     253569   system_stm32f4xx.o
      1240        370        185          0          0      15825   thread.o
       886        178         92         12          0      11870   timer.o

    ----------------------------------------------------------------------
      8866       2298       1730        172       7060     395447   Object Totals
         0          0         32          0          0          0   (incl. Generated)
        20          0          5          3          4          0   (incl. Padding)

    ----------------------------------------------------------------------

      Code (inc. data)   RO Data    RW Data    ZI Data      Debug   Library Member Name

         0          0          0          0          0          0   entry.o
         0          0          0          0          0          0   entry10a.o
         0          0          0          0          0          0   entry11a.o
         8          4          0          0          0          0   entry2.o
         4          0          0          0          0          0   entry5.o
         0          0          0          0          0          0   entry7b.o
         0          0          0          0          0          0   entry8b.o
         8          4          0          0          0          0   entry9a.o
        30          0          0          0          0          0   handlers.o
        36          8          0          0          0         68   init.o

    ----------------------------------------------------------------------
        88         16          0          0          0         68   Library Totals
         2          0          0          0          0          0   (incl. Padding)

    ----------------------------------------------------------------------

      Code (inc. data)   RO Data    RW Data    ZI Data      Debug   Library Name

        86         16          0          0          0         68   mc_w.l

    ----------------------------------------------------------------------
        88         16          0          0          0         68   Library Totals

    ----------------------------------------------------------------------

==============================================================================


      Code (inc. data)   RO Data    RW Data    ZI Data      Debug   

      8954       2314       1730        172       7060     390623   Grand Totals
      8954       2314       1730        172       7060     390623   ELF Image Totals
      8954       2314       1730        172          0          0   ROM Totals

==============================================================================

    Total RO  Size (Code + RO Data)                10684 (  10.43kB)
    Total RW  Size (RW Data + ZI Data)              7232 (   7.06kB)
    Total ROM Size (Code + RO Data + RW Data)      10856 (  10.60kB)

==============================================================================

