Component: ARM Compiler 5.06 update 6 (build 750) Tool: armlink [4d35ed]

==============================================================================

Section Cross References

    startup_stm32f429_439xx.o(RESET) refers to startup_stm32f429_439xx.o(STACK) for __initial_sp
    startup_stm32f429_439xx.o(RESET) refers to startup_stm32f429_439xx.o(.text) for Reset_Handler
    startup_stm32f429_439xx.o(RESET) refers to stm32f4xx_it.o(i.NMI_Handler) for NMI_Handler
    startup_stm32f429_439xx.o(RESET) refers to context_rvds.o(.text) for HardFault_Handler
    startup_stm32f429_439xx.o(RESET) refers to stm32f4xx_it.o(i.MemManage_Handler) for MemManage_Handler
    startup_stm32f429_439xx.o(RESET) refers to stm32f4xx_it.o(i.BusFault_Handler) for BusFault_Handler
    startup_stm32f429_439xx.o(RESET) refers to stm32f4xx_it.o(i.UsageFault_Handler) for UsageFault_Handler
    startup_stm32f429_439xx.o(RESET) refers to stm32f4xx_it.o(i.SVC_Handler) for SVC_Handler
    startup_stm32f429_439xx.o(RESET) refers to stm32f4xx_it.o(i.DebugMon_Handler) for DebugMon_Handler
    startup_stm32f429_439xx.o(RESET) refers to board.o(i.SysTick_Handler) for SysTick_Handler
    startup_stm32f429_439xx.o(.text) refers to system_stm32f4xx.o(i.SystemInit) for SystemInit
    startup_stm32f429_439xx.o(.text) refers to entry.o(.ARM.Collect$$$$00000000) for __main
    system_stm32f4xx.o(i.SystemCoreClockUpdate) refers to system_stm32f4xx.o(.data) for .data
    system_stm32f4xx.o(i.SystemInit) refers to system_stm32f4xx.o(i.SetSysClock) for SetSysClock
    stm32f4xx_adc.o(i.ADC_DeInit) refers to stm32f4xx_rcc.o(i.RCC_APB2PeriphResetCmd) for RCC_APB2PeriphResetCmd
    stm32f4xx_can.o(i.CAN_DeInit) refers to stm32f4xx_rcc.o(i.RCC_APB1PeriphResetCmd) for RCC_APB1PeriphResetCmd
    stm32f4xx_can.o(i.CAN_GetITStatus) refers to stm32f4xx_can.o(i.CheckITStatus) for CheckITStatus
    stm32f4xx_cryp.o(i.CRYP_DeInit) refers to stm32f4xx_rcc.o(i.RCC_AHB2PeriphResetCmd) for RCC_AHB2PeriphResetCmd
    stm32f4xx_cryp_aes.o(i.CRYP_AES_CBC) refers to stm32f4xx_cryp.o(i.CRYP_KeyStructInit) for CRYP_KeyStructInit
    stm32f4xx_cryp_aes.o(i.CRYP_AES_CBC) refers to stm32f4xx_cryp.o(i.CRYP_KeyInit) for CRYP_KeyInit
    stm32f4xx_cryp_aes.o(i.CRYP_AES_CBC) refers to stm32f4xx_cryp.o(i.CRYP_Init) for CRYP_Init
    stm32f4xx_cryp_aes.o(i.CRYP_AES_CBC) refers to stm32f4xx_cryp.o(i.CRYP_IVInit) for CRYP_IVInit
    stm32f4xx_cryp_aes.o(i.CRYP_AES_CBC) refers to stm32f4xx_cryp.o(i.CRYP_FIFOFlush) for CRYP_FIFOFlush
    stm32f4xx_cryp_aes.o(i.CRYP_AES_CBC) refers to stm32f4xx_cryp.o(i.CRYP_Cmd) for CRYP_Cmd
    stm32f4xx_cryp_aes.o(i.CRYP_AES_CBC) refers to stm32f4xx_cryp.o(i.CRYP_GetCmdStatus) for CRYP_GetCmdStatus
    stm32f4xx_cryp_aes.o(i.CRYP_AES_CBC) refers to stm32f4xx_cryp.o(i.CRYP_GetFlagStatus) for CRYP_GetFlagStatus
    stm32f4xx_cryp_aes.o(i.CRYP_AES_CBC) refers to stm32f4xx_cryp.o(i.CRYP_DataIn) for CRYP_DataIn
    stm32f4xx_cryp_aes.o(i.CRYP_AES_CBC) refers to stm32f4xx_cryp.o(i.CRYP_DataOut) for CRYP_DataOut
    stm32f4xx_cryp_aes.o(i.CRYP_AES_CCM) refers to stm32f4xx_cryp.o(i.CRYP_KeyStructInit) for CRYP_KeyStructInit
    stm32f4xx_cryp_aes.o(i.CRYP_AES_CCM) refers to stm32f4xx_cryp.o(i.CRYP_FIFOFlush) for CRYP_FIFOFlush
    stm32f4xx_cryp_aes.o(i.CRYP_AES_CCM) refers to stm32f4xx_cryp.o(i.CRYP_KeyInit) for CRYP_KeyInit
    stm32f4xx_cryp_aes.o(i.CRYP_AES_CCM) refers to stm32f4xx_cryp.o(i.CRYP_IVInit) for CRYP_IVInit
    stm32f4xx_cryp_aes.o(i.CRYP_AES_CCM) refers to stm32f4xx_cryp.o(i.CRYP_Init) for CRYP_Init
    stm32f4xx_cryp_aes.o(i.CRYP_AES_CCM) refers to stm32f4xx_cryp.o(i.CRYP_PhaseConfig) for CRYP_PhaseConfig
    stm32f4xx_cryp_aes.o(i.CRYP_AES_CCM) refers to stm32f4xx_cryp.o(i.CRYP_DataIn) for CRYP_DataIn
    stm32f4xx_cryp_aes.o(i.CRYP_AES_CCM) refers to stm32f4xx_cryp.o(i.CRYP_Cmd) for CRYP_Cmd
    stm32f4xx_cryp_aes.o(i.CRYP_AES_CCM) refers to stm32f4xx_cryp.o(i.CRYP_GetCmdStatus) for CRYP_GetCmdStatus
    stm32f4xx_cryp_aes.o(i.CRYP_AES_CCM) refers to stm32f4xx_cryp.o(i.CRYP_GetFlagStatus) for CRYP_GetFlagStatus
    stm32f4xx_cryp_aes.o(i.CRYP_AES_CCM) refers to stm32f4xx_cryp.o(i.CRYP_DataOut) for CRYP_DataOut
    stm32f4xx_cryp_aes.o(i.CRYP_AES_CTR) refers to stm32f4xx_cryp.o(i.CRYP_KeyStructInit) for CRYP_KeyStructInit
    stm32f4xx_cryp_aes.o(i.CRYP_AES_CTR) refers to stm32f4xx_cryp.o(i.CRYP_KeyInit) for CRYP_KeyInit
    stm32f4xx_cryp_aes.o(i.CRYP_AES_CTR) refers to stm32f4xx_cryp.o(i.CRYP_Init) for CRYP_Init
    stm32f4xx_cryp_aes.o(i.CRYP_AES_CTR) refers to stm32f4xx_cryp.o(i.CRYP_IVInit) for CRYP_IVInit
    stm32f4xx_cryp_aes.o(i.CRYP_AES_CTR) refers to stm32f4xx_cryp.o(i.CRYP_FIFOFlush) for CRYP_FIFOFlush
    stm32f4xx_cryp_aes.o(i.CRYP_AES_CTR) refers to stm32f4xx_cryp.o(i.CRYP_Cmd) for CRYP_Cmd
    stm32f4xx_cryp_aes.o(i.CRYP_AES_CTR) refers to stm32f4xx_cryp.o(i.CRYP_GetCmdStatus) for CRYP_GetCmdStatus
    stm32f4xx_cryp_aes.o(i.CRYP_AES_CTR) refers to stm32f4xx_cryp.o(i.CRYP_DataIn) for CRYP_DataIn
[...]
    Removing stm32f4xx_wwdg.o(i.WWDG_SetCounter), (16 bytes).
    Removing stm32f4xx_wwdg.o(i.WWDG_SetPrescaler), (20 bytes).
    Removing stm32f4xx_wwdg.o(i.WWDG_SetWindowValue), (32 bytes).
    Removing main.o(.rev16_text), (4 bytes).
    Removing main.o(.revsh_text), (4 bytes).
    Removing main.o(.rrx_text), (6 bytes).
    Removing stm32f4xx_it.o(.rev16_text), (4 bytes).
    Removing stm32f4xx_it.o(.revsh_text), (4 bytes).
    Removing stm32f4xx_it.o(.rrx_text), (6 bytes).
    Removing stm32f4xx_it.o(i.HardFault_Handler), (2 bytes).
    Removing stm32f4xx_it.o(i.PendSV_Handler), (2 bytes).
    Removing stm32f4xx_it.o(i.SysTick_Handler), (2 bytes).
    Removing bsp_led.o(.rev16_text), (4 bytes).
    Removing bsp_led.o(.revsh_text), (4 bytes).
    Removing bsp_led.o(.rrx_text), (6 bytes).
    Removing board.o(.rev16_text), (4 bytes).
    Removing board.o(.revsh_text), (4 bytes).
    Removing board.o(.rrx_text), (6 bytes).
    Removing bsp_debug_usart.o(.rev16_text), (4 bytes).
    Removing bsp_debug_usart.o(.revsh_text), (4 bytes).
    Removing bsp_debug_usart.o(.rrx_text), (6 bytes).
    Removing bsp_debug_usart.o(i.Usart_SendByte), (24 bytes).
    Removing bsp_debug_usart.o(i.Usart_SendHalfWord), (50 bytes).
    Removing bsp_debug_usart.o(i.Usart_SendString), (38 bytes).
    Removing bsp_debug_usart.o(i.fgetc), (32 bytes).
    Removing bsp_debug_usart.o(i.fputc), (36 bytes).
    Removing bsp_key.o(.rev16_text), (4 bytes).
    Removing bsp_key.o(.revsh_text), (4 bytes).
    Removing bsp_key.o(.rrx_text), (6 bytes).
    Removing bsp_key.o(i.Key_Delay), (18 bytes).
    Removing clock.o(i.rt_system_tick_init), (2 bytes).
    Removing clock.o(i.rt_tick_from_millisecond), (34 bytes).
    Removing clock.o(i.rt_tick_set), (24 bytes).
    Removing idle.o(i.rt_thread_idle_gethandler), (8 bytes).
    Removing ipc.o(i.rt_ipc_list_resume_all), (46 bytes).
    Removing ipc.o(i.rt_mb_control), (96 bytes).
    Removing ipc.o(i.rt_mb_create), (168 bytes).
    Removing ipc.o(i.rt_mb_delete), (152 bytes).
    Removing ipc.o(i.rt_mb_detach), (68 bytes).
    Removing ipc.o(i.rt_mb_init), (92 bytes).
    Removing ipc.o(i.rt_mb_recv), (464 bytes).
    Removing ipc.o(i.rt_mb_send), (6 bytes).
    Removing ipc.o(i.rt_mb_send_wait), (460 bytes).
    Removing ipc.o(i.rt_sem_control), (84 bytes).
    Removing ipc.o(i.rt_sem_create), (124 bytes).
    Removing ipc.o(i.rt_sem_delete), (140 bytes).
    Removing ipc.o(i.rt_sem_detach), (56 bytes).
    Removing ipc.o(i.rt_sem_trytake), (6 bytes).
    Removing kservice.o(i._rt_errno), (32 bytes).
    Removing kservice.o(i.rt_assert_set_hook), (12 bytes).
    Removing kservice.o(i.rt_free_align), (8 bytes).
    Removing kservice.o(i.rt_get_errno), (32 bytes).
    Removing kservice.o(i.rt_hw_console_output), (2 bytes).
    Removing kservice.o(i.rt_kputs), (12 bytes).
    Removing kservice.o(i.rt_malloc_align), (50 bytes).
    Removing kservice.o(i.rt_memcmp), (28 bytes).
    Removing kservice.o(i.rt_memcpy), (78 bytes).
    Removing kservice.o(i.rt_memmove), (52 bytes).
    Removing kservice.o(i.rt_set_errno), (36 bytes).
    Removing kservice.o(i.rt_snprintf), (18 bytes).
    Removing kservice.o(i.rt_sprintf), (18 bytes).
    Removing kservice.o(i.rt_strcasecmp), (42 bytes).
    Removing kservice.o(i.rt_strcmp), (24 bytes).
    Removing kservice.o(i.rt_strdup), (40 bytes).
    Removing kservice.o(i.rt_strncmp), (32 bytes).
    Removing kservice.o(i.rt_strnlen), (20 bytes).
    Removing kservice.o(i.rt_strstr), (60 bytes).
    Removing kservice.o(i.rt_vsprintf), (18 bytes).
    Removing mem.o(i.rt_calloc), (120 bytes).
    Removing mem.o(i.rt_memory_info), (32 bytes).
    Removing mem.o(i.rt_realloc), (328 bytes).
    Removing object.o(i.rt_object_find), (204 bytes).
    Removing object.o(i.rt_system_object_init), (2 bytes).
    Removing scheduler.o(i.rt_critical_level), (12 bytes).
    Removing thread.o(i.rt_thread_control), (148 bytes).
    Removing thread.o(i.rt_thread_delete), (104 bytes).
    Removing thread.o(i.rt_thread_detach), (112 bytes).
    Removing thread.o(i.rt_thread_find), (124 bytes).
    Removing timer.o(i.rt_timer_create), (48 bytes).
    Removing timer.o(i.rt_timer_delete), (72 bytes).
    Removing timer.o(i.rt_timer_list_next_timeout), (24 bytes).
    Removing timer.o(i.rt_timer_next_timeout_tick), (12 bytes).
    Removing cpuport.o(i.rt_hw_cpu_shutdown), (48 bytes).
    Removing cpuport.o(i.rt_hw_exception_install), (12 bytes).
    Removing cpuport.o(.constdata), (19 bytes).

905 unused section(s) (total 35593 bytes) removed from the image.

==============================================================================

Image Symbol Table

    Local Symbols

    Symbol Name                              Value     Ov Type        Size  Object(Section)

    ../clib/microlib/init/entry.s            0x00000000   Number         0  entry9a.o ABSOLUTE
    ../clib/microlib/init/entry.s            0x00000000   Number         0  entry11b.o ABSOLUTE
    ../clib/microlib/init/entry.s            0x00000000   Number         0  entry8b.o ABSOLUTE
    ../clib/microlib/init/entry.s            0x00000000   Number         0  entry11a.o ABSOLUTE
    ../clib/microlib/init/entry.s            0x00000000   Number         0  entry2.o ABSOLUTE
    ../clib/microlib/init/entry.s            0x00000000   Number         0  entry8a.o ABSOLUTE
    ../clib/microlib/init/entry.s            0x00000000   Number         0  entry10a.o ABSOLUTE
    ../clib/microlib/init/entry.s            0x00000000   Number         0  entry10b.o ABSOLUTE
    ../clib/microlib/init/entry.s            0x00000000   Number         0  entry7b.o ABSOLUTE
    ../clib/microlib/init/entry.s            0x00000000   Number         0  entry7a.o ABSOLUTE
    ../clib/microlib/init/entry.s            0x00000000   Number         0  entry5.o ABSOLUTE
    ../clib/microlib/init/entry.s            0x00000000   Number         0  entry9b.o ABSOLUTE
    ../clib/microlib/init/entry.s            0x00000000   Number         0  entry.o ABSOLUTE
    ..\..\Libraries\CMSIS\Device\ST\STM32F4xx\Source\Templates\arm\startup_stm32f429_439xx.s 0x00000000   Number         0  startup_stm32f429_439xx.o ABSOLUTE
    ..\..\Libraries\CMSIS\Device\ST\STM32F4xx\Source\Templates\system_stm32f4xx.c 0x00000000   Number         0  system_stm32f4xx.o ABSOLUTE
    ..\..\Libraries\STM32F4xx_StdPeriph_Driver\src\misc.c 0x00000000   Number         0  misc.o ABSOLUTE
    ..\..\Libraries\STM32F4xx_StdPeriph_Driver\src\stm32f4xx_adc.c 0x00000000   Number         0  stm32f4xx_adc.o ABSOLUTE
    ..\..\Libraries\STM32F4xx_StdPeriph_Driver\src\stm32f4xx_can.c 0x00000000   Number         0  stm32f4xx_can.o ABSOLUTE
    ..\..\Libraries\STM32F4xx_StdPeriph_Driver\src\stm32f4xx_cec.c 0x00000000   Number         0  stm32f4xx_cec.o ABSOLUTE
    ..\..\Libraries\STM32F4xx_StdPeriph_Driver\src\stm32f4xx_crc.c 0x00000000   Number         0  stm32f4xx_crc.o ABSOLUTE
    ..\..\Libraries\STM32F4xx_StdPeriph_Driver\src\stm32f4xx_cryp.c 0x00000000   Number         0  stm32f4xx_cryp.o ABSOLUTE
    ..\..\Libraries\STM32F4xx_StdPeriph_Driver\src\stm32f4xx_cryp_aes.c 0x00000000   Number         0  stm32f4xx_cryp_aes.o ABSOLUTE
    ..\..\Libraries\STM32F4xx_StdPeriph_Driver\src\stm32f4xx_cryp_des.c 0x00000000   Number         0  stm32f4xx_cryp_des.o ABSOLUTE
    ..\..\Libraries\STM32F4xx_StdPeriph_Driver\src\stm32f4xx_cryp_tdes.c 0x00000000   Number         0  stm32f4xx_cryp_tdes.o ABSOLUTE
    ..\..\Libraries\STM32F4xx_StdPeriph_Driver\src\stm32f4xx_dac.c 0x00000000   Number         0  stm32f4xx_dac.o ABSOLUTE
    ..\..\Libraries\STM32F4xx_StdPeriph_Driver\src\stm32f4xx_dbgmcu.c 0x00000000   Number         0  stm32f4xx_dbgmcu.o ABSOLUTE
    ..\..\Libraries\STM32F4xx_StdPeriph_Driver\src\stm32f4xx_dcmi.c 0x00000000   Number         0  stm32f4xx_dcmi.o ABSOLUTE
    ..\..\Libraries\STM32F4xx_StdPeriph_Driver\src\stm32f4xx_dma.c 0x00000000   Number         0  stm32f4xx_dma.o ABSOLUTE
    ..\..\Libraries\STM32F4xx_StdPeriph_Driver\src\stm32f4xx_dma2d.c 0x00000000   Number         0  stm32f4xx_dma2d.o ABSOLUTE
    ..\..\Libraries\STM32F4xx_StdPeriph_Driver\src\stm32f4xx_exti.c 0x00000000   Number         0  stm32f4xx_exti.o ABSOLUTE
    ..\..\Libraries\STM32F4xx_StdPeriph_Driver\src\stm32f4xx_flash.c 0x00000000   Number         0  stm32f4xx_flash.o ABSOLUTE
    ..\..\Libraries\STM32F4xx_StdPeriph_Driver\src\stm32f4xx_flash_ramfunc.c 0x00000000   Number         0  stm32f4xx_flash_ramfunc.o ABSOLUTE
    ..\..\Libraries\STM32F4xx_StdPeriph_Driver\src\stm32f4xx_fmc.c 0x00000000   Number         0  stm32f4xx_fmc.o ABSOLUTE
    ..\..\Libraries\STM32F4xx_StdPeriph_Driver\src\stm32f4xx_fmpi2c.c 0x00000000   Number         0  stm32f4xx_fmpi2c.o ABSOLUTE
    ..\..\Libraries\STM32F4xx_StdPeriph_Driver\src\stm32f4xx_gpio.c 0x00000000   Number         0  stm32f4xx_gpio.o ABSOLUTE
    ..\..\Libraries\STM32F4xx_StdPeriph_Driver\src\stm32f4xx_hash.c 0x00000000   Number         0  stm32f4xx_hash.o ABSOLUTE
    ..\..\Libraries\STM32F4xx_StdPeriph_Driver\src\stm32f4xx_hash_md5.c 0x00000000   Number         0  stm32f4xx_hash_md5.o ABSOLUTE
    ..\..\Libraries\STM32F4xx_StdPeriph_Driver\src\stm32f4xx_hash_sha1.c 0x00000000   Number         0  stm32f4xx_hash_sha1.o ABSOLUTE
    ..\..\Libraries\STM32F4xx_StdPeriph_Driver\src\stm32f4xx_i2c.c 0x00000000   Number         0  stm32f4xx_i2c.o ABSOLUTE
    ..\..\Libraries\STM32F4xx_StdPeriph_Driver\src\stm32f4xx_iwdg.c 0x00000000   Number         0  stm32f4xx_iwdg.o ABSOLUTE
    ..\..\Libraries\STM32F4xx_StdPeriph_Driver\src\stm32f4xx_ltdc.c 0x00000000   Number         0  stm32f4xx_ltdc.o ABSOLUTE
    ..\..\Libraries\STM32F4xx_StdPeriph_Driver\src\stm32f4xx_pwr.c 0x00000000   Number         0  stm32f4xx_pwr.o ABSOLUTE
    ..\..\Libraries\STM32F4xx_StdPeriph_Driver\src\stm32f4xx_qspi.c 0x00000000   Number         0  stm32f4xx_qspi.o ABSOLUTE
    ..\..\Libraries\STM32F4xx_StdPeriph_Driver\src\stm32f4xx_rcc.c 0x00000000   Number         0  stm32f4xx_rcc.o ABSOLUTE
    ..\..\Libraries\STM32F4xx_StdPeriph_Driver\src\stm32f4xx_rng.c 0x00000000   Number         0  stm32f4xx_rng.o ABSOLUTE
    ..\..\Libraries\STM32F4xx_StdPeriph_Driver\src\stm32f4xx_rtc.c 0x00000000   Number         0  stm32f4xx_rtc.o ABSOLUTE
    ..\..\Libraries\STM32F4xx_StdPeriph_Driver\src\stm32f4xx_sai.c 0x00000000   Number         0  stm32f4xx_sai.o ABSOLUTE
    ..\..\Libraries\STM32F4xx_StdPeriph_Driver\src\stm32f4xx_sdio.c 0x00000000   Number         0  stm32f4xx_sdio.o ABSOLUTE
    ..\..\Libraries\STM32F4xx_StdPeriph_Driver\src\stm32f4xx_spdifrx.c 0x00000000   Number         0  stm32f4xx_spdifrx.o ABSOLUTE
    ..\..\Libraries\STM32F4xx_StdPeriph_Driver\src\stm32f4xx_spi.c 0x00000000   Number         0  stm32f4xx_spi.o ABSOLUTE
    ..\..\Libraries\STM32F4xx_StdPeriph_Driver\src\stm32f4xx_syscfg.c 0x00000000   Number         0  stm32f4xx_syscfg.o ABSOLUTE
    ..\..\Libraries\STM32F4xx_StdPeriph_Driver\src\stm32f4xx_tim.c 0x00000000   Number         0  stm32f4xx_tim.o ABSOLUTE
    ..\..\Libraries\STM32F4xx_StdPeriph_Driver\src\stm32f4xx_usart.c 0x00000000   Number         0  stm32f4xx_usart.o ABSOLUTE
    ..\..\Libraries\STM32F4xx_StdPeriph_Driver\src\stm32f4xx_wwdg.c 0x00000000   Number         0  stm32f4xx_wwdg.o ABSOLUTE
    ..\..\User\board.c                       0x00000000   Number         0  board.o ABSOLUTE
    ..\..\User\key\bsp_key.c                 0x00000000   Number         0  bsp_key.o ABSOLUTE
    ..\..\User\led\bsp_led.c                 0x00000000   Number         0  bsp_led.o ABSOLUTE
    ..\..\User\main.c                        0x00000000   Number         0  main.o ABSOLUTE
    ..\..\User\stm32f4xx_it.c                0x00000000   Number         0  stm32f4xx_it.o ABSOLUTE
    ..\..\User\usart\bsp_debug_usart.c       0x00000000   Number         0  bsp_debug_usart.o ABSOLUTE
    ..\..\rt-thread\3.0.3\libcpu\arm\cortex-m4\context_rvds.S 0x00000000   Number         0  context_rvds.o ABSOLUTE
    ..\..\rt-thread\3.0.3\libcpu\arm\cortex-m4\cpuport.c 0x00000000   Number         0  cpuport.o ABSOLUTE
    ..\..\rt-thread\3.0.3\src\clock.c        0x00000000   Number         0  clock.o ABSOLUTE
    ..\..\rt-thread\3.0.3\src\components.c   0x00000000   Number         0  components.o ABSOLUTE
    ..\..\rt-thread\3.0.3\src\device.c       0x00000000   Number         0  device.o ABSOLUTE
    ..\..\rt-thread\3.0.3\src\idle.c         0x00000000   Number         0  idle.o ABSOLUTE
    ..\..\rt-thread\3.0.3\src\ipc.c          0x00000000   Number         0  ipc.o ABSOLUTE
    ..\..\rt-thread\3.0.3\src\irq.c          0x00000000   Number         0  irq.o ABSOLUTE
    ..\..\rt-thread\3.0.3\src\kservice.c     0x00000000   Number         0  kservice.o ABSOLUTE
    ..\..\rt-thread\3.0.3\src\mem.c          0x00000000   Number         0  mem.o ABSOLUTE
    ..\..\rt-thread\3.0.3\src\memheap.c      0x00000000   Number         0  memheap.o ABSOLUTE
    ..\..\rt-thread\3.0.3\src\mempool.c      0x00000000   Number         0  mempool.o ABSOLUTE
    ..\..\rt-thread\3.0.3\src\object.c       0x00000000   Number         0  object.o ABSOLUTE
    ..\..\rt-thread\3.0.3\src\scheduler.c    0x00000000   Number         0  scheduler.o ABSOLUTE
    ..\..\rt-thread\3.0.3\src\signal.c       0x00000000   Number         0  signal.o ABSOLUTE
    ..\..\rt-thread\3.0.3\src\thread.c       0x00000000   Number         0  thread.o ABSOLUTE
    ..\..\rt-thread\3.0.3\src\timer.c        0x00000000   Number         0  timer.o ABSOLUTE
    ..\\..\\Libraries\\CMSIS\\Device\\ST\\STM32F4xx\\Source\\Templates\\system_stm32f4xx.c 0x00000000   Number         0  system_stm32f4xx.o ABSOLUTE
    ..\\..\\Libraries\\STM32F4xx_StdPeriph_Driver\\src\\misc.c 0x00000000   Number         0  misc.o ABSOLUTE
    ..\\..\\Libraries\\STM32F4xx_StdPeriph_Driver\\src\\stm32f4xx_adc.c 0x00000000   Number         0  stm32f4xx_adc.o ABSOLUTE
    ..\\..\\Libraries\\STM32F4xx_StdPeriph_Driver\\src\\stm32f4xx_can.c 0x00000000   Number         0  stm32f4xx_can.o ABSOLUTE
    ..\\..\\Libraries\\STM32F4xx_StdPeriph_Driver\\src\\stm32f4xx_cec.c 0x00000000   Number         0  stm32f4xx_cec.o ABSOLUTE
    ..\\..\\Libraries\\STM32F4xx_StdPeriph_Driver\\src\\stm32f4xx_crc.c 0x00000000   Number         0  stm32f4xx_crc.o ABSOLUTE
    ..\\..\\Libraries\\STM32F4xx_StdPeriph_Driver\\src\\stm32f4xx_cryp.c 0x00000000   Number         0  stm32f4xx_cryp.o ABSOLUTE
    ..\\..\\Libraries\\STM32F4xx_StdPeriph_Driver\\src\\stm32f4xx_cryp_aes.c 0x00000000   Number         0  stm32f4xx_cryp_aes.o ABSOLUTE
    ..\\..\\Libraries\\STM32F4xx_StdPeriph_Driver\\src\\stm32f4xx_cryp_des.c 0x00000000   Number         0  stm32f4xx_cryp_des.o ABSOLUTE
    ..\\..\\Libraries\\STM32F4xx_StdPeriph_Driver\\src\\stm32f4xx_cryp_tdes.c 0x00000000   Number         0  stm32f4xx_cryp_tdes.o ABSOLUTE
    ..\\..\\Libraries\\STM32F4xx_StdPeriph_Driver\\src\\stm32f4xx_dac.c 0x00000000   Number         0  stm32f4xx_dac.o ABSOLUTE
    ..\\..\\Libraries\\STM32F4xx_StdPeriph_Driver\\src\\stm32f4xx_dbgmcu.c 0x00000000   Number         0  stm32f4xx_dbgmcu.o ABSOLUTE
    ..\\..\\Libraries\\STM32F4xx_StdPeriph_Driver\\src\\stm32f4xx_dcmi.c 0x00000000   Number         0  stm32f4xx_dcmi.o ABSOLUTE
    ..\\..\\Libraries\\STM32F4xx_StdPeriph_Driver\\src\\stm32f4xx_dma.c 0x00000000   Number         0  stm32f4xx_dma.o ABSOLUTE
    ..\\..\\Libraries\\STM32F4xx_StdPeriph_Driver\\src\\stm32f4xx_dma2d.c 0x00000000   Number         0  stm32f4xx_dma2d.o ABSOLUTE
    ..\\..\\Libraries\\STM32F4xx_StdPeriph_Driver\\src\\stm32f4xx_exti.c 0x00000000   Number         0  stm32f4xx_exti.o ABSOLUTE
    ..\\..\\Libraries\\STM32F4xx_StdPeriph_Driver\\src\\stm32f4xx_flash.c 0x00000000   Number         0  stm32f4xx_flash.o ABSOLUTE
    ..\\..\\Libraries\\STM32F4xx_StdPeriph_Driver\\src\\stm32f4xx_flash_ramfunc.c 0x00000000   Number         0  stm32f4xx_flash_ramfunc.o ABSOLUTE
    ..\\..\\Libraries\\STM32F4xx_StdPeriph_Driver\\src\\stm32f4xx_fmc.c 0x00000000   Number         0  stm32f4xx_fmc.o ABSOLUTE
    ..\\..\\Libraries\\STM32F4xx_StdPeriph_Driver\\src\\stm32f4xx_fmpi2c.c 0x00000000   Number         0  stm32f4xx_fmpi2c.o ABSOLUTE
    ..\\..\\Libraries\\STM32F4xx_StdPeriph_Driver\\src\\stm32f4xx_gpio.c 0x00000000   Number         0  stm32f4xx_gpio.o ABSOLUTE
    ..\\..\\Libraries\\STM32F4xx_StdPeriph_Driver\\src\\stm32f4xx_hash.c 0x00000000   Number         0  stm32f4xx_hash.o ABSOLUTE
    ..\\..\\Libraries\\STM32F4xx_StdPeriph_Driver\\src\\stm32f4xx_hash_md5.c 0x00000000   Number         0  stm32f4xx_hash_md5.o ABSOLUTE
    ..\\..\\Libraries\\STM32F4xx_StdPeriph_Driver\\src\\stm32f4xx_hash_sha1.c 0x00000000   Number         0  stm32f4xx_hash_sha1.o ABSOLUTE
    ..\\..\\Libraries\\STM32F4xx_StdPeriph_Driver\\src\\stm32f4xx_i2c.c 0x00000000   Number         0  stm32f4xx_i2c.o ABSOLUTE
    ..\\..\\Libraries\\STM32F4xx_StdPeriph_Driver\\src\\stm32f4xx_iwdg.c 0x00000000   Number         0  stm32f4xx_iwdg.o ABSOLUTE
    ..\\..\\Libraries\\STM32F4xx_StdPeriph_Driver\\src\\stm32f4xx_ltdc.c 0x00000000   Number         0  stm32f4xx_ltdc.o ABSOLUTE
    ..\\..\\Libraries\\STM32F4xx_StdPeriph_Driver\\src\\stm32f4xx_pwr.c 0x00000000   Number         0  stm32f4xx_pwr.o ABSOLUTE
    ..\\..\\Libraries\\STM32F4xx_StdPeriph_Driver\\src\\stm32f4xx_qspi.c 0x00000000   Number         0  stm32f4xx_qspi.o ABSOLUTE
    ..\\..\\Libraries\\STM32F4xx_StdPeriph_Driver\\src\\stm32f4xx_rcc.c 0x00000000   Number         0  stm32f4xx_rcc.o ABSOLUTE
    ..\\..\\Libraries\\STM32F4xx_StdPeriph_Driver\\src\\stm32f4xx_rng.c 0x00000000   Number         0  stm32f4xx_rng.o ABSOLUTE
    ..\\..\\Libraries\\STM32F4xx_StdPeriph_Driver\\src\\stm32f4xx_rtc.c 0x00000000   Number         0  stm32f4xx_rtc.o ABSOLUTE
    ..\\..\\Libraries\\STM32F4xx_StdPeriph_Driver\\src\\stm32f4xx_sai.c 0x00000000   Number         0  stm32f4xx_sai.o ABSOLUTE
    ..\\..\\Libraries\\STM32F4xx_StdPeriph_Driver\\src\\stm32f4xx_sdio.c 0x00000000   Number         0  stm32f4xx_sdio.o ABSOLUTE
    ..\\..\\Libraries\\STM32F4xx_StdPeriph_Driver\\src\\stm32f4xx_spdifrx.c 0x00000000   Number         0  stm32f4xx_spdifrx.o ABSOLUTE
    ..\\..\\Libraries\\STM32F4xx_StdPeriph_Driver\\src\\stm32f4xx_spi.c 0x00000000   Number         0  stm32f4xx_spi.o ABSOLUTE
    ..\\..\\Libraries\\STM32F4xx_StdPeriph_Driver\\src\\stm32f4xx_syscfg.c 0x00000000   Number         0  stm32f4xx_syscfg.o ABSOLUTE
    ..\\..\\Libraries\\STM32F4xx_StdPeriph_Driver\\src\\stm32f4xx_tim.c 0x00000000   Number         0  stm32f4xx_tim.o ABSOLUTE
    ..\\..\\Libraries\\STM32F4xx_StdPeriph_Driver\\src\\stm32f4xx_usart.c 0x00000000   Number         0  stm32f4xx_usart.o ABSOLUTE
    ..\\..\\Libraries\\STM32F4xx_StdPeriph_Driver\\src\\stm32f4xx_wwdg.c 0x00000000   Number         0  stm32f4xx_wwdg.o ABSOLUTE
    ..\\..\\User\\board.c                    0x00000000   Number         0  board.o ABSOLUTE
    ..\\..\\User\\key\\bsp_key.c             0x00000000   Number         0  bsp_key.o ABSOLUTE
    ..\\..\\User\\led\\bsp_led.c             0x00000000   Number         0  bsp_led.o ABSOLUTE
    ..\\..\\User\\main.c                     0x00000000   Number         0  main.o ABSOLUTE
    ..\\..\\User\\stm32f4xx_it.c             0x00000000   Number         0  stm32f4xx_it.o ABSOLUTE
    ..\\..\\User\\usart\\bsp_debug_usart.c   0x00000000   Number         0  bsp_debug_usart.o ABSOLUTE
    dc.s                                     0x00000000   Number         0  dc.o ABSOLUTE
    handlers.s                               0x00000000   Number         0  handlers.o ABSOLUTE
    init.s                                   0x00000000   Number         0  init.o ABSOLUTE
    RESET                                    0x08000000   Section      428  startup_stm32f429_439xx.o(RESET)
    .ARM.Collect$$$$00000000                 0x080001ac   Section        0  entry.o(.ARM.Collect$$$$00000000)
    .ARM.Collect$$$$00000001                 0x080001ac   Section        4  entry2.o(.ARM.Collect$$$$00000001)
    .ARM.Collect$$$$00000004                 0x080001b0   Section        4  entry5.o(.ARM.Collect$$$$00000004)
    .ARM.Collect$$$$00000008                 0x080001b4   Section        0  entry7b.o(.ARM.Collect$$$$00000008)
    .ARM.Collect$$$$0000000A                 0x080001b4   Section        0  entry8b.o(.ARM.Collect$$$$0000000A)
    .ARM.Collect$$$$0000000B                 0x080001b4   Section        8  entry9a.o(.ARM.Collect$$$$0000000B)
    .ARM.Collect$$$$0000000D                 0x080001bc   Section        0  entry10a.o(.ARM.Collect$$$$0000000D)
    .ARM.Collect$$$$0000000F                 0x080001bc   Section        0  entry11a.o(.ARM.Collect$$$$0000000F)
    .ARM.Collect$$$$00002712                 0x080001bc   Section        4  entry2.o(.ARM.Collect$$$$00002712)
    __lit__00000000                          0x080001bc   Data           4  entry2.o(.ARM.Collect$$$$00002712)
    .text                                    0x080001c0   Section       36  startup_stm32f429_439xx.o(.text)
    .text                                    0x080001e4   Section      212  context_rvds.o(.text)
    .text                                    0x080002b8   Section       36  init.o(.text)
    i.$Sub$$main                             0x080002dc   Section        0  components.o(i.$Sub$$main)
    i.BusFault_Handler                       0x080002ea   Section        0  stm32f4xx_it.o(i.BusFault_Handler)
    i.DebugMon_Handler                       0x080002ec   Section        0  stm32f4xx_it.o(i.DebugMon_Handler)
    i.Debug_USART_Config                     0x080002f0   Section        0  bsp_debug_usart.o(i.Debug_USART_Config)
    i.GPIO_Init                              0x08000398   Section        0  stm32f4xx_gpio.o(i.GPIO_Init)
    i.GPIO_PinAFConfig                       0x08000414   Section        0  stm32f4xx_gpio.o(i.GPIO_PinAFConfig)
    i.GPIO_ReadInputDataBit                  0x08000434   Section        0  stm32f4xx_gpio.o(i.GPIO_ReadInputDataBit)
    i.Key_GPIO_Config                        0x08000444   Section        0  bsp_key.o(i.Key_GPIO_Config)
    i.Key_Scan                               0x0800047c   Section        0  bsp_key.o(i.Key_Scan)
    i.LED_GPIO_Config                        0x080004a4   Section        0  bsp_led.o(i.LED_GPIO_Config)
    i.MemManage_Handler                      0x08000500   Section        0  stm32f4xx_it.o(i.MemManage_Handler)
    i.NMI_Handler                            0x08000502   Section        0  stm32f4xx_it.o(i.NMI_Handler)
    i.NVIC_Configuration                     0x08000504   Section        0  bsp_debug_usart.o(i.NVIC_Configuration)
    NVIC_Configuration                       0x08000505   Thumb Code    38  bsp_debug_usart.o(i.NVIC_Configuration)
    i.NVIC_Init                              0x0800052c   Section        0  misc.o(i.NVIC_Init)
    i.NVIC_PriorityGroupConfig               0x08000594   Section        0  misc.o(i.NVIC_PriorityGroupConfig)
    i.RCC_AHB1PeriphClockCmd                 0x080005a8   Section        0  stm32f4xx_rcc.o(i.RCC_AHB1PeriphClockCmd)
    i.RCC_APB2PeriphClockCmd                 0x080005c4   Section        0  stm32f4xx_rcc.o(i.RCC_APB2PeriphClockCmd)
    i.RCC_GetClocksFreq                      0x080005e0   Section        0  stm32f4xx_rcc.o(i.RCC_GetClocksFreq)
    i.SVC_Handler                            0x08000684   Section        0  stm32f4xx_it.o(i.SVC_Handler)
    i.SetSysClock                            0x08000688   Section        0  system_stm32f4xx.o(i.SetSysClock)
    SetSysClock                              0x08000689   Thumb Code   196  system_stm32f4xx.o(i.SetSysClock)
    i.SysTick_Handler                        0x0800075c   Section        0  board.o(i.SysTick_Handler)
    i.SystemInit                             0x08000770   Section        0  system_stm32f4xx.o(i.SystemInit)
    i.USART_Cmd                              0x080007c0   Section        0  stm32f4xx_usart.o(i.USART_Cmd)
    i.USART_GetFlagStatus                    0x080007d8   Section        0  stm32f4xx_usart.o(i.USART_GetFlagStatus)
    i.USART_ITConfig                         0x080007e6   Section        0  stm32f4xx_usart.o(i.USART_ITConfig)
    i.USART_Init                             0x0800081c   Section        0  stm32f4xx_usart.o(i.USART_Init)
    i.USART_SendData                         0x080008d8   Section        0  stm32f4xx_usart.o(i.USART_SendData)
    i.UsageFault_Handler                     0x080008e0   Section        0  stm32f4xx_it.o(i.UsageFault_Handler)
    i.__rt_ffs                               0x080008e4   Section        0  kservice.o(i.__rt_ffs)
    i.__scatterload_copy                     0x0800092c   Section       14  handlers.o(i.__scatterload_copy)
    i.__scatterload_null                     0x0800093a   Section        2  handlers.o(i.__scatterload_null)
    i.__scatterload_zeroinit                 0x0800093c   Section       14  handlers.o(i.__scatterload_zeroinit)
    i._has_defunct_thread                    0x0800094c   Section        0  idle.o(i._has_defunct_thread)
    _has_defunct_thread                      0x0800094d   Thumb Code    16  idle.o(i._has_defunct_thread)
    i._rt_thread_init                        0x08000960   Section        0  thread.o(i._rt_thread_init)
    _rt_thread_init                          0x08000961   Thumb Code   122  thread.o(i._rt_thread_init)
    i._rt_timer_init                         0x08000a0c   Section        0  timer.o(i._rt_timer_init)
    _rt_timer_init                           0x08000a0d   Thumb Code    38  timer.o(i._rt_timer_init)
    i._rt_timer_remove                       0x08000a32   Section        0  timer.o(i._rt_timer_remove)
    _rt_timer_remove                         0x08000a33   Thumb Code    34  timer.o(i._rt_timer_remove)
    i.key_thread_entry                       0x08000a54   Section        0  main.o(i.key_thread_entry)
    key_thread_entry                         0x08000a55   Thumb Code   104  main.o(i.key_thread_entry)
    i.led1_thread_entry                      0x08000b58   Section        0  main.o(i.led1_thread_entry)
    led1_thread_entry                        0x08000b59   Thumb Code    42  main.o(i.led1_thread_entry)
    i.main                                   0x08000bc8   Section        0  main.o(i.main)
    i.main_thread_entry                      0x08000ca0   Section        0  components.o(i.main_thread_entry)
    i.plug_holes                             0x08000cb0   Section        0  mem.o(i.plug_holes)
    plug_holes                               0x08000cb1   Thumb Code   130  mem.o(i.plug_holes)
    i.print_number                           0x08000d98   Section        0  kservice.o(i.print_number)
    print_number                             0x08000d99   Thumb Code   292  kservice.o(i.print_number)
    i.rt_application_init                    0x08000ec0   Section        0  components.o(i.rt_application_init)
    i.rt_assert_handler                      0x08000f10   Section        0  kservice.o(i.rt_assert_handler)
    i.rt_components_board_init               0x08000f80   Section        0  components.o(i.rt_components_board_init)
    i.rt_components_init                     0x08000f9c   Section        0  components.o(i.rt_components_init)
    i.rt_enter_critical                      0x08000fb8   Section        0  scheduler.o(i.rt_enter_critical)
    i.rt_exit_critical                       0x08000fd4   Section        0  scheduler.o(i.rt_exit_critical)
    i.rt_free                                0x08001004   Section        0  mem.o(i.rt_free)
    i.rt_heap_begin_get                      0x080011c8   Section        0  board.o(i.rt_heap_begin_get)
    i.rt_heap_end_get                        0x080011d0   Section        0  board.o(i.rt_heap_end_get)
    i.rt_hw_board_init                       0x080011d8   Section        0  board.o(i.rt_hw_board_init)
    i.rt_hw_console_output                   0x08001230   Section        0  board.o(i.rt_hw_console_output)
    i.rt_hw_hard_fault_exception             0x0800127c   Section        0  cpuport.o(i.rt_hw_hard_fault_exception)
    i.rt_hw_stack_init                       0x08001380   Section        0  cpuport.o(i.rt_hw_stack_init)
    i.rt_interrupt_enter                     0x080013bc   Section        0  irq.o(i.rt_interrupt_enter)
    i.rt_interrupt_get_nest                  0x080013d8   Section        0  irq.o(i.rt_interrupt_get_nest)
    i.rt_interrupt_leave                     0x080013e4   Section        0  irq.o(i.rt_interrupt_leave)
    i.rt_ipc_list_suspend                    0x08001400   Section        0  ipc.o(i.rt_ipc_list_suspend)
    rt_ipc_list_suspend                      0x08001401   Thumb Code    92  ipc.o(i.rt_ipc_list_suspend)
    i.rt_kprintf                             0x0800145c   Section        0  kservice.o(i.rt_kprintf)
    i.rt_list_insert_after                   0x08001480   Section        0  object.o(i.rt_list_insert_after)
    rt_list_insert_after                     0x08001481   Thumb Code    14  object.o(i.rt_list_insert_after)
    i.rt_list_insert_after                   0x0800148e   Section        0  thread.o(i.rt_list_insert_after)
    rt_list_insert_after                     0x0800148f   Thumb Code    14  thread.o(i.rt_list_insert_after)
    i.rt_list_insert_after                   0x0800149c   Section        0  timer.o(i.rt_list_insert_after)
    rt_list_insert_after                     0x0800149d   Thumb Code    14  timer.o(i.rt_list_insert_after)
    i.rt_list_insert_before                  0x080014aa   Section        0  ipc.o(i.rt_list_insert_before)
    rt_list_insert_before                    0x080014ab   Thumb Code    14  ipc.o(i.rt_list_insert_before)
    i.rt_list_isempty                        0x080014b8   Section        0  ipc.o(i.rt_list_isempty)
    rt_list_isempty                          0x080014b9   Thumb Code    14  ipc.o(i.rt_list_isempty)
    i.rt_list_isempty                        0x080014c6   Section        0  timer.o(i.rt_list_isempty)
    rt_list_isempty                          0x080014c7   Thumb Code    14  timer.o(i.rt_list_isempty)
    i.rt_list_remove                         0x080014d4   Section        0  object.o(i.rt_list_remove)
    rt_list_remove                           0x080014d5   Thumb Code    18  object.o(i.rt_list_remove)
    i.rt_list_remove                         0x080014e6   Section        0  thread.o(i.rt_list_remove)
    rt_list_remove                           0x080014e7   Thumb Code    18  thread.o(i.rt_list_remove)
    i.rt_malloc                              0x080014f8   Section        0  mem.o(i.rt_malloc)
    i.rt_memset                              0x08001708   Section        0  kservice.o(i.rt_memset)
    i.rt_object_allocate                     0x08001750   Section        0  object.o(i.rt_object_allocate)
    i.rt_object_delete                       0x08001818   Section        0  object.o(i.rt_object_delete)
    i.rt_object_detach                       0x080018a0   Section        0  object.o(i.rt_object_detach)
    i.rt_object_get_information              0x080018e4   Section        0  object.o(i.rt_object_get_information)
    i.rt_object_init                         0x08001908   Section        0  object.o(i.rt_object_init)
    i.rt_object_is_systemobject              0x08001970   Section        0  object.o(i.rt_object_is_systemobject)
    i.rt_schedule                            0x080019ac   Section        0  scheduler.o(i.rt_schedule)
    i.rt_schedule_insert_thread              0x08001a20   Section        0  scheduler.o(i.rt_schedule_insert_thread)
    i.rt_schedule_remove_thread              0x08001a94   Section        0  scheduler.o(i.rt_schedule_remove_thread)
    i.rt_sem_init                            0x08001b10   Section        0  ipc.o(i.rt_sem_init)
    i.rt_sem_release                         0x08001b5c   Section        0  ipc.o(i.rt_sem_release)
    i.rt_sem_take                            0x08001b98   Section        0  ipc.o(i.rt_sem_take)
    i.rt_show_version                        0x08001ce0   Section        0  kservice.o(i.rt_show_version)
    i.rt_strlen                              0x08001d90   Section        0  kservice.o(i.rt_strlen)
    i.rt_strncpy                             0x08001da0   Section        0  kservice.o(i.rt_strncpy)
    i.rt_system_heap_init                    0x08001dc8   Section        0  mem.o(i.rt_system_heap_init)
    i.rt_system_scheduler_init               0x08001ed0   Section        0  scheduler.o(i.rt_system_scheduler_init)
    i.rt_system_scheduler_start              0x08001f04   Section        0  scheduler.o(i.rt_system_scheduler_start)
    i.rt_system_timer_init                   0x08001f2c   Section        0  timer.o(i.rt_system_timer_init)
    i.rt_system_timer_thread_init            0x08001f44   Section        0  timer.o(i.rt_system_timer_thread_init)
    i.rt_thread_create                       0x08001f46   Section        0  thread.o(i.rt_thread_create)
    i.rt_thread_delay                        0x08001f92   Section        0  thread.o(i.rt_thread_delay)
    i.rt_thread_exit                         0x08001f98   Section        0  thread.o(i.rt_thread_exit)
    i.rt_thread_idle_entry                   0x08001ff0   Section        0  idle.o(i.rt_thread_idle_entry)
    rt_thread_idle_entry                     0x08001ff1   Thumb Code     6  idle.o(i.rt_thread_idle_entry)
    i.rt_thread_idle_excute                  0x08001ff8   Section        0  idle.o(i.rt_thread_idle_excute)
    i.rt_thread_idle_init                    0x080020c8   Section        0  idle.o(i.rt_thread_idle_init)
    i.rt_thread_init                         0x08002108   Section        0  thread.o(i.rt_thread_init)
    i.rt_thread_resume                       0x0800218c   Section        0  thread.o(i.rt_thread_resume)
    i.rt_thread_self                         0x080021f0   Section        0  thread.o(i.rt_thread_self)
    i.rt_thread_sleep                        0x080021fc   Section        0  thread.o(i.rt_thread_sleep)
    i.rt_thread_startup                      0x08002264   Section        0  thread.o(i.rt_thread_startup)
    i.rt_thread_suspend                      0x08002304   Section        0  thread.o(i.rt_thread_suspend)
    i.rt_thread_timeout                      0x08002370   Section        0  thread.o(i.rt_thread_timeout)
    i.rt_thread_yield                        0x0800240c   Section        0  thread.o(i.rt_thread_yield)
    i.rt_tick_get                            0x0800246c   Section        0  clock.o(i.rt_tick_get)
    i.rt_tick_increase                       0x08002478   Section        0  clock.o(i.rt_tick_increase)
    i.rt_timer_check                         0x080024a4   Section        0  timer.o(i.rt_timer_check)
    i.rt_timer_control                       0x08002510   Section        0  timer.o(i.rt_timer_control)
    i.rt_timer_detach                        0x08002574   Section        0  timer.o(i.rt_timer_detach)
    i.rt_timer_init                          0x080025bc   Section        0  timer.o(i.rt_timer_init)
    i.rt_timer_start                         0x08002610   Section        0  timer.o(i.rt_timer_start)
    i.rt_timer_stop                          0x08002744   Section        0  timer.o(i.rt_timer_stop)
    i.rt_vsnprintf                           0x0800279c   Section        0  kservice.o(i.rt_vsnprintf)
    i.rti_board_end                          0x08002a2c   Section        0  components.o(i.rti_board_end)
    rti_board_end                            0x08002a2d   Thumb Code     4  components.o(i.rti_board_end)
    i.rti_board_start                        0x08002a30   Section        0  components.o(i.rti_board_start)
    rti_board_start                          0x08002a31   Thumb Code     4  components.o(i.rti_board_start)
    i.rti_end                                0x08002a34   Section        0  components.o(i.rti_end)
    rti_end                                  0x08002a35   Thumb Code     4  components.o(i.rti_end)
    i.rti_start                              0x08002a38   Section        0  components.o(i.rti_start)
    rti_start                                0x08002a39   Thumb Code     4  components.o(i.rti_start)
    i.rtthread_startup                       0x08002a3c   Section        0  components.o(i.rtthread_startup)
    i.skip_atoi                              0x08002a66   Section        0  kservice.o(i.skip_atoi)
    skip_atoi                                0x08002a67   Thumb Code    40  kservice.o(i.skip_atoi)
    .constdata                               0x08002a8e   Section       20  components.o(.constdata)
    __FUNCTION__                             0x08002a8e   Data          20  components.o(.constdata)
    .constdata                               0x08002aa2   Section       22  idle.o(.constdata)
    __FUNCTION__                             0x08002aa2   Data          22  idle.o(.constdata)
    .constdata                               0x08002ab8   Section      172  ipc.o(.constdata)
    __FUNCTION__                             0x08002ab8   Data          12  ipc.o(.constdata)
    __FUNCTION__                             0x08002ac4   Data          14  ipc.o(.constdata)
    __FUNCTION__                             0x08002ad2   Data          14  ipc.o(.constdata)
    __FUNCTION__                             0x08002ae0   Data          14  ipc.o(.constdata)
    __FUNCTION__                             0x08002aee   Data          12  ipc.o(.constdata)
    __FUNCTION__                             0x08002afa   Data          15  ipc.o(.constdata)
    __FUNCTION__                             0x08002b09   Data          11  ipc.o(.constdata)
    __FUNCTION__                             0x08002b14   Data          13  ipc.o(.constdata)
    __FUNCTION__                             0x08002b21   Data          13  ipc.o(.constdata)
    __FUNCTION__                             0x08002b2e   Data          13  ipc.o(.constdata)
    __FUNCTION__                             0x08002b3b   Data          16  ipc.o(.constdata)
    __FUNCTION__                             0x08002b4b   Data          11  ipc.o(.constdata)
    __FUNCTION__                             0x08002b56   Data          14  ipc.o(.constdata)
    .constdata                               0x08002b64   Section      290  kservice.o(.constdata)
    small_digits                             0x08002c64   Data          17  kservice.o(.constdata)
    large_digits                             0x08002c75   Data          17  kservice.o(.constdata)
    .constdata                               0x08002c86   Section       70  mem.o(.constdata)
    __FUNCTION__                             0x08002c86   Data           8  mem.o(.constdata)
    __FUNCTION__                             0x08002c8e   Data          11  mem.o(.constdata)
    __FUNCTION__                             0x08002c99   Data          20  mem.o(.constdata)
    __FUNCTION__                             0x08002cad   Data          10  mem.o(.constdata)
    __FUNCTION__                             0x08002cb7   Data          11  mem.o(.constdata)
    __FUNCTION__                             0x08002cc2   Data          10  mem.o(.constdata)
    .constdata                               0x08002ccc   Section      109  object.o(.constdata)
    __FUNCTION__                             0x08002ccc   Data          15  object.o(.constdata)
    __FUNCTION__                             0x08002cdb   Data          17  object.o(.constdata)
    __FUNCTION__                             0x08002cec   Data          19  object.o(.constdata)
    __FUNCTION__                             0x08002cff   Data          17  object.o(.constdata)
    __FUNCTION__                             0x08002d10   Data          26  object.o(.constdata)
    __FUNCTION__                             0x08002d2a   Data          15  object.o(.constdata)
    .constdata                               0x08002d39   Section       52  scheduler.o(.constdata)
    __FUNCTION__                             0x08002d39   Data          26  scheduler.o(.constdata)
    __FUNCTION__                             0x08002d53   Data          26  scheduler.o(.constdata)
    .constdata                               0x08002d6d   Section      185  thread.o(.constdata)
    __FUNCTION__                             0x08002d6d   Data          16  thread.o(.constdata)
    __FUNCTION__                             0x08002d7d   Data          15  thread.o(.constdata)
    __FUNCTION__                             0x08002d8c   Data          18  thread.o(.constdata)
    __FUNCTION__                             0x08002d9e   Data          17  thread.o(.constdata)
    __FUNCTION__                             0x08002daf   Data          17  thread.o(.constdata)
    __FUNCTION__                             0x08002dc0   Data          16  thread.o(.constdata)
    __FUNCTION__                             0x08002dd0   Data          18  thread.o(.constdata)
    __FUNCTION__                             0x08002de2   Data          18  thread.o(.constdata)
    __FUNCTION__                             0x08002df4   Data          17  thread.o(.constdata)
    __FUNCTION__                             0x08002e05   Data          18  thread.o(.constdata)
    __FUNCTION__                             0x08002e17   Data          15  thread.o(.constdata)
    .constdata                               0x08002e26   Section       92  timer.o(.constdata)
    __FUNCTION__                             0x08002e26   Data          14  timer.o(.constdata)
    __FUNCTION__                             0x08002e34   Data          16  timer.o(.constdata)
    __FUNCTION__                             0x08002e44   Data          16  timer.o(.constdata)
    __FUNCTION__                             0x08002e54   Data          15  timer.o(.constdata)
    __FUNCTION__                             0x08002e63   Data          14  timer.o(.constdata)
    __FUNCTION__                             0x08002e71   Data          17  timer.o(.constdata)
    .conststring                             0x08002e84   Section      237  mem.o(.conststring)
    .rti_fn.0                                0x08002f74   Section        4  components.o(.rti_fn.0)
    __tagsym$$used                           0x08002f74   Number         0  components.o(.rti_fn.0)
    .rti_fn.0.end                            0x08002f78   Section        4  components.o(.rti_fn.0.end)
    __tagsym$$used                           0x08002f78   Number         0  components.o(.rti_fn.0.end)
    .rti_fn.1.end                            0x08002f7c   Section        4  components.o(.rti_fn.1.end)
    __tagsym$$used                           0x08002f7c   Number         0  components.o(.rti_fn.1.end)
    .rti_fn.6.end                            0x08002f80   Section        4  components.o(.rti_fn.6.end)
    __tagsym$$used                           0x08002f80   Number         0  components.o(.rti_fn.6.end)
    .data                                    0x20000000   Section       20  system_stm32f4xx.o(.data)
    .data                                    0x20000014   Section       16  stm32f4xx_rcc.o(.data)
    APBAHBPrescTable                         0x20000014   Data          16  stm32f4xx_rcc.o(.data)
    .data                                    0x20000024   Section        8  main.o(.data)
    led1_thread                              0x20000024   Data           4  main.o(.data)
    key_thread                               0x20000028   Data           4  main.o(.data)
    .data                                    0x2000002c   Section        4  clock.o(.data)
    rt_tick                                  0x2000002c   Data           4  clock.o(.data)
    .data                                    0x20000030   Section        1  irq.o(.data)
    .data                                    0x20000034   Section        8  kservice.o(.data)
    __rt_errno                               0x20000034   Data           4  kservice.o(.data)
    .data                                    0x2000003c   Section       24  mem.o(.data)
    heap_ptr                                 0x2000003c   Data           4  mem.o(.data)
    heap_end                                 0x20000040   Data           4  mem.o(.data)
    lfree                                    0x20000044   Data           4  mem.o(.data)
    mem_size_aligned                         0x20000048   Data           4  mem.o(.data)
    used_mem                                 0x2000004c   Data           4  mem.o(.data)
    max_mem                                  0x20000050   Data           4  mem.o(.data)
    .data                                    0x20000054   Section       64  object.o(.data)
    rt_object_container                      0x20000054   Data          64  object.o(.data)
    .data                                    0x20000094   Section       20  scheduler.o(.data)
    rt_scheduler_lock_nest                   0x20000096   Data           2  scheduler.o(.data)
    .data                                    0x200000a8   Section       12  timer.o(.data)
    random_nr                                0x200000a8   Data           4  timer.o(.data)
    rt_timer_list                            0x200000ac   Data           8  timer.o(.data)
    .data                                    0x200000b4   Section        4  cpuport.o(.data)
    rt_exception_hook                        0x200000b4   Data           4  cpuport.o(.data)
    .data                                    0x200000b8   Section        4  cpuport.o(.data)
    .data                                    0x200000bc   Section        4  cpuport.o(.data)
    .data                                    0x200000c0   Section        4  cpuport.o(.data)
    .bss                                     0x200000c4   Section     4096  board.o(.bss)
    rt_heap                                  0x200000c4   Data        4096  board.o(.bss)
    .bss                                     0x200010c4   Section      376  idle.o(.bss)
    idle                                     0x200010c4   Data         120  idle.o(.bss)
    rt_thread_stack                          0x2000113c   Data         256  idle.o(.bss)
    .bss                                     0x2000123c   Section      128  kservice.o(.bss)
    rt_log_buf                               0x2000123c   Data         128  kservice.o(.bss)
    .bss                                     0x200012bc   Section       32  mem.o(.bss)
    heap_sem                                 0x200012bc   Data          32  mem.o(.bss)
    .bss                                     0x200012dc   Section      256  scheduler.o(.bss)
    STACK                                    0x200013e0   Section     1024  startup_stm32f429_439xx.o(STACK)

    Global Symbols

    Symbol Name                              Value     Ov Type        Size  Object(Section)

    BuildAttributes$$THM_ISAv4$E$P$D$K$B$S$7EM$PE$A:L22UL41UL21$X:L11$S22US41US21$IEEE1$IW$USESV6$~STKCKD$USESV7$~SHL$OSPACE$EBA8$MICROLIB$REQ8$PRES8$EABIv2 0x00000000   Number         0  anon$$obj.o ABSOLUTE
    __ARM_use_no_argv                        0x00000000   Number         0  main.o ABSOLUTE
    __cpp_initialize__aeabi_                  - Undefined Weak Reference
    __cxa_finalize                            - Undefined Weak Reference
    __decompress                              - Undefined Weak Reference
    _clock_init                               - Undefined Weak Reference
    _microlib_exit                            - Undefined Weak Reference
    __Vectors_Size                           0x000001ac   Number         0  startup_stm32f429_439xx.o ABSOLUTE
    __Vectors                                0x08000000   Data           4  startup_stm32f429_439xx.o(RESET)
    __Vectors_End                            0x080001ac   Data           0  startup_stm32f429_439xx.o(RESET)
    __main                                   0x080001ad   Thumb Code     0  entry.o(.ARM.Collect$$$$00000000)
    _main_stk                                0x080001ad   Thumb Code     0  entry2.o(.ARM.Collect$$$$00000001)
    _main_scatterload                        0x080001b1   Thumb Code     0  entry5.o(.ARM.Collect$$$$00000004)
    __main_after_scatterload                 0x080001b5   Thumb Code     0  entry5.o(.ARM.Collect$$$$00000004)
    _main_clock                              0x080001b5   Thumb Code     0  entry7b.o(.ARM.Collect$$$$00000008)
    _main_cpp_init                           0x080001b5   Thumb Code     0  entry8b.o(.ARM.Collect$$$$0000000A)
    _main_init                               0x080001b5   Thumb Code     0  entry9a.o(.ARM.Collect$$$$0000000B)
    __rt_final_cpp                           0x080001bd   Thumb Code     0  entry10a.o(.ARM.Collect$$$$0000000D)
    __rt_final_exit                          0x080001bd   Thumb Code     0  entry11a.o(.ARM.Collect$$$$0000000F)
    Reset_Handler                            0x080001c1   Thumb Code     8  startup_stm32f429_439xx.o(.text)
    ADC_IRQHandler                           0x080001db   Thumb Code     0  startup_stm32f429_439xx.o(.text)
    CAN1_RX0_IRQHandler                      0x080001db   Thumb Code     0  startup_stm32f429_439xx.o(.text)
    CAN1_RX1_IRQHandler                      0x080001db   Thumb Code     0  startup_stm32f429_439xx.o(.text)
    CAN1_SCE_IRQHandler                      0x080001db   Thumb Code     0  startup_stm32f429_439xx.o(.text)
    CAN1_TX_IRQHandler                       0x080001db   Thumb Code     0  startup_stm32f429_439xx.o(.text)
    CAN2_RX0_IRQHandler                      0x080001db   Thumb Code     0  startup_stm32f429_439xx.o(.text)
    CAN2_RX1_IRQHandler                      0x080001db   Thumb Code     0  startup_stm32f429_439xx.o(.text)
    CAN2_SCE_IRQHandler                      0x080001db   Thumb Code     0  startup_stm32f429_439xx.o(.text)
    CAN2_TX_IRQHandler                       0x080001db   Thumb Code     0  startup_stm32f429_439xx.o(.text)
    CRYP_IRQHandler                          0x080001db   Thumb Code     0  startup_stm32f429_439xx.o(.text)
    DCMI_IRQHandler                          0x080001db   Thumb Code     0  startup_stm32f429_439xx.o(.text)
    DMA1_Stream0_IRQHandler                  0x080001db   Thumb Code     0  startup_stm32f429_439xx.o(.text)
    DMA1_Stream1_IRQHandler                  0x080001db   Thumb Code     0  startup_stm32f429_439xx.o(.text)
    DMA1_Stream2_IRQHandler                  0x080001db   Thumb Code     0  startup_stm32f429_439xx.o(.text)
    DMA1_Stream3_IRQHandler                  0x080001db   Thumb Code     0  startup_stm32f429_439xx.o(.text)
    DMA1_Stream4_IRQHandler                  0x080001db   Thumb Code     0  startup_stm32f429_439xx.o(.text)
    DMA1_Stream5_IRQHandler                  0x080001db   Thumb Code     0  startup_stm32f429_439xx.o(.text)
    DMA1_Stream6_IRQHandler                  0x080001db   Thumb Code     0  startup_stm32f429_439xx.o(.text)
    DMA1_Stream7_IRQHandler                  0x080001db   Thumb Code     0  startup_stm32f429_439xx.o(.text)
    DMA2D_IRQHandler                         0x080001db   Thumb Code     0  startup_stm32f429_439xx.o(.text)
    DMA2_Stream0_IRQHandler                  0x080001db   Thumb Code     0  startup_stm32f429_439xx.o(.text)
    DMA2_Stream1_IRQHandler                  0x080001db   Thumb Code     0  startup_stm32f429_439xx.o(.text)
    DMA2_Stream2_IRQHandler                  0x080001db   Thumb Code     0  startup_stm32f429_439xx.o(.text)
    DMA2_Stream3_IRQHandler                  0x080001db   Thumb Code     0  startup_stm32f429_439xx.o(.text)
    DMA2_Stream4_IRQHandler                  0x080001db   Thumb Code     0  startup_stm32f429_439xx.o(.text)
    DMA2_Stream5_IRQHandler                  0x080001db   Thumb Code     0  startup_stm32f429_439xx.o(.text)
    DMA2_Stream6_IRQHandler                  0x080001db   Thumb Code     0  startup_stm32f429_439xx.o(.text)
    DMA2_Stream7_IRQHandler                  0x080001db   Thumb Code     0  startup_stm32f429_439xx.o(.text)
    ETH_IRQHandler                           0x080001db   Thumb Code     0  startup_stm32f429_439xx.o(.text)
    ETH_WKUP_IRQHandler                      0x080001db   Thumb Code     0  startup_stm32f429_439xx.o(.text)
    EXTI0_IRQHandler                         0x080001db   Thumb Code     0  startup_stm32f429_439xx.o(.text)
    EXTI15_10_IRQHandler                     0x080001db   Thumb Code     0  startup_stm32f429_439xx.o(.text)
    EXTI1_IRQHandler                         0x080001db   Thumb Code     0  startup_stm32f429_439xx.o(.text)
    EXTI2_IRQHandler                         0x080001db   Thumb Code     0  startup_stm32f429_439xx.o(.text)
    EXTI3_IRQHandler                         0x080001db   Thumb Code     0  startup_stm32f429_439xx.o(.text)
    EXTI4_IRQHandler                         0x080001db   Thumb Code     0  startup_stm32f429_439xx.o(.text)
    EXTI9_5_IRQHandler                       0x080001db   Thumb Code     0  startup_stm32f429_439xx.o(.text)
    FLASH_IRQHandler                         0x080001db   Thumb Code     0  startup_stm32f429_439xx.o(.text)
    FMC_IRQHandler                           0x080001db   Thumb Code     0  startup_stm32f429_439xx.o(.text)
    FPU_IRQHandler                           0x080001db   Thumb Code     0  startup_stm32f429_439xx.o(.text)
    HASH_RNG_IRQHandler                      0x080001db   Thumb Code     0  startup_stm32f429_439xx.o(.text)
    I2C1_ER_IRQHandler                       0x080001db   Thumb Code     0  startup_stm32f429_439xx.o(.text)
    I2C1_EV_IRQHandler                       0x080001db   Thumb Code     0  startup_stm32f429_439xx.o(.text)
    I2C2_ER_IRQHandler                       0x080001db   Thumb Code     0  startup_stm32f429_439xx.o(.text)
    I2C2_EV_IRQHandler                       0x080001db   Thumb Code     0  startup_stm32f429_439xx.o(.text)
    I2C3_ER_IRQHandler                       0x080001db   Thumb Code     0  startup_stm32f429_439xx.o(.text)
    I2C3_EV_IRQHandler                       0x080001db   Thumb Code     0  startup_stm32f429_439xx.o(.text)
    LTDC_ER_IRQHandler                       0x080001db   Thumb Code     0  startup_stm32f429_439xx.o(.text)
    LTDC_IRQHandler                          0x080001db   Thumb Code     0  startup_stm32f429_439xx.o(.text)
    OTG_FS_IRQHandler                        0x080001db   Thumb Code     0  startup_stm32f429_439xx.o(.text)
    OTG_FS_WKUP_IRQHandler                   0x080001db   Thumb Code     0  startup_stm32f429_439xx.o(.text)
    OTG_HS_EP1_IN_IRQHandler                 0x080001db   Thumb Code     0  startup_stm32f429_439xx.o(.text)
    OTG_HS_EP1_OUT_IRQHandler                0x080001db   Thumb Code     0  startup_stm32f429_439xx.o(.text)
    OTG_HS_IRQHandler                        0x080001db   Thumb Code     0  startup_stm32f429_439xx.o(.text)
    OTG_HS_WKUP_IRQHandler                   0x080001db   Thumb Code     0  startup_stm32f429_439xx.o(.text)
    PVD_IRQHandler                           0x080001db   Thumb Code     0  startup_stm32f429_439xx.o(.text)
    RCC_IRQHandler                           0x080001db   Thumb Code     0  startup_stm32f429_439xx.o(.text)
    RTC_Alarm_IRQHandler                     0x080001db   Thumb Code     0  startup_stm32f429_439xx.o(.text)
    RTC_WKUP_IRQHandler                      0x080001db   Thumb Code     0  startup_stm32f429_439xx.o(.text)
    SAI1_IRQHandler                          0x080001db   Thumb Code     0  startup_stm32f429_439xx.o(.text)
    SDIO_IRQHandler                          0x080001db   Thumb Code     0  startup_stm32f429_439xx.o(.text)
    SPI1_IRQHandler                          0x080001db   Thumb Code     0  startup_stm32f429_439xx.o(.text)
    SPI2_IRQHandler                          0x080001db   Thumb Code     0  startup_stm32f429_439xx.o(.text)
    SPI3_IRQHandler                          0x080001db   Thumb Code     0  startup_stm32f429_439xx.o(.text)
    SPI4_IRQHandler                          0x080001db   Thumb Code     0  startup_stm32f429_439xx.o(.text)
    SPI5_IRQHandler                          0x080001db   Thumb Code     0  startup_stm32f429_439xx.o(.text)
    SPI6_IRQHandler                          0x080001db   Thumb Code     0  startup_stm32f429_439xx.o(.text)
    TAMP_STAMP_IRQHandler                    0x080001db   Thumb Code     0  startup_stm32f429_439xx.o(.text)
    TIM1_BRK_TIM9_IRQHandler                 0x080001db   Thumb Code     0  startup_stm32f429_439xx.o(.text)
    TIM1_CC_IRQHandler                       0x080001db   Thumb Code     0  startup_stm32f429_439xx.o(.text)
    TIM1_TRG_COM_TIM11_IRQHandler            0x080001db   Thumb Code     0  startup_stm32f429_439xx.o(.text)
    TIM1_UP_TIM10_IRQHandler                 0x080001db   Thumb Code     0  startup_stm32f429_439xx.o(.text)
    TIM2_IRQHandler                          0x080001db   Thumb Code     0  startup_stm32f429_439xx.o(.text)
    TIM3_IRQHandler                          0x080001db   Thumb Code     0  startup_stm32f429_439xx.o(.text)
    TIM4_IRQHandler                          0x080001db   Thumb Code     0  startup_stm32f429_439xx.o(.text)
    TIM5_IRQHandler                          0x080001db   Thumb Code     0  startup_stm32f429_439xx.o(.text)
    TIM6_DAC_IRQHandler                      0x080001db   Thumb Code     0  startup_stm32f429_439xx.o(.text)
    TIM7_IRQHandler                          0x080001db   Thumb Code     0  startup_stm32f429_439xx.o(.text)
    TIM8_BRK_TIM12_IRQHandler                0x080001db   Thumb Code     0  startup_stm32f429_439xx.o(.text)
    TIM8_CC_IRQHandler                       0x080001db   Thumb Code     0  startup_stm32f429_439xx.o(.text)
    TIM8_TRG_COM_TIM14_IRQHandler            0x080001db   Thumb Code     0  startup_stm32f429_439xx.o(.text)
    TIM8_UP_TIM13_IRQHandler                 0x080001db   Thumb Code     0  startup_stm32f429_439xx.o(.text)
    UART4_IRQHandler                         0x080001db   Thumb Code     0  startup_stm32f429_439xx.o(.text)
    UART5_IRQHandler                         0x080001db   Thumb Code     0  startup_stm32f429_439xx.o(.text)
    UART7_IRQHandler                         0x080001db   Thumb Code     0  startup_stm32f429_439xx.o(.text)
    UART8_IRQHandler                         0x080001db   Thumb Code     0  startup_stm32f429_439xx.o(.text)
    USART1_IRQHandler                        0x080001db   Thumb Code     0  startup_stm32f429_439xx.o(.text)
    USART2_IRQHandler                        0x080001db   Thumb Code     0  startup_stm32f429_439xx.o(.text)
    USART3_IRQHandler                        0x080001db   Thumb Code     0  startup_stm32f429_439xx.o(.text)
    USART6_IRQHandler                        0x080001db   Thumb Code     0  startup_stm32f429_439xx.o(.text)
    WWDG_IRQHandler                          0x080001db   Thumb Code     0  startup_stm32f429_439xx.o(.text)
    rt_hw_interrupt_disable                  0x080001e5   Thumb Code     8  context_rvds.o(.text)
    rt_hw_interrupt_enable                   0x080001ed   Thumb Code     6  context_rvds.o(.text)
    rt_hw_context_switch                     0x080001f3   Thumb Code    32  context_rvds.o(.text)
    rt_hw_context_switch_interrupt           0x080001f3   Thumb Code     0  context_rvds.o(.text)
    PendSV_Handler                           0x08000213   Thumb Code    60  context_rvds.o(.text)
    rt_hw_context_switch_to                  0x0800024f   Thumb Code    58  context_rvds.o(.text)
    rt_hw_interrupt_thread_switch            0x08000289   Thumb Code     2  context_rvds.o(.text)
    HardFault_Handler                        0x0800028b   Thumb Code    20  context_rvds.o(.text)
    __scatterload                            0x080002b9   Thumb Code    28  init.o(.text)
    __scatterload_rt2                        0x080002b9   Thumb Code     0  init.o(.text)
    main                                     0x080002dd   Thumb Code    14  components.o(i.$Sub$$main)
    BusFault_Handler                         0x080002eb   Thumb Code     2  stm32f4xx_it.o(i.BusFault_Handler)
    DebugMon_Handler                         0x080002ed   Thumb Code     2  stm32f4xx_it.o(i.DebugMon_Handler)
    Debug_USART_Config                       0x080002f1   Thumb Code   158  bsp_debug_usart.o(i.Debug_USART_Config)
    GPIO_Init                                0x08000399   Thumb Code   124  stm32f4xx_gpio.o(i.GPIO_Init)
    GPIO_PinAFConfig                         0x08000415   Thumb Code    32  stm32f4xx_gpio.o(i.GPIO_PinAFConfig)
    GPIO_ReadInputDataBit                    0x08000435   Thumb Code    14  stm32f4xx_gpio.o(i.GPIO_ReadInputDataBit)
    Key_GPIO_Config                          0x08000445   Thumb Code    48  bsp_key.o(i.Key_GPIO_Config)
    Key_Scan                                 0x0800047d   Thumb Code    38  bsp_key.o(i.Key_Scan)
    LED_GPIO_Config                          0x080004a5   Thumb Code    86  bsp_led.o(i.LED_GPIO_Config)
    MemManage_Handler                        0x08000501   Thumb Code     2  stm32f4xx_it.o(i.MemManage_Handler)
    NMI_Handler                              0x08000503   Thumb Code     2  stm32f4xx_it.o(i.NMI_Handler)
    NVIC_Init                                0x0800052d   Thumb Code    98  misc.o(i.NVIC_Init)
    NVIC_PriorityGroupConfig                 0x08000595   Thumb Code    10  misc.o(i.NVIC_PriorityGroupConfig)
    RCC_AHB1PeriphClockCmd                   0x080005a9   Thumb Code    22  stm32f4xx_rcc.o(i.RCC_AHB1PeriphClockCmd)
    RCC_APB2PeriphClockCmd                   0x080005c5   Thumb Code    22  stm32f4xx_rcc.o(i.RCC_APB2PeriphClockCmd)
    RCC_GetClocksFreq                        0x080005e1   Thumb Code   148  stm32f4xx_rcc.o(i.RCC_GetClocksFreq)
    SVC_Handler                              0x08000685   Thumb Code     2  stm32f4xx_it.o(i.SVC_Handler)
    SysTick_Handler                          0x0800075d   Thumb Code    18  board.o(i.SysTick_Handler)
    SystemInit                               0x08000771   Thumb Code    62  system_stm32f4xx.o(i.SystemInit)
    USART_Cmd                                0x080007c1   Thumb Code    24  stm32f4xx_usart.o(i.USART_Cmd)
    USART_GetFlagStatus                      0x080007d9   Thumb Code    14  stm32f4xx_usart.o(i.USART_GetFlagStatus)
    USART_ITConfig                           0x080007e7   Thumb Code    54  stm32f4xx_usart.o(i.USART_ITConfig)
    USART_Init                               0x0800081d   Thumb Code   180  stm32f4xx_usart.o(i.USART_Init)
    USART_SendData                           0x080008d9   Thumb Code     8  stm32f4xx_usart.o(i.USART_SendData)
    UsageFault_Handler                       0x080008e1   Thumb Code     2  stm32f4xx_it.o(i.UsageFault_Handler)
    __rt_ffs                                 0x080008e5   Thumb Code    66  kservice.o(i.__rt_ffs)
    __scatterload_copy                       0x0800092d   Thumb Code    14  handlers.o(i.__scatterload_copy)
    __scatterload_null                       0x0800093b   Thumb Code     2  handlers.o(i.__scatterload_null)
    __scatterload_zeroinit                   0x0800093d   Thumb Code    14  handlers.o(i.__scatterload_zeroinit)
    $Super$$main                             0x08000bc9   Thumb Code    94  main.o(i.main)
    main_thread_entry                        0x08000ca1   Thumb Code    14  components.o(i.main_thread_entry)
    rt_application_init                      0x08000ec1   Thumb Code    48  components.o(i.rt_application_init)
    rt_assert_handler                        0x08000f11   Thumb Code    50  kservice.o(i.rt_assert_handler)
    rt_components_board_init                 0x08000f81   Thumb Code    20  components.o(i.rt_components_board_init)
    rt_components_init                       0x08000f9d   Thumb Code    20  components.o(i.rt_components_init)
    rt_enter_critical                        0x08000fb9   Thumb Code    22  scheduler.o(i.rt_enter_critical)
    rt_exit_critical                         0x08000fd5   Thumb Code    44  scheduler.o(i.rt_exit_critical)
    rt_free                                  0x08001005   Thumb Code   224  mem.o(i.rt_free)
    rt_heap_begin_get                        0x080011c9   Thumb Code     4  board.o(i.rt_heap_begin_get)
    rt_heap_end_get                          0x080011d1   Thumb Code     4  board.o(i.rt_heap_end_get)
    rt_hw_board_init                         0x080011d9   Thumb Code    78  board.o(i.rt_hw_board_init)
    rt_hw_console_output                     0x08001231   Thumb Code    72  board.o(i.rt_hw_console_output)
    rt_hw_hard_fault_exception               0x0800127d   Thumb Code   100  cpuport.o(i.rt_hw_hard_fault_exception)
    rt_hw_stack_init                         0x08001381   Thumb Code    56  cpuport.o(i.rt_hw_stack_init)
    rt_interrupt_enter                       0x080013bd   Thumb Code    22  irq.o(i.rt_interrupt_enter)
    rt_interrupt_get_nest                    0x080013d9   Thumb Code     6  irq.o(i.rt_interrupt_get_nest)
    rt_interrupt_leave                       0x080013e5   Thumb Code    22  irq.o(i.rt_interrupt_leave)
    rt_kprintf                               0x0800145d   Thumb Code    30  kservice.o(i.rt_kprintf)
    rt_malloc                                0x080014f9   Thumb Code   374  mem.o(i.rt_malloc)
    rt_memset                                0x08001709   Thumb Code    70  kservice.o(i.rt_memset)
    rt_object_allocate                       0x08001751   Thumb Code   126  object.o(i.rt_object_allocate)
    rt_object_delete                         0x08001819   Thumb Code    68  object.o(i.rt_object_delete)
    rt_object_detach                         0x080018a1   Thumb Code    44  object.o(i.rt_object_detach)
    rt_object_get_information                0x080018e5   Thumb Code    30  object.o(i.rt_object_get_information)
    rt_object_init                           0x08001909   Thumb Code    74  object.o(i.rt_object_init)
    rt_object_is_systemobject                0x08001971   Thumb Code    34  object.o(i.rt_object_is_systemobject)
    rt_schedule                              0x080019ad   Thumb Code   102  scheduler.o(i.rt_schedule)
    rt_schedule_insert_thread                0x08001a21   Thumb Code    84  scheduler.o(i.rt_schedule_insert_thread)
    rt_schedule_remove_thread                0x08001a95   Thumb Code    90  scheduler.o(i.rt_schedule_remove_thread)
    rt_sem_init                              0x08001b11   Thumb Code    54  ipc.o(i.rt_sem_init)
    rt_sem_release                           0x08001b5d   Thumb Code    60  ipc.o(i.rt_sem_release)
    rt_sem_take                              0x08001b99   Thumb Code   208  ipc.o(i.rt_sem_take)
    rt_show_version                          0x08001ce1   Thumb Code    40  kservice.o(i.rt_show_version)
    rt_strlen                                0x08001d91   Thumb Code    16  kservice.o(i.rt_strlen)
    rt_strncpy                               0x08001da1   Thumb Code    38  kservice.o(i.rt_strncpy)
    rt_system_heap_init                      0x08001dc9   Thumb Code   140  mem.o(i.rt_system_heap_init)
    rt_system_scheduler_init                 0x08001ed1   Thumb Code    44  scheduler.o(i.rt_system_scheduler_init)
    rt_system_scheduler_start                0x08001f05   Thumb Code    32  scheduler.o(i.rt_system_scheduler_start)
    rt_system_timer_init                     0x08001f2d   Thumb Code    20  timer.o(i.rt_system_timer_init)
    rt_system_timer_thread_init              0x08001f45   Thumb Code     2  timer.o(i.rt_system_timer_thread_init)
    rt_thread_create                         0x08001f47   Thumb Code    76  thread.o(i.rt_thread_create)
    rt_thread_delay                          0x08001f93   Thumb Code     4  thread.o(i.rt_thread_delay)
    rt_thread_exit                           0x08001f99   Thumb Code    78  thread.o(i.rt_thread_exit)
    rt_thread_idle_excute                    0x08001ff9   Thumb Code   154  idle.o(i.rt_thread_idle_excute)
    rt_thread_idle_init                      0x080020c9   Thumb Code    46  idle.o(i.rt_thread_idle_init)
    rt_thread_init                           0x08002109   Thumb Code    82  thread.o(i.rt_thread_init)
    rt_thread_resume                         0x0800218d   Thumb Code    76  thread.o(i.rt_thread_resume)
    rt_thread_self                           0x080021f1   Thumb Code     6  thread.o(i.rt_thread_self)
    rt_thread_sleep                          0x080021fd   Thumb Code    74  thread.o(i.rt_thread_sleep)
    rt_thread_startup                        0x08002265   Thumb Code    78  thread.o(i.rt_thread_startup)
    rt_thread_suspend                        0x08002305   Thumb Code    82  thread.o(i.rt_thread_suspend)
    rt_thread_timeout                        0x08002371   Thumb Code    72  thread.o(i.rt_thread_timeout)
    rt_thread_yield                          0x0800240d   Thumb Code    88  thread.o(i.rt_thread_yield)
    rt_tick_get                              0x0800246d   Thumb Code     6  clock.o(i.rt_tick_get)
    rt_tick_increase                         0x08002479   Thumb Code    38  clock.o(i.rt_tick_increase)
    rt_timer_check                           0x080024a5   Thumb Code   102  timer.o(i.rt_timer_check)
    rt_timer_control                         0x08002511   Thumb Code    74  timer.o(i.rt_timer_control)
    rt_timer_detach                          0x08002575   Thumb Code    46  timer.o(i.rt_timer_detach)
    rt_timer_init                            0x080025bd   Thumb Code    58  timer.o(i.rt_timer_init)
    rt_timer_start                           0x08002611   Thumb Code   244  timer.o(i.rt_timer_start)
    rt_timer_stop                            0x08002745   Thumb Code    62  timer.o(i.rt_timer_stop)
    rt_vsnprintf                             0x0800279d   Thumb Code   646  kservice.o(i.rt_vsnprintf)
    rtthread_startup                         0x08002a3d   Thumb Code    42  components.o(i.rtthread_startup)
    __lowest_bit_bitmap                      0x08002b64   Data         256  kservice.o(.constdata)
    __rt_init_rti_start                      0x08002f74   Data           4  components.o(.rti_fn.0)
    __rt_init_rti_board_start                0x08002f78   Data           4  components.o(.rti_fn.0.end)
    __rt_init_rti_board_end                  0x08002f7c   Data           4  components.o(.rti_fn.1.end)
    __rt_init_rti_end                        0x08002f80   Data           4  components.o(.rti_fn.6.end)
    Region$$Table$$Base                      0x08002f84   Number         0  anon$$obj.o(Region$$Table)
    Region$$Table$$Limit                     0x08002fa4   Number         0  anon$$obj.o(Region$$Table)
    SystemCoreClock                          0x20000000   Data           4  system_stm32f4xx.o(.data)
    AHBPrescTable                            0x20000004   Data          16  system_stm32f4xx.o(.data)
    rt_interrupt_nest                        0x20000030   Data           1  irq.o(.data)
    rt_assert_hook                           0x20000038   Data           4  kservice.o(.data)
    rt_current_priority                      0x20000094   Data           1  scheduler.o(.data)
    rt_current_thread                        0x20000098   Data           4  scheduler.o(.data)
    rt_thread_ready_priority_group           0x2000009c   Data           4  scheduler.o(.data)
    rt_thread_defunct                        0x200000a0   Data           8  scheduler.o(.data)
    rt_interrupt_from_thread                 0x200000b8   Data           4  cpuport.o(.data)
    rt_interrupt_to_thread                   0x200000bc   Data           4  cpuport.o(.data)
    rt_thread_switch_interrupt_flag          0x200000c0   Data           4  cpuport.o(.data)
    rt_thread_priority_table                 0x200012dc   Data         256  scheduler.o(.bss)
    __initial_sp                             0x200017e0   Data           0  startup_stm32f429_439xx.o(STACK)



==============================================================================

Memory Map of the image

  Image Entry point : 0x080001ad

  Load Region LR_IROM1 (Base: 0x08000000, Size: 0x00003068, Max: 0x00100000, ABSOLUTE)

    Execution Region ER_IROM1 (Exec base: 0x08000000, Load base: 0x08000000, Size: 0x00002fa4, Max: 0x00100000, ABSOLUTE)

    Exec Addr    Load Addr    Size         Type   Attr      Idx    E Section Name        Object

    0x08000000   0x08000000   0x000001ac   Data   RO            3    RESET               startup_stm32f429_439xx.o
    0x080001ac   0x080001ac   0x00000000   Code   RO         6650  * .ARM.Collect$$$$00000000  mc_w.l(entry.o)
    0x080001ac   0x080001ac   0x00000004   Code   RO         6653    .ARM.Collect$$$$00000001  mc_w.l(entry2.o)
    0x080001b0   0x080001b0   0x00000004   Code   RO         6656    .ARM.Collect$$$$00000004  mc_w.l(entry5.o)
    0x080001b4   0x080001b4   0x00000000   Code   RO         6658    .ARM.Collect$$$$00000008  mc_w.l(entry7b.o)
    0x080001b4   0x080001b4   0x00000000   Code   RO         6660    .ARM.Collect$$$$0000000A  mc_w.l(entry8b.o)
    0x080001b4   0x080001b4   0x00000008   Code   RO         6661    .ARM.Collect$$$$0000000B  mc_w.l(entry9a.o)
    0x080001bc   0x080001bc   0x00000000   Code   RO         6663    .ARM.Collect$$$$0000000D  mc_w.l(entry10a.o)
    0x080001bc   0x080001bc   0x00000000   Code   RO         6665    .ARM.Collect$$$$0000000F  mc_w.l(entry11a.o)
    0x080001bc   0x080001bc   0x00000004   Code   RO         6654    .ARM.Collect$$$$00002712  mc_w.l(entry2.o)
    0x080001c0   0x080001c0   0x00000024   Code   RO            4    .text               startup_stm32f429_439xx.o
    0x080001e4   0x080001e4   0x000000d4   Code   RO         6646    .text               context_rvds.o
    0x080002b8   0x080002b8   0x00000024   Code   RO         6667    .text               mc_w.l(init.o)
    0x080002dc   0x080002dc   0x0000000e   Code   RO         5717    i.$Sub$$main        components.o
    0x080002ea   0x080002ea   0x00000002   Code   RO         5375    i.BusFault_Handler  stm32f4xx_it.o
    0x080002ec   0x080002ec   0x00000002   Code   RO         5376    i.DebugMon_Handler  stm32f4xx_it.o
    0x080002ee   0x080002ee   0x00000002   PAD
    0x080002f0   0x080002f0   0x000000a8   Code   RO         5534    i.Debug_USART_Config  bsp_debug_usart.o
    0x08000398   0x08000398   0x0000007c   Code   RO         2046    i.GPIO_Init         stm32f4xx_gpio.o
    0x08000414   0x08000414   0x00000020   Code   RO         2047    i.GPIO_PinAFConfig  stm32f4xx_gpio.o
    0x08000434   0x08000434   0x0000000e   Code   RO         2050    i.GPIO_ReadInputDataBit  stm32f4xx_gpio.o
    0x08000442   0x08000442   0x00000002   PAD
    0x08000444   0x08000444   0x00000038   Code   RO         5601    i.Key_GPIO_Config   bsp_key.o
    0x0800047c   0x0800047c   0x00000026   Code   RO         5602    i.Key_Scan          bsp_key.o
    0x080004a2   0x080004a2   0x00000002   PAD
    0x080004a4   0x080004a4   0x0000005c   Code   RO         5450    i.LED_GPIO_Config   bsp_led.o
    0x08000500   0x08000500   0x00000002   Code   RO         5378    i.MemManage_Handler  stm32f4xx_it.o
    0x08000502   0x08000502   0x00000002   Code   RO         5379    i.NMI_Handler       stm32f4xx_it.o
    0x08000504   0x08000504   0x00000026   Code   RO         5535    i.NVIC_Configuration  bsp_debug_usart.o
    0x0800052a   0x0800052a   0x00000002   PAD
    0x0800052c   0x0800052c   0x00000068   Code   RO          164    i.NVIC_Init         misc.o
    0x08000594   0x08000594   0x00000014   Code   RO          165    i.NVIC_PriorityGroupConfig  misc.o
    0x080005a8   0x080005a8   0x0000001c   Code   RO         2960    i.RCC_AHB1PeriphClockCmd  stm32f4xx_rcc.o
    0x080005c4   0x080005c4   0x0000001c   Code   RO         2972    i.RCC_APB2PeriphClockCmd  stm32f4xx_rcc.o
    0x080005e0   0x080005e0   0x000000a4   Code   RO         2981    i.RCC_GetClocksFreq  stm32f4xx_rcc.o
    0x08000684   0x08000684   0x00000002   Code   RO         5381    i.SVC_Handler       stm32f4xx_it.o
    0x08000686   0x08000686   0x00000002   PAD
    0x08000688   0x08000688   0x000000d4   Code   RO           13    i.SetSysClock       system_stm32f4xx.o
    0x0800075c   0x0800075c   0x00000012   Code   RO         5477    i.SysTick_Handler   board.o
    0x0800076e   0x0800076e   0x00000002   PAD
    0x08000770   0x08000770   0x00000050   Code   RO           15    i.SystemInit        system_stm32f4xx.o
    0x080007c0   0x080007c0   0x00000018   Code   RO         4907    i.USART_Cmd         stm32f4xx_usart.o
    0x080007d8   0x080007d8   0x0000000e   Code   RO         4910    i.USART_GetFlagStatus  stm32f4xx_usart.o
    0x080007e6   0x080007e6   0x00000036   Code   RO         4913    i.USART_ITConfig    stm32f4xx_usart.o
    0x0800081c   0x0800081c   0x000000bc   Code   RO         4914    i.USART_Init        stm32f4xx_usart.o
    0x080008d8   0x080008d8   0x00000008   Code   RO         4924    i.USART_SendData    stm32f4xx_usart.o
    0x080008e0   0x080008e0   0x00000002   Code   RO         5383    i.UsageFault_Handler  stm32f4xx_it.o
    0x080008e2   0x080008e2   0x00000002   PAD
    0x080008e4   0x080008e4   0x00000048   Code   RO         5986    i.__rt_ffs          kservice.o
    0x0800092c   0x0800092c   0x0000000e   Code   RO         6671    i.__scatterload_copy  mc_w.l(handlers.o)
    0x0800093a   0x0800093a   0x00000002   Code   RO         6672    i.__scatterload_null  mc_w.l(handlers.o)
    0x0800093c   0x0800093c   0x0000000e   Code   RO         6673    i.__scatterload_zeroinit  mc_w.l(handlers.o)
    0x0800094a   0x0800094a   0x00000002   PAD
    0x0800094c   0x0800094c   0x00000014   Code   RO         5792    i._has_defunct_thread  idle.o
    0x08000960   0x08000960   0x000000ac   Code   RO         6390    i._rt_thread_init   thread.o
    0x08000a0c   0x08000a0c   0x00000026   Code   RO         6506    i._rt_timer_init    timer.o
    0x08000a32   0x08000a32   0x00000022   Code   RO         6507    i._rt_timer_remove  timer.o
    0x08000a54   0x08000a54   0x00000104   Code   RO         5161    i.key_thread_entry  main.o
    0x08000b58   0x08000b58   0x00000070   Code   RO         5162    i.led1_thread_entry  main.o
    0x08000bc8   0x08000bc8   0x000000d8   Code   RO         5163    i.main              main.o
    0x08000ca0   0x08000ca0   0x0000000e   Code   RO         5718    i.main_thread_entry  components.o
    0x08000cae   0x08000cae   0x00000002   PAD
    0x08000cb0   0x08000cb0   0x000000e8   Code   RO         6178    i.plug_holes        mem.o
    0x08000d98   0x08000d98   0x00000128   Code   RO         5988    i.print_number      kservice.o
    0x08000ec0   0x08000ec0   0x00000050   Code   RO         5719    i.rt_application_init  components.o
    0x08000f10   0x08000f10   0x00000070   Code   RO         5989    i.rt_assert_handler  kservice.o
    0x08000f80   0x08000f80   0x0000001c   Code   RO         5720    i.rt_components_board_init  components.o
    0x08000f9c   0x08000f9c   0x0000001c   Code   RO         5721    i.rt_components_init  components.o
    0x08000fb8   0x08000fb8   0x0000001c   Code   RO         6313    i.rt_enter_critical  scheduler.o
    0x08000fd4   0x08000fd4   0x00000030   Code   RO         6314    i.rt_exit_critical  scheduler.o
    0x08001004   0x08001004   0x000001c4   Code   RO         6180    i.rt_free           mem.o
    0x080011c8   0x080011c8   0x00000008   Code   RO         5478    i.rt_heap_begin_get  board.o
    0x080011d0   0x080011d0   0x00000008   Code   RO         5479    i.rt_heap_end_get   board.o
    0x080011d8   0x080011d8   0x00000058   Code   RO         5480    i.rt_hw_board_init  board.o
    0x08001230   0x08001230   0x0000004c   Code   RO         5481    i.rt_hw_console_output  board.o
    0x0800127c   0x0800127c   0x00000104   Code   RO         6611    i.rt_hw_hard_fault_exception  cpuport.o
    0x08001380   0x08001380   0x0000003c   Code   RO         6612    i.rt_hw_stack_init  cpuport.o
    0x080013bc   0x080013bc   0x0000001c   Code   RO         5959    i.rt_interrupt_enter  irq.o
    0x080013d8   0x080013d8   0x0000000c   Code   RO         5960    i.rt_interrupt_get_nest  irq.o
    0x080013e4   0x080013e4   0x0000001c   Code   RO         5961    i.rt_interrupt_leave  irq.o
    0x08001400   0x08001400   0x0000005c   Code   RO         5834    i.rt_ipc_list_suspend  ipc.o
    0x0800145c   0x0800145c   0x00000024   Code   RO         5994    i.rt_kprintf        kservice.o
    0x08001480   0x08001480   0x0000000e   Code   RO         6242    i.rt_list_insert_after  object.o
    0x0800148e   0x0800148e   0x0000000e   Code   RO         6391    i.rt_list_insert_after  thread.o
    0x0800149c   0x0800149c   0x0000000e   Code   RO         6508    i.rt_list_insert_after  timer.o
    0x080014aa   0x080014aa   0x0000000e   Code   RO         5835    i.rt_list_insert_before  ipc.o
    0x080014b8   0x080014b8   0x0000000e   Code   RO         5836    i.rt_list_isempty   ipc.o
    0x080014c6   0x080014c6   0x0000000e   Code   RO         6509    i.rt_list_isempty   timer.o
    0x080014d4   0x080014d4   0x00000012   Code   RO         6243    i.rt_list_remove    object.o
    0x080014e6   0x080014e6   0x00000012   Code   RO         6392    i.rt_list_remove    thread.o
    0x080014f8   0x080014f8   0x00000210   Code   RO         6181    i.rt_malloc         mem.o
    0x08001708   0x08001708   0x00000046   Code   RO         6000    i.rt_memset         kservice.o
    0x0800174e   0x0800174e   0x00000002   PAD
    0x08001750   0x08001750   0x000000c8   Code   RO         6244    i.rt_object_allocate  object.o
    0x08001818   0x08001818   0x00000088   Code   RO         6245    i.rt_object_delete  object.o
    0x080018a0   0x080018a0   0x00000044   Code   RO         6246    i.rt_object_detach  object.o
    0x080018e4   0x080018e4   0x00000024   Code   RO         6248    i.rt_object_get_information  object.o
    0x08001908   0x08001908   0x00000068   Code   RO         6249    i.rt_object_init    object.o
    0x08001970   0x08001970   0x0000003c   Code   RO         6250    i.rt_object_is_systemobject  object.o
    0x080019ac   0x080019ac   0x00000074   Code   RO         6315    i.rt_schedule       scheduler.o
    0x08001a20   0x08001a20   0x00000074   Code   RO         6316    i.rt_schedule_insert_thread  scheduler.o
    0x08001a94   0x08001a94   0x0000007c   Code   RO         6317    i.rt_schedule_remove_thread  scheduler.o
    0x08001b10   0x08001b10   0x0000004c   Code   RO         5849    i.rt_sem_init       ipc.o
    0x08001b5c   0x08001b5c   0x0000003c   Code   RO         5850    i.rt_sem_release    ipc.o
    0x08001b98   0x08001b98   0x00000148   Code   RO         5851    i.rt_sem_take       ipc.o
    0x08001ce0   0x08001ce0   0x000000b0   Code   RO         6002    i.rt_show_version   kservice.o
    0x08001d90   0x08001d90   0x00000010   Code   RO         6008    i.rt_strlen         kservice.o
    0x08001da0   0x08001da0   0x00000026   Code   RO         6010    i.rt_strncpy        kservice.o
    0x08001dc6   0x08001dc6   0x00000002   PAD
    0x08001dc8   0x08001dc8   0x00000108   Code   RO         6184    i.rt_system_heap_init  mem.o
    0x08001ed0   0x08001ed0   0x00000034   Code   RO         6318    i.rt_system_scheduler_init  scheduler.o
    0x08001f04   0x08001f04   0x00000028   Code   RO         6319    i.rt_system_scheduler_start  scheduler.o
    0x08001f2c   0x08001f2c   0x00000018   Code   RO         6510    i.rt_system_timer_init  timer.o
    0x08001f44   0x08001f44   0x00000002   Code   RO         6511    i.rt_system_timer_thread_init  timer.o
    0x08001f46   0x08001f46   0x0000004c   Code   RO         6394    i.rt_thread_create  thread.o
    0x08001f92   0x08001f92   0x00000004   Code   RO         6395    i.rt_thread_delay   thread.o
    0x08001f96   0x08001f96   0x00000002   PAD
    0x08001f98   0x08001f98   0x00000058   Code   RO         6398    i.rt_thread_exit    thread.o
    0x08001ff0   0x08001ff0   0x00000006   Code   RO         5793    i.rt_thread_idle_entry  idle.o
    0x08001ff6   0x08001ff6   0x00000002   PAD
    0x08001ff8   0x08001ff8   0x000000d0   Code   RO         5794    i.rt_thread_idle_excute  idle.o
    0x080020c8   0x080020c8   0x00000040   Code   RO         5796    i.rt_thread_idle_init  idle.o
    0x08002108   0x08002108   0x00000084   Code   RO         6400    i.rt_thread_init    thread.o
    0x0800218c   0x0800218c   0x00000064   Code   RO         6401    i.rt_thread_resume  thread.o
    0x080021f0   0x080021f0   0x0000000c   Code   RO         6402    i.rt_thread_self    thread.o
    0x080021fc   0x080021fc   0x00000068   Code   RO         6403    i.rt_thread_sleep   thread.o
    0x08002264   0x08002264   0x000000a0   Code   RO         6404    i.rt_thread_startup  thread.o
    0x08002304   0x08002304   0x0000006c   Code   RO         6405    i.rt_thread_suspend  thread.o
    0x08002370   0x08002370   0x0000009c   Code   RO         6406    i.rt_thread_timeout  thread.o
    0x0800240c   0x0800240c   0x00000060   Code   RO         6407    i.rt_thread_yield   thread.o
    0x0800246c   0x0800246c   0x0000000c   Code   RO         5635    i.rt_tick_get       clock.o
    0x08002478   0x08002478   0x0000002c   Code   RO         5636    i.rt_tick_increase  clock.o
    0x080024a4   0x080024a4   0x0000006c   Code   RO         6512    i.rt_timer_check    timer.o
    0x08002510   0x08002510   0x00000064   Code   RO         6513    i.rt_timer_control  timer.o
    0x08002574   0x08002574   0x00000048   Code   RO         6516    i.rt_timer_detach   timer.o
    0x080025bc   0x080025bc   0x00000054   Code   RO         6517    i.rt_timer_init     timer.o
    0x08002610   0x08002610   0x00000134   Code   RO         6520    i.rt_timer_start    timer.o
    0x08002744   0x08002744   0x00000058   Code   RO         6521    i.rt_timer_stop     timer.o
    0x0800279c   0x0800279c   0x00000290   Code   RO         6013    i.rt_vsnprintf      kservice.o
    0x08002a2c   0x08002a2c   0x00000004   Code   RO         5722    i.rti_board_end     components.o
    0x08002a30   0x08002a30   0x00000004   Code   RO         5723    i.rti_board_start   components.o
    0x08002a34   0x08002a34   0x00000004   Code   RO         5724    i.rti_end           components.o
    0x08002a38   0x08002a38   0x00000004   Code   RO         5725    i.rti_start         components.o
    0x08002a3c   0x08002a3c   0x0000002a   Code   RO         5726    i.rtthread_startup  components.o
    0x08002a66   0x08002a66   0x00000028   Code   RO         6015    i.skip_atoi         kservice.o
    0x08002a8e   0x08002a8e   0x00000014   Data   RO         5727    .constdata          components.o
    0x08002aa2   0x08002aa2   0x00000016   Data   RO         5798    .constdata          idle.o
    0x08002ab8   0x08002ab8   0x000000ac   Data   RO         5853    .constdata          ipc.o
    0x08002b64   0x08002b64   0x00000122   Data   RO         6017    .constdata          kservice.o
    0x08002c86   0x08002c86   0x00000046   Data   RO         6186    .constdata          mem.o
    0x08002ccc   0x08002ccc   0x0000006d   Data   RO         6252    .constdata          object.o
    0x08002d39   0x08002d39   0x00000034   Data   RO         6321    .constdata          scheduler.o
    0x08002d6d   0x08002d6d   0x000000b9   Data   RO         6408    .constdata          thread.o
    0x08002e26   0x08002e26   0x0000005c   Data   RO         6522    .constdata          timer.o
    0x08002e82   0x08002e82   0x00000002   PAD
    0x08002e84   0x08002e84   0x000000ed   Data   RO         6187    .conststring        mem.o
    0x08002f71   0x08002f71   0x00000003   PAD
    0x08002f74   0x08002f74   0x00000004   Data   RO         5728    .rti_fn.0           components.o
    0x08002f78   0x08002f78   0x00000004   Data   RO         5729    .rti_fn.0.end       components.o
    0x08002f7c   0x08002f7c   0x00000004   Data   RO         5730    .rti_fn.1.end       components.o
    0x08002f80   0x08002f80   0x00000004   Data   RO         5731    .rti_fn.6.end       components.o
    0x08002f84   0x08002f84   0x00000020   Data   RO         6669    Region$$Table       anon$$obj.o


    Execution Region RW_IRAM1 (Exec base: 0x20000000, Load base: 0x08002fa4, Size: 0x000017e0, Max: 0x00030000, ABSOLUTE)

    Exec Addr    Load Addr    Size         Type   Attr      Idx    E Section Name        Object

    0x20000000   0x08002fa4   0x00000014   Data   RW           16    .data               system_stm32f4xx.o
    0x20000014   0x08002fb8   0x00000010   Data   RW         3013    .data               stm32f4xx_rcc.o
    0x20000024   0x08002fc8   0x00000008   Data   RW         5164    .data               main.o
    0x2000002c   0x08002fd0   0x00000004   Data   RW         5638    .data               clock.o
    0x20000030   0x08002fd4   0x00000001   Data   RW         5962    .data               irq.o
    0x20000031   0x08002fd5   0x00000003   PAD
    0x20000034   0x08002fd8   0x00000008   Data   RW         6018    .data               kservice.o
    0x2000003c   0x08002fe0   0x00000018   Data   RW         6188    .data               mem.o
    0x20000054   0x08002ff8   0x00000040   Data   RW         6253    .data               object.o
    0x20000094   0x08003038   0x00000014   Data   RW         6322    .data               scheduler.o
    0x200000a8   0x0800304c   0x0000000c   Data   RW         6523    .data               timer.o
    0x200000b4   0x08003058   0x00000004   Data   RW         6614    .data               cpuport.o
    0x200000b8   0x0800305c   0x00000004   Data   RW         6615    .data               cpuport.o
    0x200000bc   0x08003060   0x00000004   Data   RW         6616    .data               cpuport.o
    0x200000c0   0x08003064   0x00000004   Data   RW         6617    .data               cpuport.o
    0x200000c4        -       0x00001000   Zero   RW         5482    .bss                board.o
    0x200010c4        -       0x00000178   Zero   RW         5797    .bss                idle.o
    0x2000123c        -       0x00000080   Zero   RW         6016    .bss                kservice.o
    0x200012bc        -       0x00000020   Zero   RW         6185    .bss                mem.o
    0x200012dc        -       0x00000100   Zero   RW         6320    .bss                scheduler.o
    0x200013dc   0x08003068   0x00000004   PAD
    0x200013e0        -       0x00000400   Zero   RW            1    STACK               startup_stm32f429_439xx.o


==============================================================================

Image component sizes


      Code (inc. data)   RO Data    RW Data    ZI Data      Debug   Object Name

       198         22          0          0       4096      29849   board.o
       206         10          0          0          0       1193   bsp_debug_usart.o
        94          8          0          0          0       1481   bsp_key.o
        92          6          0          0          0        570   bsp_led.o
        56         12          0          4          0       6229   clock.o
       222         48         36          0          0       6060   components.o
       212         26          0          0          0        808   context_rvds.o
       320        164          0         16          0       3290   cpuport.o
       298         76         22          0        376       5338   idle.o
       584        142        172          0          0      16143   ipc.o
        68         18          0          1          0       2178   irq.o
      1512        224        290          8        128      10499   kservice.o
       588        348          0          8          0     254159   main.o
      1476        608        307         24         32       6453   mem.o
       124         16          0          0          0       1787   misc.o
       636        228        109         64          0       9153   object.o
       524        106         52         20        256       8210   scheduler.o
        36          8        428          0       1024        948   startup_stm32f429_439xx.o
       170          0          0          0          0       2687   stm32f4xx_gpio.o
        12          0          0          0          0       2671   stm32f4xx_it.o
       220         28          0         16          0       4522   stm32f4xx_rcc.o
       288          8          0          0          0       4649   stm32f4xx_usart.o
       292         34          0         20          0     276741   system_stm32f4xx.o
      1240        370        185          0          0      15481   thread.o
       886        178         92         12          0      11586   timer.o

    ----------------------------------------------------------------------
     10378       2688       1730        196       5916     682685   Object Totals
         0          0         32          0          0          0   (incl. Generated)
        24          0          5          3          4          0   (incl. Padding)

    ----------------------------------------------------------------------

      Code (inc. data)   RO Data    RW Data    ZI Data      Debug   Library Member Name

         0          0          0          0          0          0   entry.o
         0          0          0          0          0          0   entry10a.o
         0          0          0          0          0          0   entry11a.o
         8          4          0          0          0          0   entry2.o
         4          0          0          0          0          0   entry5.o
         0          0          0          0          0          0   entry7b.o
         0          0          0          0          0          0   entry8b.o
         8          4          0          0          0          0   entry9a.o
        30          0          0          0          0          0   handlers.o
        36          8          0          0          0         68   init.o

    ----------------------------------------------------------------------
        88         16          0          0          0         68   Library Totals
         2          0          0          0          0          0   (incl. Padding)

    ----------------------------------------------------------------------

      Code (inc. data)   RO Data    RW Data    ZI Data      Debug   Library Name

        86         16          0          0          0         68   mc_w.l

    ----------------------------------------------------------------------
        88         16          0          0          0         68   Library Totals

    ----------------------------------------------------------------------

==============================================================================


      Code (inc. data)   RO Data    RW Data    ZI Data      Debug   

     10466       2704       1730        196       5916     677081   Grand Totals
     10466       2704       1730        196       5916     677081   ELF Image Totals
     10466       2704       1730        196          0          0   ROM Totals

==============================================================================

    Total RO  Size (Code + RO Data)                12196 (  11.91kB)
    Total RW  Size (RW Data + ZI Data)              6112 (   5.97kB)
    Total ROM Size (Code + RO Data + RW Data)      12392 (  12.10kB)

==============================================================================

